Saved path: toy_store, noodle_house, tech_shop, cafe, bookstore, dentist, craft_shop, music_store, gelateria, pharmacy, bakery, jewelry_store, bike_shop, hardware_store, gym : 55034
Saved path: pizzeria, dentist, cafe, bookstore, grocery_store, toy_store, gym, hardware_store, party_store, jewelry_store, bike_shop, music_store, bank, florist, craft_shop : 64897
Saved path: grocery_store, clothing_store, noodle_house, salon, barber_shop, jewelry_store, hardware_store, pharmacy, bank, gelateria, florist, pizzeria, cafe, burger_joint, bookstore : 67288
Saved path: barber_shop, bike_shop, party_store, gelateria, florist, pet_store, gym, burger_joint, bookstore, dentist, tech_shop, grocery_store, noodle_house, toy_store, salon : 60015
Saved path: jewelry_store, party_store, music_store, bank, gelateria, gym, hardware_store, burger_joint, cafe, grocery_store, noodle_house, toy_store, salon, barber_shop, bike_shop : 63696
Saved path: gelateria, music_store, jewelry_store, party_store, bike_shop, barber_shop, salon, grocery_store, tech_shop, burger_joint, bookstore, cafe, dentist, craft_shop, pet_store : 61580
Saved path: salon, toy_store, noodle_house, grocery_store, tech_shop, bookstore, dentist, craft_shop, pet_store, bank, florist, gym, bakery, bike_shop, barber_shop : 62721
Saved path: bakery, bike_shop, party_store, jewelry_store, salon, noodle_house, clothing_store, grocery_store, tech_shop, burger_joint, bookstore, dentist, florist, gym, hardware_store : 55050
Saved path: pizzeria, craft_shop, florist, gelateria, bike_shop, party_store, bakery, burger_joint, toy_store, salon, noodle_house, clothing_store, grocery_store, cafe, tech_shop : 51372
Saved path: craft_shop, pet_store, bank, pharmacy, bakery, hardware_store, gym, toy_store, noodle_house, clothing_store, grocery_store, bookstore, burger_joint, cafe, pizzeria : 53371
Saved path: jewelry_store, bike_shop, barber_shop, noodle_house, bookstore, cafe, burger_joint, hardware_store, gym, pizzeria, gelateria, bank, music_store, pharmacy, party_store : 70621
Saved path: salon, noodle_house, grocery_store, dentist, cafe, bookstore, burger_joint, gym, craft_shop, pet_store, florist, gelateria, pharmacy, bike_shop, barber_shop : 51648
Saved path: craft_shop, gym, pet_store, gelateria, pharmacy, party_store, bakery, barber_shop, salon, toy_store, noodle_house, clothing_store, grocery_store, bookstore, pizzeria : 57658
Saved path: bike_shop, jewelry_store, barber_shop, toy_store, clothing_store, pizzeria, dentist, bookstore, burger_joint, hardware_store, gym, craft_shop, gelateria, pharmacy, bakery : 61553
Saved path: pet_store, florist, gym, hardware_store, bakery, jewelry_store, barber_shop, salon, toy_store, noodle_house, grocery_store, bookstore, dentist, pizzeria, craft_shop : 60133
Saved path: party_store, hardware_store, salon, clothing_store, grocery_store, tech_shop, cafe, bookstore, burger_joint, gym, craft_shop, pet_store, gelateria, music_store, jewelry_store : 55962
Saved path: gym, florist, music_store, gelateria, pharmacy, bakery, jewelry_store, party_store, hardware_store, salon, toy_store, clothing_store, grocery_store, tech_shop, bookstore : 53429
Saved path: party_store, bike_shop, gym, florist, craft_shop, pizzeria, tech_shop, cafe, grocery_store, clothing_store, noodle_house, salon, toy_store, burger_joint, hardware_store : 52137
Saved path: florist, gelateria, music_store, bike_shop, barber_shop, toy_store, clothing_store, grocery_store, tech_shop, dentist, cafe, bookstore, hardware_store, gym, craft_shop : 52267
Saved path: grocery_store, toy_store, barber_shop, jewelry_store, bakery, pharmacy, gelateria, music_store, florist, pet_store, gym, burger_joint, cafe, pizzeria, tech_shop : 61853
Saved path: dentist, pizzeria, pet_store, florist, gelateria, pharmacy, bakery, party_store, bike_shop, barber_shop, salon, noodle_house, grocery_store, bookstore, cafe : 56659
Saved path: burger_joint, bookstore, cafe, tech_shop, pizzeria, craft_shop, florist, music_store, gelateria, pet_store, gym, bike_shop, jewelry_store, salon, noodle_house : 63198
Saved path: hardware_store, party_store, bike_shop, gelateria, pet_store, craft_shop, dentist, bookstore, cafe, tech_shop, grocery_store, clothing_store, noodle_house, salon, toy_store : 54200
Saved path: barber_shop, salon, toy_store, noodle_house, grocery_store, dentist, craft_shop, gym, hardware_store, gelateria, music_store, pharmacy, party_store, jewelry_store, bike_shop : 62128
Saved path: toy_store, salon, hardware_store, bike_shop, bakery, pharmacy, gelateria, bank, music_store, florist, dentist, bookstore, burger_joint, tech_shop, clothing_store : 56069
Saved path: burger_joint, cafe, tech_shop, clothing_store, barber_shop, bike_shop, jewelry_store, party_store, pharmacy, gelateria, bank, music_store, florist, pet_store, craft_shop : 65180
Saved path: toy_store, burger_joint, bookstore, cafe, clothing_store, tech_shop, pizzeria, craft_shop, florist, bank, pharmacy, bakery, party_store, bike_shop, barber_shop : 62400
Saved path: bike_shop, party_store, bakery, toy_store, clothing_store, tech_shop, burger_joint, bookstore, craft_shop, pet_store, florist, gelateria, bank, music_store, pharmacy : 56403
Saved path: noodle_house, clothing_store, grocery_store, tech_shop, cafe, dentist, pizzeria, pet_store, bank, gelateria, jewelry_store, party_store, hardware_store, burger_joint, bookstore : 63726
Saved path: burger_joint, hardware_store, bike_shop, bakery, pharmacy, bank, music_store, craft_shop, dentist, cafe, tech_shop, clothing_store, noodle_house, salon, toy_store : 55000
Saved path: barber_shop, salon, clothing_store, cafe, bookstore, burger_joint, gym, pet_store, bank, gelateria, pharmacy, bakery, party_store, jewelry_store, bike_shop : 63045
Saved path: noodle_house, toy_store, hardware_store, gym, burger_joint, bookstore, dentist, craft_shop, pet_store, florist, pharmacy, party_store, bike_shop, barber_shop, salon : 58343
Saved path: hardware_store, toy_store, barber_shop, bike_shop, jewelry_store, bakery, pharmacy, gelateria, pet_store, craft_shop, dentist, tech_shop, clothing_store, bookstore, burger_joint : 60358
Saved path: bookstore, cafe, dentist, pizzeria, florist, gelateria, music_store, party_store, jewelry_store, bike_shop, barber_shop, salon, noodle_house, hardware_store, burger_joint : 63322
Saved path: pet_store, gym, hardware_store, cafe, tech_shop, grocery_store, clothing_store, salon, barber_shop, bike_shop, party_store, jewelry_store, gelateria, bank, florist : 67016
Saved path: dentist, pizzeria, pet_store, gym, hardware_store, bike_shop, party_store, bakery, barber_shop, salon, toy_store, clothing_store, grocery_store, bookstore, cafe : 54529
Saved path: craft_shop, gym, hardware_store, bookstore, tech_shop, grocery_store, clothing_store, toy_store, salon, barber_shop, bakery, jewelry_store, bike_shop, gelateria, florist : 54075
Saved path: bike_shop, jewelry_store, party_store, hardware_store, gym, pet_store, gelateria, music_store, pizzeria, dentist, tech_shop, grocery_store, noodle_house, salon, barber_shop : 66268
Saved path: cafe, tech_shop, pizzeria, craft_shop, florist, bank, pharmacy, bike_shop, party_store, jewelry_store, salon, hardware_store, gym, burger_joint, bookstore : 67870
Saved path: gelateria, craft_shop, dentist, bookstore, burger_joint, cafe, tech_shop, clothing_store, noodle_house, toy_store, salon, barber_shop, jewelry_store, party_store, bakery : 56110
Saved path: pharmacy, music_store, bank, gelateria, pet_store, gym, hardware_store, cafe, dentist, tech_shop, grocery_store, salon, barber_shop, jewelry_store, bakery : 67744
Saved path: dentist, pizzeria, pet_store, florist, gelateria, bank, pharmacy, party_store, bike_shop, hardware_store, salon, noodle_house, grocery_store, burger_joint, cafe : 65367
Saved path: grocery_store, clothing_store, toy_store, barber_shop, bike_shop, music_store, bank, florist, craft_shop, gym, hardware_store, burger_joint, cafe, dentist, pizzeria : 61359
Saved path: toy_store, hardware_store, bike_shop, party_store, bakery, pharmacy, music_store, pet_store, dentist, cafe, tech_shop, grocery_store, clothing_store, noodle_house, salon : 54352
Saved path: tech_shop, noodle_house, toy_store, salon, barber_shop, party_store, bike_shop, gelateria, gym, hardware_store, burger_joint, bookstore, cafe, dentist, pizzeria : 60233
Saved path: clothing_store, toy_store, burger_joint, hardware_store, salon, barber_shop, bike_shop, jewelry_store, gelateria, bank, pet_store, craft_shop, dentist, tech_shop, grocery_store : 68448
Saved path: jewelry_store, bike_shop, barber_shop, salon, noodle_house, grocery_store, dentist, bookstore, gym, craft_shop, pet_store, florist, gelateria, pharmacy, party_store : 61927
Saved path: hardware_store, burger_joint, bookstore, cafe, grocery_store, clothing_store, pizzeria, craft_shop, pet_store, florist, gelateria, bank, music_store, bakery, party_store : 57997
Saved path: party_store, bakery, pharmacy, gelateria, pet_store, gym, burger_joint, bookstore, cafe, dentist, pizzeria, tech_shop, clothing_store, salon, jewelry_store : 60027
Saved path: barber_shop, party_store, pharmacy, bank, gelateria, florist, craft_shop, gym, hardware_store, burger_joint, bookstore, tech_shop, grocery_store, clothing_store, toy_store : 58046
Saved path: noodle_house, salon, barber_shop, bike_shop, jewelry_store, party_store, bank, pet_store, gym, craft_shop, pizzeria, tech_shop, cafe, bookstore, burger_joint : 71856
Saved path: bike_shop, bakery, pharmacy, music_store, craft_shop, gym, burger_joint, bookstore, dentist, tech_shop, grocery_store, noodle_house, salon, barber_shop, jewelry_store : 57989
Saved path: jewelry_store, bike_shop, music_store, bank, pizzeria, gym, hardware_store, burger_joint, bookstore, cafe, clothing_store, noodle_house, salon, barber_shop, bakery : 70407
Saved path: pizzeria, dentist, cafe, bookstore, burger_joint, gym, craft_shop, bank, pharmacy, bakery, jewelry_store, barber_shop, toy_store, clothing_store, tech_shop : 67780
Saved path: cafe, bookstore, burger_joint, hardware_store, gym, craft_shop, gelateria, bank, pharmacy, bakery, barber_shop, salon, noodle_house, grocery_store, dentist : 55312
Saved path: craft_shop, florist, gelateria, bank, party_store, barber_shop, salon, noodle_house, clothing_store, cafe, bookstore, burger_joint, hardware_store, gym, pizzeria : 65228
Saved path: pet_store, bank, music_store, pharmacy, party_store, bike_shop, barber_shop, hardware_store, toy_store, noodle_house, clothing_store, grocery_store, bookstore, dentist, craft_shop : 65479
Saved path: burger_joint, cafe, tech_shop, clothing_store, noodle_house, salon, barber_shop, bakery, party_store, bike_shop, music_store, gelateria, florist, gym, hardware_store : 51107
Saved path: gelateria, florist, pet_store, pizzeria, tech_shop, bookstore, burger_joint, salon, barber_shop, jewelry_store, bike_shop, bakery, pharmacy, music_store, bank : 68669
Saved path: bakery, bike_shop, toy_store, noodle_house, clothing_store, bookstore, burger_joint, cafe, dentist, pizzeria, pet_store, florist, bank, music_store, pharmacy : 57249
Saved path: burger_joint, toy_store, hardware_store, jewelry_store, bike_shop, bakery, music_store, bank, gelateria, florist, pizzeria, dentist, grocery_store, cafe, bookstore : 61596
Saved path: bakery, pharmacy, bank, craft_shop, gym, burger_joint, bookstore, dentist, tech_shop, grocery_store, noodle_house, toy_store, salon, jewelry_store, party_store : 66552
Saved path: dentist, pizzeria, tech_shop, grocery_store, salon, barber_shop, bakery, bike_shop, jewelry_store, music_store, bank, pet_store, gym, hardware_store, burger_joint : 71586
Saved path: craft_shop, dentist, cafe, burger_joint, tech_shop, grocery_store, clothing_store, noodle_house, salon, barber_shop, bike_shop, hardware_store, pharmacy, gelateria, florist : 48444
Saved path: cafe, clothing_store, noodle_house, burger_joint, gym, hardware_store, bakery, party_store, bike_shop, music_store, bank, gelateria, pet_store, craft_shop, pizzeria : 61339
Saved path: bank, music_store, jewelry_store, bakery, barber_shop, salon, toy_store, noodle_house, grocery_store, cafe, bookstore, burger_joint, hardware_store, gym, pet_store : 63284
Saved path: pet_store, gym, hardware_store, bike_shop, party_store, jewelry_store, salon, grocery_store, tech_shop, cafe, bookstore, dentist, pizzeria, florist, gelateria : 64366
Saved path: noodle_house, salon, jewelry_store, party_store, bike_shop, bakery, gym, pet_store, bank, music_store, florist, pizzeria, burger_joint, bookstore, clothing_store : 71406
Saved path: barber_shop, salon, toy_store, clothing_store, burger_joint, cafe, dentist, pizzeria, craft_shop, gym, music_store, gelateria, jewelry_store, party_store, bakery : 61704
Saved path: cafe, tech_shop, burger_joint, toy_store, barber_shop, bike_shop, jewelry_store, party_store, music_store, bank, gelateria, florist, pet_store, craft_shop, bookstore : 65973
Saved path: noodle_house, clothing_store, cafe, dentist, pizzeria, florist, music_store, bank, gelateria, pharmacy, bakery, party_store, bike_shop, hardware_store, gym : 59206
Saved path: music_store, gelateria, pet_store, pizzeria, gym, burger_joint, cafe, grocery_store, clothing_store, toy_store, barber_shop, jewelry_store, bike_shop, bakery, pharmacy : 62118
Saved path: craft_shop, music_store, gelateria, bike_shop, party_store, jewelry_store, barber_shop, noodle_house, toy_store, hardware_store, bookstore, cafe, tech_shop, dentist, pizzeria : 64107
Saved path: toy_store, hardware_store, bookstore, grocery_store, tech_shop, dentist, pet_store, gelateria, music_store, pharmacy, bakery, party_store, jewelry_store, barber_shop, salon : 62914
Saved path: hardware_store, salon, noodle_house, clothing_store, grocery_store, bookstore, burger_joint, tech_shop, pizzeria, craft_shop, pet_store, florist, bank, gelateria, bike_shop : 60586
Saved path: tech_shop, bookstore, cafe, dentist, pizzeria, craft_shop, florist, bike_shop, party_store, bakery, hardware_store, toy_store, salon, noodle_house, clothing_store : 52423
Saved path: jewelry_store, pharmacy, bank, gelateria, craft_shop, gym, hardware_store, bookstore, dentist, tech_shop, grocery_store, clothing_store, noodle_house, barber_shop, bike_shop : 67415
Saved path: bookstore, burger_joint, hardware_store, salon, barber_shop, party_store, bakery, pharmacy, bank, florist, pet_store, dentist, grocery_store, clothing_store, cafe : 65509
