Saved path: party_store, hardware_store, toy_store, noodle_house, clothing_store, grocery_store, bookstore, dentist, pizzeria, craft_shop, pet_store, bank, gelateria, florist, gym : 62937
Saved path: gym, hardware_store, party_store, pharmacy, music_store, bank, gelateria, florist, pet_store, craft_shop, dentist, cafe, grocery_store, clothing_store, noodle_house : 58727
Saved path: jewelry_store, gelateria, florist, pet_store, craft_shop, dentist, tech_shop, clothing_store, cafe, burger_joint, hardware_store, toy_store, salon, barber_shop, bakery : 59925
Saved path: salon, barber_shop, bike_shop, party_store, bank, florist, pet_store, gym, burger_joint, cafe, dentist, pizzeria, tech_shop, clothing_store, toy_store : 70285
Saved path: pizzeria, dentist, bookstore, tech_shop, noodle_house, salon, barber_shop, bike_shop, jewelry_store, party_store, bakery, pharmacy, bank, florist, pet_store : 72066
Saved path: burger_joint, bookstore, tech_shop, grocery_store, clothing_store, noodle_house, toy_store, hardware_store, party_store, jewelry_store, bike_shop, bakery, bank, florist, dentist : 62315
Saved path: barber_shop, salon, toy_store, burger_joint, cafe, clothing_store, grocery_store, tech_shop, pizzeria, pet_store, florist, gelateria, pharmacy, party_store, bakery : 54657
Saved path: salon, barber_shop, pharmacy, music_store, gelateria, pet_store, gym, hardware_store, bookstore, cafe, dentist, pizzeria, tech_shop, grocery_store, clothing_store : 52775
Saved path: pharmacy, bakery, jewelry_store, bike_shop, barber_shop, toy_store, noodle_house, clothing_store, tech_shop, dentist, craft_shop, gym, pet_store, florist, bank : 69383
Saved path: party_store, bike_shop, hardware_store, burger_joint, bookstore, cafe, dentist, pizzeria, tech_shop, noodle_house, toy_store, gym, pet_store, gelateria, pharmacy : 55757
Saved path: pet_store, bank, gelateria, florist, gym, hardware_store, party_store, jewelry_store, barber_shop, toy_store, burger_joint, bookstore, dentist, pizzeria, craft_shop : 70594
Saved path: pizzeria, craft_shop, music_store, bank, gelateria, bakery, bike_shop, jewelry_store, salon, clothing_store, grocery_store, bookstore, burger_joint, cafe, tech_shop : 64248
Saved path: florist, pet_store, pizzeria, dentist, grocery_store, clothing_store, bookstore, burger_joint, hardware_store, toy_store, barber_shop, bakery, pharmacy, music_store, bank : 61627
Saved path: pharmacy, music_store, bank, gelateria, pet_store, craft_shop, pizzeria, tech_shop, clothing_store, burger_joint, toy_store, barber_shop, bike_shop, party_store, bakery : 63742
Saved path: barber_shop, hardware_store, bakery, party_store, bike_shop, music_store, bank, gelateria, pet_store, pizzeria, cafe, grocery_store, clothing_store, noodle_house, salon : 66033
Saved path: dentist, cafe, clothing_store, noodle_house, salon, barber_shop, bakery, bike_shop, jewelry_store, party_store, hardware_store, gym, gelateria, florist, craft_shop : 57483
Saved path: pizzeria, craft_shop, gym, pet_store, bank, gelateria, pharmacy, jewelry_store, bike_shop, barber_shop, toy_store, clothing_store, bookstore, cafe, tech_shop : 69664
Saved path: jewelry_store, party_store, pharmacy, music_store, craft_shop, gym, burger_joint, bookstore, cafe, tech_shop, grocery_store, noodle_house, salon, barber_shop, bike_shop : 54023
Saved path: party_store, jewelry_store, barber_shop, salon, toy_store, noodle_house, grocery_store, tech_shop, bookstore, dentist, craft_shop, florist, gelateria, pharmacy, bakery : 54922
Saved path: barber_shop, salon, toy_store, noodle_house, grocery_store, tech_shop, dentist, bookstore, burger_joint, hardware_store, gelateria, music_store, pharmacy, bakery, bike_shop : 52343
Saved path: salon, burger_joint, bookstore, cafe, tech_shop, dentist, craft_shop, pet_store, bank, florist, gym, hardware_store, bakery, bike_shop, jewelry_store : 68875
Saved path: music_store, bank, gelateria, craft_shop, pizzeria, dentist, tech_shop, grocery_store, cafe, burger_joint, toy_store, salon, hardware_store, bakery, bike_shop : 57165
Saved path: bank, music_store, craft_shop, pizzeria, tech_shop, grocery_store, clothing_store, toy_store, burger_joint, hardware_store, salon, barber_shop, bakery, party_store, pharmacy : 62851
Saved path: burger_joint, toy_store, clothing_store, noodle_house, salon, jewelry_store, party_store, bike_shop, pharmacy, bank, craft_shop, pizzeria, tech_shop, cafe, bookstore : 66654
Saved path: florist, music_store, bakery, party_store, jewelry_store, barber_shop, noodle_house, clothing_store, grocery_store, tech_shop, cafe, burger_joint, hardware_store, craft_shop, pet_store : 55364
Saved path: grocery_store, tech_shop, cafe, burger_joint, bookstore, pet_store, florist, gelateria, bank, music_store, pharmacy, hardware_store, salon, noodle_house, clothing_store : 49783
Saved path: burger_joint, dentist, pizzeria, pet_store, florist, bank, music_store, pharmacy, bike_shop, barber_shop, salon, noodle_house, clothing_store, grocery_store, tech_shop : 61685
Saved path: music_store, pharmacy, party_store, jewelry_store, bike_shop, barber_shop, salon, toy_store, clothing_store, grocery_store, tech_shop, burger_joint, dentist, florist, gelateria : 58250
Saved path: pet_store, music_store, pharmacy, party_store, barber_shop, toy_store, noodle_house, tech_shop, pizzeria, dentist, cafe, bookstore, burger_joint, hardware_store, gym : 62125
Saved path: bookstore, cafe, tech_shop, pizzeria, craft_shop, pet_store, florist, music_store, bank, gelateria, bike_shop, bakery, salon, noodle_house, grocery_store : 59445
Saved path: bank, gelateria, bakery, barber_shop, salon, toy_store, noodle_house, clothing_store, grocery_store, tech_shop, cafe, bookstore, hardware_store, gym, florist : 51993
Saved path: bike_shop, barber_shop, toy_store, burger_joint, bookstore, cafe, grocery_store, pizzeria, craft_shop, pet_store, florist, bank, bakery, party_store, jewelry_store : 70261
Saved path: tech_shop, cafe, dentist, pizzeria, craft_shop, pet_store, gelateria, bank, music_store, florist, hardware_store, jewelry_store, barber_shop, salon, clothing_store : 70803
Saved path: barber_shop, bakery, party_store, jewelry_store, music_store, florist, pizzeria, dentist, burger_joint, cafe, tech_shop, clothing_store, noodle_house, toy_store, salon : 58137
Saved path: gym, hardware_store, jewelry_store, party_store, bakery, pharmacy, burger_joint, toy_store, salon, noodle_house, grocery_store, tech_shop, cafe, dentist, craft_shop : 49973
Saved path: dentist, craft_shop, pet_store, florist, bank, music_store, bike_shop, bakery, toy_store, salon, noodle_house, clothing_store, grocery_store, bookstore, burger_joint : 59223
Saved path: pizzeria, craft_shop, gelateria, pharmacy, jewelry_store, hardware_store, gym, toy_store, salon, noodle_house, clothing_store, grocery_store, bookstore, burger_joint, cafe : 56938
Saved path: grocery_store, clothing_store, salon, barber_shop, bike_shop, jewelry_store, party_store, bakery, gelateria, music_store, florist, pet_store, craft_shop, hardware_store, cafe : 59263
Saved path: barber_shop, toy_store, noodle_house, clothing_store, grocery_store, tech_shop, burger_joint, bookstore, cafe, dentist, pet_store, bank, pharmacy, jewelry_store, bike_shop : 66703
Saved path: burger_joint, toy_store, clothing_store, grocery_store, tech_shop, pizzeria, craft_shop, pet_store, gelateria, bank, music_store, pharmacy, bakery, bike_shop, jewelry_store : 59978
Saved path: jewelry_store, bakery, pharmacy, bank, gelateria, florist, craft_shop, dentist, bookstore, cafe, tech_shop, grocery_store, clothing_store, toy_store, hardware_store : 56656
Saved path: dentist, tech_shop, grocery_store, toy_store, burger_joint, hardware_store, bike_shop, jewelry_store, bakery, pharmacy, gelateria, bank, music_store, florist, pet_store : 62029
Saved path: tech_shop, noodle_house, toy_store, salon, barber_shop, bike_shop, jewelry_store, bakery, gelateria, music_store, florist, pet_store, craft_shop, burger_joint, cafe : 59020
Saved path: clothing_store, noodle_house, salon, hardware_store, party_store, jewelry_store, bike_shop, bakery, pharmacy, music_store, bank, pet_store, craft_shop, gym, toy_store : 61422
Saved path: noodle_house, toy_store, hardware_store, burger_joint, cafe, grocery_store, tech_shop, dentist, florist, music_store, gelateria, pharmacy, party_store, barber_shop, salon : 55707
Saved path: florist, gelateria, music_store, pharmacy, bakery, party_store, jewelry_store, barber_shop, salon, toy_store, burger_joint, bookstore, cafe, dentist, craft_shop : 54391
Saved path: bookstore, tech_shop, grocery_store, clothing_store, noodle_house, salon, hardware_store, party_store, pharmacy, gelateria, bank, florist, dentist, cafe, burger_joint : 58893
Saved path: burger_joint, bookstore, dentist, pizzeria, grocery_store, clothing_store, toy_store, salon, hardware_store, jewelry_store, bakery, pharmacy, gelateria, florist, gym : 57837
Saved path: hardware_store, burger_joint, noodle_house, clothing_store, grocery_store, cafe, pizzeria, craft_shop, pet_store, gelateria, bank, music_store, barber_shop, bike_shop, bakery : 60713
Saved path: bakery, pharmacy, gelateria, bank, pet_store, pizzeria, dentist, grocery_store, cafe, bookstore, gym, hardware_store, barber_shop, jewelry_store, party_store : 70161
Saved path: craft_shop, gelateria, pharmacy, bakery, jewelry_store, bike_shop, hardware_store, toy_store, salon, noodle_house, clothing_store, tech_shop, cafe, burger_joint, bookstore : 51225
Saved path: toy_store, barber_shop, pharmacy, gelateria, bank, florist, pet_store, craft_shop, dentist, clothing_store, grocery_store, cafe, bookstore, burger_joint, hardware_store : 57136
Saved path: craft_shop, dentist, bookstore, burger_joint, tech_shop, clothing_store, noodle_house, toy_store, hardware_store, party_store, jewelry_store, bike_shop, bakery, bank, gelateria : 62316
Saved path: gym, pet_store, florist, gelateria, pharmacy, bakery, jewelry_store, barber_shop, salon, clothing_store, pizzeria, dentist, cafe, burger_joint, hardware_store : 62204
Saved path: cafe, bookstore, pet_store, gelateria, bank, music_store, florist, hardware_store, bakery, bike_shop, jewelry_store, barber_shop, noodle_house, clothing_store, grocery_store : 64811
Saved path: bakery, party_store, jewelry_store, bike_shop, barber_shop, noodle_house, clothing_store, burger_joint, bookstore, tech_shop, pizzeria, pet_store, florist, music_store, bank : 70805
Saved path: bank, music_store, bike_shop, jewelry_store, party_store, hardware_store, gym, toy_store, noodle_house, clothing_store, tech_shop, dentist, pizzeria, pet_store, gelateria : 66939
Saved path: gelateria, craft_shop, pizzeria, tech_shop, cafe, noodle_house, toy_store, salon, barber_shop, bike_shop, party_store, bakery, pharmacy, music_store, bank : 61569
Saved path: clothing_store, noodle_house, toy_store, barber_shop, music_store, bank, bakery, jewelry_store, party_store, hardware_store, bookstore, dentist, pizzeria, tech_shop, grocery_store : 69964
Saved path: bakery, pharmacy, gelateria, hardware_store, burger_joint, bookstore, dentist, pizzeria, tech_shop, clothing_store, toy_store, salon, barber_shop, bike_shop, jewelry_store : 60534
Saved path: noodle_house, grocery_store, tech_shop, bookstore, dentist, pizzeria, craft_shop, florist, music_store, pharmacy, jewelry_store, bike_shop, gym, toy_store, salon : 59727
Saved path: toy_store, burger_joint, hardware_store, bike_shop, bakery, pharmacy, music_store, pet_store, pizzeria, dentist, cafe, tech_shop, clothing_store, noodle_house, salon : 52705
Saved path: burger_joint, bookstore, cafe, tech_shop, grocery_store, clothing_store, barber_shop, bakery, pharmacy, gelateria, florist, pet_store, craft_shop, gym, hardware_store : 44302
Saved path: florist, pet_store, craft_shop, pizzeria, dentist, grocery_store, clothing_store, noodle_house, toy_store, burger_joint, hardware_store, jewelry_store, barber_shop, pharmacy, bank : 70353
Saved path: noodle_house, toy_store, hardware_store, burger_joint, cafe, tech_shop, dentist, craft_shop, florist, music_store, bank, gelateria, party_store, bike_shop, barber_shop : 62946
Saved path: bike_shop, party_store, bakery, bank, music_store, florist, gym, pizzeria, dentist, cafe, bookstore, grocery_store, clothing_store, toy_store, barber_shop : 66045
Saved path: hardware_store, gym, pet_store, gelateria, pharmacy, jewelry_store, bike_shop, barber_shop, salon, toy_store, noodle_house, clothing_store, grocery_store, tech_shop, bookstore : 57128
Saved path: music_store, florist, pet_store, craft_shop, hardware_store, burger_joint, grocery_store, clothing_store, toy_store, barber_shop, bakery, party_store, bike_shop, gelateria, bank : 62020
Saved path: pharmacy, bakery, party_store, jewelry_store, bike_shop, barber_shop, salon, tech_shop, cafe, burger_joint, gym, craft_shop, pet_store, florist, music_store : 56848
Saved path: gelateria, bakery, bike_shop, party_store, hardware_store, salon, clothing_store, bookstore, tech_shop, pizzeria, craft_shop, pet_store, florist, music_store, bank : 65556
Saved path: pharmacy, gelateria, music_store, craft_shop, pizzeria, dentist, cafe, bookstore, noodle_house, burger_joint, gym, hardware_store, jewelry_store, bike_shop, bakery : 56375
Saved path: hardware_store, burger_joint, bookstore, clothing_store, tech_shop, dentist, pizzeria, pet_store, florist, music_store, pharmacy, bakery, jewelry_store, barber_shop, toy_store : 63612
Saved path: gym, craft_shop, florist, bank, music_store, party_store, bike_shop, barber_shop, noodle_house, clothing_store, grocery_store, dentist, bookstore, burger_joint, hardware_store : 63909
Saved path: pet_store, craft_shop, pizzeria, grocery_store, clothing_store, bookstore, burger_joint, hardware_store, party_store, jewelry_store, bike_shop, bakery, pharmacy, gelateria, bank : 61123
Saved path: tech_shop, grocery_store, toy_store, salon, party_store, bike_shop, music_store, bank, florist, craft_shop, gym, burger_joint, bookstore, dentist, pizzeria : 67295
Saved path: pharmacy, bakery, bike_shop, jewelry_store, party_store, hardware_store, salon, clothing_store, tech_shop, bookstore, dentist, craft_shop, pet_store, florist, music_store : 59313
Saved path: salon, noodle_house, clothing_store, grocery_store, tech_shop, bookstore, dentist, pizzeria, florist, gelateria, pharmacy, bakery, party_store, jewelry_store, barber_shop : 56008
Saved path: gym, hardware_store, burger_joint, bookstore, cafe, pizzeria, tech_shop, clothing_store, toy_store, barber_shop, bike_shop, jewelry_store, party_store, pharmacy, florist : 59555
Saved path: bank, gelateria, florist, pet_store, craft_shop, pizzeria, dentist, grocery_store, bookstore, burger_joint, toy_store, hardware_store, party_store, bakery, pharmacy : 60743
