2025-12-23 11:43:15,306 - distributed.nanny - INFO -         Start Nanny at: 'tcp://192.168.86.102:45311'
2025-12-23 11:43:17,167 - distributed.worker - INFO -       Start worker at: tcp://192.168.86.102:34706
2025-12-23 11:43:17,168 - distributed.worker - INFO -          Listening to: tcp://192.168.86.102:34706
2025-12-23 11:43:17,168 - distributed.worker - INFO -           Worker name:            SLURMCluster-47
2025-12-23 11:43:17,168 - distributed.worker - INFO -          dashboard at:       192.168.86.102:45890
2025-12-23 11:43:17,168 - distributed.worker - INFO - Waiting to connect to:   tcp://128.91.77.24:41939
2025-12-23 11:43:17,168 - distributed.worker - INFO - -------------------------------------------------
2025-12-23 11:43:17,168 - distributed.worker - INFO -               Threads:                          1
2025-12-23 11:43:17,168 - distributed.worker - INFO -                Memory:                   2.79 GiB
2025-12-23 11:43:17,168 - distributed.worker - INFO -       Local Directory: /home1/zrentala/dask-worker-space/dask-scratch-space/worker-kn9xc7g6
2025-12-23 11:43:17,169 - distributed.worker - INFO - -------------------------------------------------
2025-12-23 11:43:17,199 - distributed.worker - INFO - Starting Worker plugin shuffle
2025-12-23 11:43:17,199 - distributed.worker - INFO - Starting Worker plugin deliveryRoutes.pyac5540f7-4f01-408c-8ce5-27f614c4169d
2025-12-23 11:43:17,200 - distributed.worker - INFO - Starting Worker plugin deliveryRoutes.py8fa27c7d-c4df-4be8-bf25-d60d68e87440
2025-12-23 11:43:17,202 - distributed.utils - INFO - Reload module deliveryRoutes from .py file
2025-12-23 11:43:18,269 - distributed.utils - INFO - Reload module deliveryRoutes from .py file
2025-12-23 11:43:18,288 - distributed.worker - INFO -         Registered to:   tcp://128.91.77.24:41939
2025-12-23 11:43:18,288 - distributed.worker - INFO - -------------------------------------------------
2025-12-23 11:43:18,289 - distributed.core - INFO - Starting established connection to tcp://128.91.77.24:41939
2025-12-23 13:54:25,244 - distributed.core - INFO - Connection to tcp://128.91.77.24:41939 has been closed.
2025-12-23 13:54:25,250 - distributed.worker - INFO - Stopping worker at tcp://192.168.86.102:34706. Reason: worker-handle-scheduler-connection-broken
2025-12-23 13:54:25,292 - distributed.nanny - INFO - Closing Nanny gracefully at 'tcp://192.168.86.102:45311'. Reason: worker-handle-scheduler-connection-broken
2025-12-23 13:54:25,298 - distributed.worker.state_machine - WARNING - Async instruction for <Task cancelled name="execute('worker_generate_and_solve-80059755-6ab6-41e6-b3d7-85873e16250b')" coro=<Worker.execute() done, defined at /home1/zrentala/.conda/envs/zrentala/lib/python3.11/site-packages/distributed/worker_state_machine.py:3608>> ended with CancelledError
2025-12-23 13:54:25,404 - distributed.worker - INFO - Removing Worker plugin shuffle
2025-12-23 13:54:25,409 - distributed.worker - INFO - Removing Worker plugin deliveryRoutes.pyac5540f7-4f01-408c-8ce5-27f614c4169d
2025-12-23 13:54:25,415 - distributed.worker - INFO - Removing Worker plugin deliveryRoutes.py8fa27c7d-c4df-4be8-bf25-d60d68e87440
2025-12-23 13:54:25,467 - distributed.worker - ERROR - Failed to communicate with scheduler during heartbeat.
ConnectionRefusedError: [Errno 111] Connection refused

The above exception was the direct cause of the following exception:

Traceback (most recent call last):
  File "/home1/zrentala/.conda/envs/zrentala/lib/python3.11/site-packages/distributed/comm/core.py", line 342, in connect
    comm = await wait_for(
           ^^^^^^^^^^^^^^^
  File "/home1/zrentala/.conda/envs/zrentala/lib/python3.11/site-packages/distributed/utils.py", line 1928, in wait_for
    return await fut
           ^^^^^^^^^
  File "/home1/zrentala/.conda/envs/zrentala/lib/python3.11/site-packages/distributed/comm/tcp.py", line 560, in connect
    convert_stream_closed_error(self, e)
  File "/home1/zrentala/.conda/envs/zrentala/lib/python3.11/site-packages/distributed/comm/tcp.py", line 143, in convert_stream_closed_error
    raise CommClosedError(f"in {obj}: {exc.__class__.__name__}: {exc}") from exc
distributed.comm.core.CommClosedError: in <distributed.comm.tcp.TCPConnector object at 0x7f0614a3eb90>: ConnectionRefusedError: [Errno 111] Connection refused

During handling of the above exception, another exception occurred:

Traceback (most recent call last):
  File "/home1/zrentala/.conda/envs/zrentala/lib/python3.11/site-packages/distributed/core.py", line 1485, in connect
    return await self._connect(addr=addr, timeout=timeout)
           ^^^^^^^^^^^^^^^^^^^^^^^^^^^^^^^^^^^^^^^^^^^^^^^
  File "/home1/zrentala/.conda/envs/zrentala/lib/python3.11/site-packages/distributed/core.py", line 1429, in _connect
    comm = await connect(
           ^^^^^^^^^^^^^^
  File "/home1/zrentala/.conda/envs/zrentala/lib/python3.11/site-packages/distributed/comm/core.py", line 366, in connect
    await asyncio.sleep(backoff)
  File "/home1/zrentala/.conda/envs/zrentala/lib/python3.11/asyncio/tasks.py", line 649, in sleep
    return await future
           ^^^^^^^^^^^^
asyncio.exceptions.CancelledError

The above exception was the direct cause of the following exception:

Traceback (most recent call last):
  File "/home1/zrentala/.conda/envs/zrentala/lib/python3.11/site-packages/distributed/core.py", line 1476, in connect
    async with asyncio.timeout(math.inf) as scope:
  File "/home1/zrentala/.conda/envs/zrentala/lib/python3.11/asyncio/timeouts.py", line 115, in __aexit__
    raise TimeoutError from exc_val
TimeoutError

During handling of the above exception, another exception occurred:

Traceback (most recent call last):
  File "/home1/zrentala/.conda/envs/zrentala/lib/python3.11/site-packages/distributed/worker.py", line 1273, in heartbeat
    response = await retry_operation(
               ^^^^^^^^^^^^^^^^^^^^^^
  File "/home1/zrentala/.conda/envs/zrentala/lib/python3.11/site-packages/distributed/utils_comm.py", line 416, in retry_operation
    return await retry(
           ^^^^^^^^^^^^
  File "/home1/zrentala/.conda/envs/zrentala/lib/python3.11/site-packages/distributed/utils_comm.py", line 395, in retry
    return await coro()
           ^^^^^^^^^^^^
  File "/home1/zrentala/.conda/envs/zrentala/lib/python3.11/site-packages/distributed/core.py", line 1256, in send_recv_from_rpc
    comm = await self.pool.connect(self.addr)
           ^^^^^^^^^^^^^^^^^^^^^^^^^^^^^^^^^^
  File "/home1/zrentala/.conda/envs/zrentala/lib/python3.11/site-packages/distributed/core.py", line 1497, in connect
    raise CommClosedError(reason)
distributed.comm.core.CommClosedError: ConnectionPool closing.
2025-12-23 13:54:56,015 - distributed.nanny - INFO - Worker closed
2025-12-23 13:54:58,647 - distributed.nanny - INFO - Closing Nanny at 'tcp://192.168.86.102:45311'. Reason: nanny-close-gracefully
2025-12-23 13:54:58,647 - distributed.nanny - INFO - Nanny at 'tcp://192.168.86.102:45311' closed.
2025-12-23 13:54:58,648 - distributed.dask_worker - INFO - End worker
