Saved path: grocery_store, clothing_store, toy_store, barber_shop, jewelry_store, bike_shop, hardware_store, gym, pet_store, bank, music_store, florist, pizzeria, dentist, bookstore : 72387
Saved path: burger_joint, dentist, grocery_store, clothing_store, toy_store, salon, barber_shop, jewelry_store, party_store, bakery, pharmacy, bank, florist, gym, hardware_store : 65998
Saved path: bank, music_store, pharmacy, bakery, bike_shop, jewelry_store, party_store, hardware_store, burger_joint, toy_store, grocery_store, dentist, craft_shop, pet_store, gelateria : 60792
Saved path: cafe, tech_shop, noodle_house, burger_joint, hardware_store, party_store, bike_shop, bakery, music_store, bank, gelateria, florist, craft_shop, pizzeria, dentist : 58254
Saved path: hardware_store, salon, noodle_house, clothing_store, tech_shop, cafe, burger_joint, bookstore, craft_shop, florist, bank, music_store, jewelry_store, bike_shop, bakery : 59707
Saved path: gelateria, pet_store, craft_shop, dentist, cafe, tech_shop, grocery_store, clothing_store, noodle_house, salon, toy_store, burger_joint, gym, music_store, bank : 52818
Saved path: jewelry_store, party_store, bakery, hardware_store, toy_store, salon, noodle_house, grocery_store, bookstore, tech_shop, pizzeria, pet_store, florist, music_store, bike_shop : 62385
Saved path: tech_shop, grocery_store, clothing_store, noodle_house, toy_store, salon, barber_shop, jewelry_store, bike_shop, bakery, pharmacy, music_store, craft_shop, gym, bookstore : 54059
Saved path: toy_store, noodle_house, clothing_store, grocery_store, tech_shop, dentist, craft_shop, gelateria, pharmacy, bakery, bike_shop, jewelry_store, barber_shop, hardware_store, gym : 57650
Saved path: florist, gelateria, pharmacy, bakery, bike_shop, jewelry_store, party_store, hardware_store, gym, toy_store, noodle_house, grocery_store, pizzeria, craft_shop, pet_store : 56040
Saved path: salon, noodle_house, clothing_store, grocery_store, tech_shop, dentist, craft_shop, pet_store, florist, bank, pharmacy, bakery, jewelry_store, party_store, hardware_store : 63764
Saved path: bike_shop, barber_shop, salon, toy_store, hardware_store, burger_joint, bookstore, cafe, pizzeria, pet_store, gelateria, bank, music_store, pharmacy, bakery : 60745
Saved path: salon, barber_shop, bike_shop, jewelry_store, party_store, bakery, pharmacy, music_store, gelateria, pet_store, craft_shop, cafe, grocery_store, clothing_store, toy_store : 55702
Saved path: toy_store, salon, hardware_store, jewelry_store, bike_shop, pharmacy, bank, gelateria, florist, pet_store, craft_shop, dentist, tech_shop, cafe, bookstore : 67398
Saved path: jewelry_store, party_store, pharmacy, florist, pet_store, pizzeria, dentist, burger_joint, bookstore, cafe, tech_shop, grocery_store, clothing_store, toy_store, bike_shop : 55959
Saved path: bike_shop, barber_shop, salon, grocery_store, dentist, cafe, bookstore, burger_joint, hardware_store, gym, pet_store, florist, pharmacy, bakery, party_store : 56710
Saved path: pizzeria, dentist, grocery_store, cafe, bookstore, burger_joint, toy_store, gym, hardware_store, bakery, pharmacy, gelateria, bank, florist, pet_store : 55938
Saved path: bike_shop, party_store, hardware_store, gym, florist, music_store, bank, gelateria, pet_store, bookstore, cafe, grocery_store, clothing_store, toy_store, barber_shop : 62783
Saved path: pet_store, florist, gelateria, music_store, bike_shop, party_store, bakery, hardware_store, salon, toy_store, clothing_store, burger_joint, bookstore, dentist, craft_shop : 57512
Saved path: pet_store, bank, pharmacy, bakery, jewelry_store, bike_shop, gym, toy_store, clothing_store, grocery_store, bookstore, cafe, tech_shop, pizzeria, craft_shop : 63399
Saved path: clothing_store, noodle_house, toy_store, barber_shop, bike_shop, party_store, hardware_store, gym, pet_store, gelateria, bank, music_store, florist, bookstore, grocery_store : 63723
Saved path: bike_shop, bakery, barber_shop, salon, toy_store, clothing_store, tech_shop, dentist, pizzeria, craft_shop, pet_store, florist, bank, music_store, jewelry_store : 68958
Saved path: toy_store, grocery_store, tech_shop, cafe, bookstore, dentist, craft_shop, florist, music_store, bank, gelateria, jewelry_store, bakery, barber_shop, hardware_store : 65014
Saved path: grocery_store, cafe, hardware_store, gym, craft_shop, pet_store, bank, gelateria, bakery, bike_shop, barber_shop, salon, toy_store, noodle_house, clothing_store : 55037
Saved path: music_store, gelateria, hardware_store, gym, pizzeria, dentist, cafe, grocery_store, clothing_store, toy_store, salon, barber_shop, bakery, party_store, pharmacy : 58206
Saved path: music_store, gelateria, hardware_store, burger_joint, cafe, pizzeria, tech_shop, grocery_store, clothing_store, noodle_house, salon, barber_shop, bike_shop, party_store, pharmacy : 56908
Saved path: cafe, bookstore, gym, pet_store, florist, bank, pharmacy, party_store, jewelry_store, hardware_store, toy_store, salon, noodle_house, grocery_store, tech_shop : 65736
Saved path: pharmacy, music_store, bank, pet_store, craft_shop, gym, burger_joint, cafe, dentist, pizzeria, tech_shop, grocery_store, salon, jewelry_store, bike_shop : 68532
Saved path: burger_joint, cafe, dentist, pizzeria, craft_shop, florist, bank, gelateria, gym, hardware_store, party_store, jewelry_store, barber_shop, salon, noodle_house : 68960
Saved path: gelateria, music_store, pharmacy, bakery, jewelry_store, bike_shop, hardware_store, gym, burger_joint, bookstore, grocery_store, tech_shop, pizzeria, craft_shop, pet_store : 55342
Saved path: clothing_store, noodle_house, toy_store, barber_shop, jewelry_store, party_store, pharmacy, bank, florist, craft_shop, pizzeria, gym, hardware_store, bookstore, grocery_store : 70151
Saved path: gelateria, music_store, pharmacy, party_store, bike_shop, barber_shop, hardware_store, burger_joint, toy_store, clothing_store, grocery_store, cafe, pizzeria, craft_shop, pet_store : 59175
Saved path: grocery_store, tech_shop, dentist, cafe, bookstore, burger_joint, gym, craft_shop, florist, music_store, gelateria, bike_shop, party_store, salon, noodle_house : 56014
Saved path: gelateria, pharmacy, party_store, bike_shop, gym, toy_store, noodle_house, clothing_store, tech_shop, cafe, dentist, craft_shop, florist, music_store, bank : 56655
Saved path: cafe, bookstore, gym, craft_shop, pet_store, gelateria, pharmacy, jewelry_store, bike_shop, barber_shop, salon, toy_store, grocery_store, tech_shop, dentist : 60674
Saved path: florist, pizzeria, cafe, bookstore, grocery_store, clothing_store, toy_store, salon, jewelry_store, bakery, hardware_store, gym, pet_store, gelateria, music_store : 62101
Saved path: gelateria, pharmacy, bakery, party_store, jewelry_store, bike_shop, hardware_store, salon, noodle_house, clothing_store, bookstore, burger_joint, gym, craft_shop, pet_store : 53909
Saved path: bookstore, cafe, dentist, pizzeria, pet_store, bank, music_store, pharmacy, bakery, jewelry_store, bike_shop, gym, toy_store, salon, noodle_house : 68784
Saved path: florist, pizzeria, dentist, burger_joint, cafe, grocery_store, clothing_store, noodle_house, toy_store, salon, barber_shop, jewelry_store, gym, pet_store, bank : 71014
Saved path: clothing_store, toy_store, salon, hardware_store, bike_shop, jewelry_store, pharmacy, pet_store, craft_shop, pizzeria, dentist, cafe, burger_joint, bookstore, grocery_store : 58812
Saved path: pizzeria, tech_shop, cafe, grocery_store, clothing_store, noodle_house, salon, toy_store, hardware_store, party_store, bakery, gelateria, bank, music_store, craft_shop : 58971
Saved path: tech_shop, dentist, pizzeria, craft_shop, florist, bank, music_store, bike_shop, party_store, jewelry_store, barber_shop, toy_store, gym, burger_joint, bookstore : 71531
Saved path: toy_store, clothing_store, grocery_store, tech_shop, dentist, cafe, bookstore, hardware_store, gym, gelateria, pharmacy, bakery, jewelry_store, bike_shop, barber_shop : 57916
Saved path: pizzeria, dentist, cafe, tech_shop, grocery_store, toy_store, salon, hardware_store, party_store, jewelry_store, music_store, bank, gelateria, pet_store, craft_shop : 66728
Saved path: grocery_store, tech_shop, cafe, bookstore, dentist, pet_store, florist, music_store, bank, gelateria, pharmacy, bakery, bike_shop, hardware_store, toy_store : 54450
Saved path: bookstore, cafe, dentist, craft_shop, pet_store, florist, bank, pharmacy, bakery, party_store, bike_shop, gym, toy_store, noodle_house, grocery_store : 61627
Saved path: bakery, barber_shop, toy_store, clothing_store, tech_shop, pizzeria, dentist, cafe, burger_joint, gym, craft_shop, pet_store, music_store, jewelry_store, party_store : 63071
Saved path: salon, noodle_house, clothing_store, grocery_store, tech_shop, cafe, dentist, pet_store, bank, music_store, florist, hardware_store, party_store, bakery, barber_shop : 64014
Saved path: cafe, bookstore, burger_joint, gym, craft_shop, music_store, pharmacy, party_store, bakery, barber_shop, salon, clothing_store, grocery_store, pizzeria, dentist : 56108
Saved path: gym, pizzeria, dentist, cafe, clothing_store, noodle_house, toy_store, salon, barber_shop, bike_shop, jewelry_store, party_store, pharmacy, gelateria, music_store : 62915
Saved path: pet_store, gelateria, bank, music_store, bakery, party_store, bike_shop, barber_shop, grocery_store, bookstore, cafe, dentist, pizzeria, craft_shop, gym : 67871
Saved path: party_store, jewelry_store, barber_shop, salon, toy_store, noodle_house, grocery_store, bookstore, burger_joint, cafe, dentist, craft_shop, pet_store, gelateria, pharmacy : 57613
Saved path: pizzeria, dentist, bookstore, burger_joint, hardware_store, gym, bank, pharmacy, bakery, party_store, bike_shop, barber_shop, salon, noodle_house, tech_shop : 68238
Saved path: barber_shop, salon, grocery_store, tech_shop, pizzeria, dentist, bookstore, burger_joint, gym, craft_shop, gelateria, music_store, bakery, party_store, jewelry_store : 62545
Saved path: pizzeria, dentist, burger_joint, tech_shop, clothing_store, barber_shop, bike_shop, party_store, bakery, hardware_store, gym, pet_store, bank, music_store, florist : 69525
Saved path: bakery, party_store, jewelry_store, barber_shop, salon, noodle_house, bookstore, cafe, tech_shop, pizzeria, pet_store, florist, bank, gelateria, pharmacy : 67769
Saved path: craft_shop, florist, music_store, pharmacy, bakery, party_store, jewelry_store, bike_shop, barber_shop, salon, hardware_store, bookstore, cafe, tech_shop, dentist : 57482
Saved path: jewelry_store, bakery, pharmacy, florist, craft_shop, pizzeria, dentist, grocery_store, clothing_store, noodle_house, toy_store, gym, hardware_store, salon, barber_shop : 56949
Saved path: gelateria, florist, craft_shop, gym, bookstore, dentist, pizzeria, tech_shop, grocery_store, clothing_store, noodle_house, barber_shop, bike_shop, bakery, pharmacy : 50093
Saved path: bike_shop, party_store, bakery, music_store, bank, gelateria, pet_store, craft_shop, hardware_store, burger_joint, cafe, tech_shop, noodle_house, toy_store, barber_shop : 62458
Saved path: hardware_store, burger_joint, bookstore, cafe, tech_shop, dentist, pizzeria, craft_shop, pet_store, gelateria, music_store, bakery, bike_shop, barber_shop, salon : 54714
Saved path: salon, toy_store, burger_joint, bookstore, cafe, tech_shop, pizzeria, pet_store, music_store, bike_shop, jewelry_store, party_store, bakery, gym, hardware_store : 63888
Saved path: barber_shop, toy_store, hardware_store, bookstore, clothing_store, tech_shop, pizzeria, pet_store, florist, gelateria, bank, pharmacy, bakery, jewelry_store, bike_shop : 72114
Saved path: clothing_store, toy_store, salon, hardware_store, bike_shop, bakery, pharmacy, gelateria, bank, pet_store, craft_shop, gym, burger_joint, cafe, dentist : 57289
Saved path: jewelry_store, party_store, pharmacy, music_store, bank, pet_store, dentist, bookstore, burger_joint, tech_shop, grocery_store, noodle_house, toy_store, bakery, bike_shop : 63452
Saved path: dentist, pizzeria, pet_store, florist, bank, pharmacy, bakery, party_store, bike_shop, barber_shop, noodle_house, grocery_store, tech_shop, burger_joint, cafe : 66131
Saved path: gelateria, florist, gym, hardware_store, burger_joint, bookstore, cafe, dentist, tech_shop, noodle_house, toy_store, barber_shop, bike_shop, bakery, pharmacy : 50167
Saved path: pharmacy, music_store, bank, gelateria, pet_store, craft_shop, gym, hardware_store, tech_shop, grocery_store, noodle_house, barber_shop, bike_shop, party_store, bakery : 60655
Saved path: bookstore, burger_joint, cafe, dentist, pizzeria, craft_shop, pet_store, florist, gelateria, party_store, jewelry_store, barber_shop, salon, noodle_house, grocery_store : 60364
Saved path: noodle_house, toy_store, salon, jewelry_store, party_store, bike_shop, pharmacy, bank, florist, pet_store, pizzeria, dentist, cafe, bookstore, clothing_store : 70508
Saved path: bakery, gelateria, music_store, florist, pet_store, gym, burger_joint, cafe, pizzeria, tech_shop, grocery_store, clothing_store, toy_store, salon, barber_shop : 52699
Saved path: burger_joint, grocery_store, toy_store, barber_shop, bike_shop, jewelry_store, party_store, bakery, pharmacy, music_store, gelateria, florist, pet_store, craft_shop, gym : 57346
Saved path: toy_store, noodle_house, clothing_store, tech_shop, cafe, dentist, pizzeria, craft_shop, gym, pet_store, florist, music_store, bakery, barber_shop, salon : 52584
Saved path: hardware_store, bike_shop, bakery, pharmacy, music_store, bank, gelateria, craft_shop, dentist, cafe, bookstore, tech_shop, grocery_store, clothing_store, toy_store : 50121
Saved path: gelateria, music_store, florist, pet_store, gym, hardware_store, burger_joint, bookstore, cafe, clothing_store, barber_shop, bike_shop, jewelry_store, party_store, pharmacy : 59076
Saved path: toy_store, salon, barber_shop, bike_shop, party_store, bakery, bank, gelateria, hardware_store, burger_joint, bookstore, cafe, dentist, tech_shop, grocery_store : 64521
Saved path: salon, toy_store, burger_joint, bakery, party_store, bike_shop, pharmacy, music_store, bank, gelateria, pet_store, craft_shop, pizzeria, tech_shop, noodle_house : 62703
Saved path: hardware_store, toy_store, barber_shop, jewelry_store, party_store, bakery, music_store, gelateria, craft_shop, dentist, tech_shop, grocery_store, clothing_store, bookstore, burger_joint : 59983
