Saved path: grocery_store, cafe, bookstore, craft_shop, florist, gelateria, bank, bakery, bike_shop, party_store, hardware_store, toy_store, salon, noodle_house, clothing_store : 55793
Saved path: tech_shop, dentist, bookstore, burger_joint, gym, craft_shop, music_store, bank, bakery, party_store, jewelry_store, barber_shop, salon, noodle_house, grocery_store : 67128
Saved path: florist, gelateria, bank, music_store, bakery, jewelry_store, barber_shop, salon, toy_store, bookstore, cafe, grocery_store, tech_shop, pizzeria, craft_shop : 63775
Saved path: cafe, grocery_store, toy_store, barber_shop, bakery, pharmacy, gelateria, bank, music_store, florist, pet_store, craft_shop, hardware_store, burger_joint, bookstore : 54136
Saved path: tech_shop, grocery_store, clothing_store, noodle_house, burger_joint, gym, hardware_store, party_store, pharmacy, music_store, bank, pet_store, craft_shop, pizzeria, dentist : 60010
Saved path: bookstore, burger_joint, hardware_store, party_store, jewelry_store, bike_shop, bakery, pharmacy, bank, gelateria, craft_shop, pizzeria, tech_shop, grocery_store, clothing_store : 59508
Saved path: craft_shop, pizzeria, dentist, cafe, grocery_store, clothing_store, noodle_house, salon, hardware_store, gym, party_store, music_store, bank, gelateria, florist : 61015
Saved path: dentist, pizzeria, craft_shop, florist, gelateria, jewelry_store, bike_shop, bakery, barber_shop, salon, hardware_store, burger_joint, cafe, tech_shop, grocery_store : 57802
Saved path: dentist, cafe, tech_shop, grocery_store, toy_store, hardware_store, barber_shop, bike_shop, jewelry_store, party_store, pharmacy, music_store, bank, florist, pet_store : 70697
Saved path: party_store, bike_shop, salon, toy_store, clothing_store, dentist, cafe, burger_joint, gym, pet_store, florist, gelateria, bank, music_store, pharmacy : 65476
Saved path: grocery_store, tech_shop, bookstore, burger_joint, gym, florist, bank, gelateria, pharmacy, bakery, bike_shop, barber_shop, toy_store, noodle_house, clothing_store : 52780
Saved path: bakery, pharmacy, florist, craft_shop, gym, burger_joint, bookstore, dentist, pizzeria, tech_shop, grocery_store, clothing_store, noodle_house, salon, barber_shop : 46019
Saved path: tech_shop, pizzeria, gym, pet_store, florist, music_store, pharmacy, bakery, party_store, jewelry_store, bike_shop, barber_shop, salon, grocery_store, cafe : 63178
Saved path: pet_store, craft_shop, gym, bookstore, cafe, clothing_store, noodle_house, party_store, jewelry_store, bike_shop, pharmacy, gelateria, bank, music_store, florist : 61938
Saved path: bakery, pharmacy, music_store, bank, pet_store, pizzeria, dentist, burger_joint, tech_shop, grocery_store, noodle_house, toy_store, barber_shop, bike_shop, party_store : 65567
Saved path: burger_joint, cafe, grocery_store, clothing_store, toy_store, salon, barber_shop, bakery, hardware_store, gym, florist, gelateria, bank, pet_store, bookstore : 54324
Saved path: pizzeria, dentist, tech_shop, cafe, bookstore, burger_joint, toy_store, gym, bike_shop, bakery, pharmacy, music_store, florist, pet_store, craft_shop : 49484
Saved path: noodle_house, salon, barber_shop, bike_shop, jewelry_store, bakery, pharmacy, gelateria, florist, craft_shop, pizzeria, dentist, bookstore, gym, hardware_store : 61572
Saved path: bike_shop, jewelry_store, barber_shop, salon, noodle_house, grocery_store, tech_shop, cafe, gym, craft_shop, pet_store, florist, music_store, bank, gelateria : 64729
Saved path: music_store, gelateria, pharmacy, bakery, party_store, jewelry_store, barber_shop, salon, noodle_house, clothing_store, grocery_store, tech_shop, burger_joint, hardware_store, craft_shop : 54174
Saved path: florist, pet_store, craft_shop, pizzeria, dentist, cafe, tech_shop, noodle_house, toy_store, hardware_store, jewelry_store, party_store, bakery, pharmacy, gelateria : 54420
Saved path: toy_store, salon, noodle_house, clothing_store, tech_shop, cafe, dentist, pizzeria, craft_shop, pet_store, gelateria, party_store, bakery, gym, burger_joint : 56203
Saved path: tech_shop, grocery_store, noodle_house, salon, jewelry_store, party_store, bike_shop, gelateria, bank, music_store, florist, pet_store, craft_shop, gym, toy_store : 66060
Saved path: burger_joint, hardware_store, toy_store, grocery_store, clothing_store, noodle_house, barber_shop, bike_shop, jewelry_store, pharmacy, bank, gelateria, craft_shop, pizzeria, bookstore : 68927
Saved path: craft_shop, pizzeria, dentist, cafe, tech_shop, clothing_store, noodle_house, toy_store, hardware_store, barber_shop, jewelry_store, gelateria, bank, music_store, florist : 66646
Saved path: party_store, jewelry_store, bike_shop, barber_shop, salon, toy_store, clothing_store, tech_shop, bookstore, dentist, pizzeria, pet_store, bank, gelateria, pharmacy : 70191
Saved path: pharmacy, gelateria, pet_store, craft_shop, pizzeria, cafe, bookstore, burger_joint, hardware_store, gym, toy_store, salon, barber_shop, bike_shop, jewelry_store : 62073
Saved path: dentist, pizzeria, craft_shop, pet_store, florist, music_store, gelateria, pharmacy, bike_shop, barber_shop, toy_store, noodle_house, clothing_store, tech_shop, burger_joint : 54794
Saved path: gym, hardware_store, toy_store, noodle_house, barber_shop, bike_shop, jewelry_store, bakery, pharmacy, music_store, florist, craft_shop, pizzeria, dentist, cafe : 59704
Saved path: hardware_store, gym, craft_shop, florist, music_store, pharmacy, barber_shop, toy_store, noodle_house, clothing_store, grocery_store, tech_shop, dentist, bookstore, burger_joint : 46529
Saved path: grocery_store, clothing_store, toy_store, hardware_store, salon, barber_shop, bakery, party_store, bike_shop, music_store, bank, florist, pizzeria, cafe, bookstore : 66250
Saved path: bookstore, burger_joint, gym, pizzeria, craft_shop, florist, bank, bakery, bike_shop, jewelry_store, barber_shop, salon, toy_store, noodle_house, grocery_store : 70200
Saved path: bike_shop, jewelry_store, party_store, bakery, barber_shop, salon, noodle_house, grocery_store, tech_shop, burger_joint, dentist, pizzeria, pet_store, florist, music_store : 62628
Saved path: music_store, pharmacy, bakery, bike_shop, jewelry_store, barber_shop, clothing_store, pizzeria, dentist, cafe, bookstore, burger_joint, gym, pet_store, florist : 63535
Saved path: clothing_store, noodle_house, salon, barber_shop, jewelry_store, pharmacy, gelateria, bank, florist, craft_shop, gym, hardware_store, burger_joint, bookstore, grocery_store : 60072
Saved path: dentist, craft_shop, gym, pet_store, florist, gelateria, bank, music_store, pharmacy, bike_shop, barber_shop, toy_store, noodle_house, clothing_store, cafe : 60298
Saved path: jewelry_store, bakery, pharmacy, music_store, bank, florist, pet_store, pizzeria, tech_shop, clothing_store, noodle_house, toy_store, hardware_store, salon, barber_shop : 69530
Saved path: cafe, burger_joint, hardware_store, gym, florist, gelateria, bakery, party_store, jewelry_store, bike_shop, barber_shop, salon, noodle_house, grocery_store, dentist : 57314
Saved path: gym, craft_shop, pet_store, bank, music_store, pharmacy, jewelry_store, barber_shop, salon, grocery_store, tech_shop, dentist, cafe, bookstore, hardware_store : 68617
Saved path: music_store, gelateria, florist, gym, craft_shop, pizzeria, cafe, bookstore, clothing_store, salon, barber_shop, bike_shop, jewelry_store, party_store, pharmacy : 62067
Saved path: bookstore, burger_joint, dentist, pizzeria, craft_shop, pet_store, florist, music_store, gelateria, pharmacy, bike_shop, toy_store, salon, noodle_house, grocery_store : 54579
Saved path: hardware_store, burger_joint, pizzeria, tech_shop, grocery_store, clothing_store, noodle_house, barber_shop, bike_shop, jewelry_store, party_store, pharmacy, bank, gelateria, gym : 68975
Saved path: cafe, tech_shop, dentist, pizzeria, craft_shop, florist, pharmacy, bakery, bike_shop, barber_shop, salon, toy_store, gym, burger_joint, bookstore : 50120
Saved path: grocery_store, tech_shop, dentist, pizzeria, craft_shop, music_store, gelateria, pharmacy, bakery, jewelry_store, hardware_store, toy_store, burger_joint, bookstore, cafe : 53302
Saved path: toy_store, salon, noodle_house, clothing_store, bookstore, cafe, pizzeria, pet_store, gelateria, bank, music_store, jewelry_store, party_store, bakery, hardware_store : 67333
Saved path: bike_shop, jewelry_store, party_store, pharmacy, gelateria, florist, pet_store, gym, burger_joint, dentist, pizzeria, grocery_store, toy_store, salon, barber_shop : 64956
Saved path: bakery, barber_shop, salon, toy_store, noodle_house, tech_shop, dentist, cafe, bookstore, gym, florist, music_store, bank, gelateria, pharmacy : 56298
Saved path: dentist, pizzeria, craft_shop, pet_store, florist, music_store, gelateria, pharmacy, bakery, bike_shop, salon, noodle_house, clothing_store, tech_shop, cafe : 51226
Saved path: music_store, bank, florist, pizzeria, dentist, tech_shop, grocery_store, clothing_store, noodle_house, salon, toy_store, hardware_store, party_store, bike_shop, bakery : 61830
Saved path: barber_shop, jewelry_store, party_store, pharmacy, gelateria, bank, music_store, florist, gym, hardware_store, burger_joint, pizzeria, tech_shop, clothing_store, salon : 68565
Saved path: clothing_store, grocery_store, tech_shop, cafe, gym, hardware_store, party_store, jewelry_store, pharmacy, gelateria, music_store, florist, pet_store, craft_shop, dentist : 55595
Saved path: dentist, pizzeria, craft_shop, florist, gelateria, bank, gym, hardware_store, bakery, barber_shop, salon, clothing_store, grocery_store, bookstore, cafe : 58467
Saved path: clothing_store, toy_store, hardware_store, burger_joint, bookstore, dentist, craft_shop, pet_store, bank, pharmacy, bakery, jewelry_store, barber_shop, salon, noodle_house : 67022
Saved path: music_store, florist, pet_store, craft_shop, pizzeria, clothing_store, noodle_house, bookstore, cafe, burger_joint, hardware_store, party_store, jewelry_store, bakery, pharmacy : 55029
Saved path: hardware_store, salon, tech_shop, burger_joint, gym, craft_shop, pet_store, florist, music_store, bank, gelateria, pharmacy, bakery, party_store, jewelry_store : 63635
Saved path: toy_store, barber_shop, bike_shop, party_store, hardware_store, gym, florist, pizzeria, dentist, burger_joint, bookstore, cafe, tech_shop, grocery_store, noodle_house : 56067
Saved path: hardware_store, gym, florist, pharmacy, party_store, jewelry_store, bike_shop, barber_shop, toy_store, clothing_store, pizzeria, dentist, cafe, bookstore, burger_joint : 60610
Saved path: florist, music_store, bank, gelateria, jewelry_store, bike_shop, barber_shop, noodle_house, clothing_store, tech_shop, burger_joint, bookstore, dentist, pizzeria, pet_store : 70875
Saved path: bookstore, cafe, dentist, craft_shop, music_store, bank, gelateria, bike_shop, bakery, gym, hardware_store, salon, toy_store, grocery_store, tech_shop : 58289
Saved path: pharmacy, music_store, craft_shop, dentist, cafe, bookstore, burger_joint, hardware_store, gym, toy_store, noodle_house, salon, barber_shop, bike_shop, party_store : 56656
Saved path: burger_joint, cafe, dentist, pizzeria, craft_shop, florist, gelateria, bank, pet_store, gym, bakery, jewelry_store, barber_shop, noodle_house, clothing_store : 67883
Saved path: music_store, florist, pizzeria, dentist, burger_joint, cafe, grocery_store, clothing_store, noodle_house, salon, barber_shop, bakery, pharmacy, gelateria, bank : 52783
Saved path: salon, jewelry_store, bakery, pharmacy, music_store, gelateria, pet_store, gym, burger_joint, cafe, dentist, grocery_store, clothing_store, noodle_house, toy_store : 57266
Saved path: bookstore, burger_joint, hardware_store, barber_shop, bakery, pharmacy, music_store, gelateria, pet_store, craft_shop, pizzeria, dentist, tech_shop, clothing_store, noodle_house : 53167
Saved path: dentist, pizzeria, craft_shop, florist, music_store, bank, gelateria, pharmacy, bakery, bike_shop, gym, burger_joint, salon, grocery_store, cafe : 58019
Saved path: party_store, pharmacy, gelateria, florist, craft_shop, pizzeria, dentist, tech_shop, burger_joint, hardware_store, toy_store, noodle_house, barber_shop, bike_shop, jewelry_store : 60114
Saved path: bank, music_store, pharmacy, jewelry_store, hardware_store, salon, noodle_house, toy_store, burger_joint, bookstore, cafe, tech_shop, pizzeria, craft_shop, pet_store : 64989
Saved path: grocery_store, clothing_store, noodle_house, salon, barber_shop, bike_shop, party_store, bakery, gelateria, florist, pet_store, craft_shop, pizzeria, cafe, burger_joint : 55288
Saved path: barber_shop, salon, noodle_house, clothing_store, grocery_store, tech_shop, bookstore, craft_shop, music_store, bank, gelateria, pharmacy, bakery, party_store, jewelry_store : 58929
Saved path: jewelry_store, bike_shop, gym, burger_joint, toy_store, salon, noodle_house, clothing_store, cafe, pizzeria, florist, gelateria, music_store, pharmacy, bakery : 58774
Saved path: burger_joint, gym, florist, bank, bike_shop, party_store, jewelry_store, salon, toy_store, noodle_house, clothing_store, grocery_store, dentist, cafe, bookstore : 66780
Saved path: cafe, dentist, craft_shop, florist, bank, music_store, pharmacy, jewelry_store, party_store, hardware_store, gym, toy_store, clothing_store, grocery_store, bookstore : 60090
Saved path: pharmacy, music_store, bank, gelateria, pet_store, gym, pizzeria, grocery_store, clothing_store, noodle_house, toy_store, salon, barber_shop, bakery, party_store : 64896
Saved path: grocery_store, clothing_store, noodle_house, toy_store, salon, barber_shop, party_store, pharmacy, bank, florist, pet_store, pizzeria, cafe, burger_joint, bookstore : 66417
Saved path: cafe, burger_joint, pet_store, gelateria, bank, music_store, jewelry_store, party_store, bike_shop, barber_shop, toy_store, noodle_house, clothing_store, grocery_store, tech_shop : 64744
Saved path: cafe, pizzeria, tech_shop, grocery_store, noodle_house, barber_shop, bike_shop, jewelry_store, party_store, pharmacy, music_store, pet_store, gym, burger_joint, bookstore : 64068
Saved path: hardware_store, gym, craft_shop, pet_store, music_store, pharmacy, bakery, jewelry_store, barber_shop, salon, clothing_store, tech_shop, dentist, bookstore, burger_joint : 61996
Saved path: salon, toy_store, noodle_house, clothing_store, grocery_store, burger_joint, hardware_store, gym, florist, gelateria, bank, music_store, pharmacy, bakery, barber_shop : 49851
