Saved path: burger_joint, bookstore, grocery_store, tech_shop, dentist, craft_shop, gelateria, bank, pharmacy, party_store, jewelry_store, bike_shop, hardware_store, gym, toy_store : 63747
Saved path: music_store, gelateria, pet_store, gym, hardware_store, burger_joint, cafe, tech_shop, grocery_store, noodle_house, toy_store, barber_shop, jewelry_store, party_store, bakery : 56909
Saved path: jewelry_store, party_store, hardware_store, toy_store, burger_joint, bookstore, grocery_store, tech_shop, dentist, pizzeria, florist, music_store, pharmacy, bakery, bike_shop : 54853
Saved path: grocery_store, clothing_store, noodle_house, barber_shop, hardware_store, party_store, jewelry_store, bike_shop, bakery, pharmacy, bank, music_store, craft_shop, pizzeria, bookstore : 68838
Saved path: pharmacy, gelateria, florist, pet_store, craft_shop, pizzeria, dentist, clothing_store, toy_store, gym, hardware_store, party_store, jewelry_store, bike_shop, barber_shop : 64333
Saved path: bike_shop, party_store, bakery, pharmacy, gelateria, music_store, pizzeria, gym, burger_joint, bookstore, cafe, grocery_store, clothing_store, noodle_house, salon : 57321
Saved path: hardware_store, bike_shop, party_store, bakery, pharmacy, music_store, florist, craft_shop, dentist, cafe, bookstore, grocery_store, noodle_house, salon, toy_store : 51037
Saved path: bike_shop, bakery, pharmacy, gelateria, music_store, florist, pet_store, craft_shop, gym, burger_joint, bookstore, grocery_store, salon, barber_shop, jewelry_store : 57581
Saved path: noodle_house, clothing_store, grocery_store, tech_shop, pizzeria, craft_shop, gelateria, bank, pharmacy, jewelry_store, party_store, bakery, burger_joint, bookstore, toy_store : 60068
Saved path: hardware_store, salon, barber_shop, bike_shop, jewelry_store, party_store, bakery, pharmacy, music_store, florist, pet_store, dentist, tech_shop, clothing_store, bookstore : 63605
Saved path: hardware_store, bookstore, cafe, clothing_store, grocery_store, tech_shop, dentist, craft_shop, gelateria, bank, pharmacy, party_store, jewelry_store, bike_shop, barber_shop : 67072
Saved path: toy_store, salon, noodle_house, grocery_store, tech_shop, cafe, bookstore, pet_store, gelateria, bank, music_store, pharmacy, bakery, jewelry_store, hardware_store : 60364
Saved path: craft_shop, pizzeria, dentist, tech_shop, grocery_store, cafe, burger_joint, toy_store, salon, hardware_store, jewelry_store, party_store, bakery, bank, music_store : 65657
Saved path: tech_shop, pizzeria, florist, music_store, bank, gelateria, pharmacy, bakery, barber_shop, noodle_house, toy_store, hardware_store, burger_joint, bookstore, cafe : 55522
Saved path: pet_store, florist, bank, music_store, pharmacy, jewelry_store, hardware_store, gym, burger_joint, toy_store, salon, noodle_house, clothing_store, cafe, pizzeria : 69522
Saved path: party_store, jewelry_store, barber_shop, gelateria, bank, music_store, florist, pet_store, pizzeria, dentist, clothing_store, toy_store, burger_joint, hardware_store, bakery : 71371
Saved path: gelateria, jewelry_store, bike_shop, bakery, barber_shop, noodle_house, clothing_store, tech_shop, bookstore, burger_joint, hardware_store, gym, craft_shop, florist, bank : 62016
Saved path: florist, gelateria, party_store, barber_shop, toy_store, noodle_house, clothing_store, grocery_store, tech_shop, cafe, burger_joint, hardware_store, gym, craft_shop, pet_store : 52025
Saved path: pizzeria, cafe, bookstore, grocery_store, clothing_store, toy_store, barber_shop, bike_shop, jewelry_store, party_store, hardware_store, gym, bank, pet_store, craft_shop : 72549
Saved path: bakery, bike_shop, music_store, florist, pet_store, craft_shop, pizzeria, dentist, burger_joint, bookstore, grocery_store, noodle_house, salon, hardware_store, gym : 55181
Saved path: bank, music_store, pharmacy, bakery, party_store, barber_shop, toy_store, clothing_store, tech_shop, burger_joint, dentist, pizzeria, craft_shop, pet_store, gelateria : 63736
Saved path: hardware_store, bike_shop, bakery, pharmacy, music_store, bank, pet_store, craft_shop, dentist, cafe, burger_joint, tech_shop, clothing_store, toy_store, salon : 56178
Saved path: pet_store, florist, gelateria, party_store, bike_shop, gym, burger_joint, cafe, bookstore, noodle_house, clothing_store, grocery_store, tech_shop, pizzeria, craft_shop : 53641
Saved path: pharmacy, bakery, jewelry_store, barber_shop, salon, noodle_house, grocery_store, tech_shop, burger_joint, gym, craft_shop, florist, gelateria, bank, music_store : 58481
Saved path: music_store, pharmacy, bakery, party_store, jewelry_store, bike_shop, barber_shop, salon, noodle_house, dentist, hardware_store, gym, pet_store, gelateria, bank : 70113
Saved path: bookstore, cafe, dentist, pizzeria, tech_shop, grocery_store, clothing_store, barber_shop, jewelry_store, bakery, bank, florist, gym, hardware_store, burger_joint : 68005
Saved path: bakery, pharmacy, bank, pet_store, craft_shop, toy_store, salon, noodle_house, clothing_store, grocery_store, cafe, burger_joint, hardware_store, party_store, jewelry_store : 61061
Saved path: hardware_store, gym, pet_store, pizzeria, dentist, cafe, bookstore, burger_joint, tech_shop, grocery_store, barber_shop, bike_shop, jewelry_store, party_store, bakery : 59338
Saved path: bookstore, tech_shop, clothing_store, toy_store, salon, hardware_store, bike_shop, bakery, pharmacy, gelateria, bank, florist, craft_shop, gym, burger_joint : 52788
Saved path: pharmacy, gelateria, music_store, craft_shop, gym, burger_joint, bookstore, cafe, grocery_store, clothing_store, noodle_house, salon, barber_shop, bike_shop, jewelry_store : 53252
Saved path: craft_shop, dentist, tech_shop, clothing_store, noodle_house, hardware_store, party_store, jewelry_store, bakery, pharmacy, gelateria, bank, music_store, florist, pet_store : 61156
Saved path: pizzeria, pet_store, gelateria, music_store, pharmacy, bakery, bike_shop, jewelry_store, party_store, hardware_store, salon, toy_store, burger_joint, grocery_store, tech_shop : 60345
Saved path: toy_store, salon, noodle_house, clothing_store, grocery_store, bookstore, burger_joint, cafe, dentist, pizzeria, pet_store, music_store, bakery, hardware_store, gym : 52673
Saved path: cafe, dentist, grocery_store, clothing_store, noodle_house, toy_store, salon, barber_shop, jewelry_store, party_store, gelateria, craft_shop, gym, hardware_store, burger_joint : 57705
Saved path: grocery_store, tech_shop, dentist, cafe, bookstore, burger_joint, gym, pet_store, gelateria, music_store, bakery, party_store, bike_shop, barber_shop, noodle_house : 58052
Saved path: tech_shop, noodle_house, burger_joint, gym, hardware_store, bike_shop, jewelry_store, party_store, pharmacy, bank, music_store, florist, pet_store, craft_shop, pizzeria : 66719
Saved path: pharmacy, party_store, jewelry_store, bike_shop, barber_shop, salon, toy_store, bookstore, cafe, grocery_store, tech_shop, pizzeria, craft_shop, pet_store, florist : 59499
Saved path: tech_shop, pizzeria, craft_shop, gelateria, pharmacy, bakery, bike_shop, barber_shop, salon, noodle_house, toy_store, hardware_store, gym, burger_joint, bookstore : 52575
Saved path: bakery, gym, florist, music_store, bank, pet_store, pizzeria, dentist, tech_shop, clothing_store, noodle_house, burger_joint, hardware_store, jewelry_store, bike_shop : 67075
Saved path: pharmacy, gelateria, music_store, florist, pet_store, hardware_store, cafe, grocery_store, clothing_store, toy_store, salon, barber_shop, bike_shop, jewelry_store, party_store : 59551
Saved path: bike_shop, jewelry_store, party_store, bank, music_store, florist, gym, burger_joint, bookstore, dentist, pizzeria, grocery_store, noodle_house, salon, barber_shop : 71448
Saved path: pizzeria, tech_shop, bookstore, grocery_store, clothing_store, noodle_house, toy_store, salon, jewelry_store, party_store, bakery, pharmacy, bank, music_store, florist : 64487
Saved path: burger_joint, bookstore, grocery_store, noodle_house, salon, toy_store, gym, hardware_store, jewelry_store, bakery, pharmacy, gelateria, music_store, craft_shop, dentist : 57771
Saved path: barber_shop, salon, noodle_house, tech_shop, dentist, cafe, bookstore, burger_joint, hardware_store, gym, craft_shop, florist, gelateria, bike_shop, bakery : 50099
Saved path: pizzeria, dentist, tech_shop, grocery_store, clothing_store, noodle_house, bookstore, gym, bike_shop, jewelry_store, party_store, bakery, pharmacy, music_store, florist : 56014
Saved path: bakery, bike_shop, jewelry_store, music_store, bank, florist, pet_store, dentist, cafe, grocery_store, clothing_store, noodle_house, toy_store, burger_joint, hardware_store : 62361
Saved path: bank, music_store, bakery, bike_shop, jewelry_store, barber_shop, salon, toy_store, noodle_house, grocery_store, tech_shop, dentist, burger_joint, hardware_store, gelateria : 67197
Saved path: gym, hardware_store, dentist, pizzeria, tech_shop, clothing_store, noodle_house, salon, barber_shop, party_store, bakery, pharmacy, music_store, gelateria, pet_store : 60293
Saved path: florist, music_store, bank, bakery, party_store, jewelry_store, hardware_store, salon, noodle_house, tech_shop, cafe, bookstore, dentist, pizzeria, pet_store : 69730
Saved path: grocery_store, clothing_store, noodle_house, salon, barber_shop, bakery, party_store, hardware_store, gelateria, bank, pet_store, pizzeria, dentist, cafe, burger_joint : 65584
Saved path: pet_store, florist, gelateria, bank, music_store, bakery, party_store, jewelry_store, bike_shop, hardware_store, toy_store, noodle_house, clothing_store, grocery_store, craft_shop : 60297
Saved path: gym, hardware_store, cafe, dentist, pizzeria, tech_shop, grocery_store, clothing_store, noodle_house, toy_store, salon, barber_shop, jewelry_store, pharmacy, music_store : 60297
Saved path: pet_store, pizzeria, cafe, burger_joint, bookstore, grocery_store, clothing_store, noodle_house, salon, toy_store, gym, hardware_store, bike_shop, gelateria, florist : 54364
Saved path: music_store, bank, gelateria, bakery, bike_shop, party_store, jewelry_store, salon, grocery_store, dentist, bookstore, burger_joint, gym, craft_shop, florist : 65922
Saved path: clothing_store, noodle_house, barber_shop, jewelry_store, party_store, pharmacy, bank, florist, pet_store, gym, hardware_store, cafe, dentist, tech_shop, grocery_store : 69467
Saved path: salon, noodle_house, clothing_store, grocery_store, bookstore, dentist, pizzeria, florist, music_store, bank, pet_store, gym, hardware_store, party_store, toy_store : 67959
Saved path: gym, party_store, bike_shop, barber_shop, salon, burger_joint, bookstore, clothing_store, grocery_store, tech_shop, pizzeria, craft_shop, pet_store, bank, florist : 69399
Saved path: jewelry_store, party_store, bike_shop, bakery, gelateria, bank, pet_store, craft_shop, pizzeria, gym, burger_joint, cafe, clothing_store, noodle_house, salon : 68131
Saved path: pharmacy, gelateria, pet_store, craft_shop, gym, hardware_store, cafe, tech_shop, grocery_store, clothing_store, noodle_house, toy_store, barber_shop, jewelry_store, bike_shop : 55149
Saved path: clothing_store, noodle_house, toy_store, salon, barber_shop, bakery, jewelry_store, party_store, hardware_store, gym, florist, bank, music_store, pizzeria, grocery_store : 68547
Saved path: gym, burger_joint, bookstore, clothing_store, noodle_house, salon, hardware_store, jewelry_store, bakery, pharmacy, bank, gelateria, florist, pet_store, craft_shop : 61830
Saved path: hardware_store, jewelry_store, bakery, pharmacy, bank, florist, craft_shop, gym, burger_joint, bookstore, dentist, pizzeria, tech_shop, grocery_store, salon : 67335
Saved path: craft_shop, dentist, grocery_store, cafe, burger_joint, toy_store, salon, barber_shop, bakery, hardware_store, gym, florist, gelateria, bank, pet_store : 57474
Saved path: party_store, jewelry_store, salon, toy_store, clothing_store, grocery_store, bookstore, burger_joint, dentist, florist, music_store, bank, gelateria, bakery, bike_shop : 64118
Saved path: bookstore, burger_joint, dentist, craft_shop, florist, music_store, bank, gelateria, pet_store, gym, hardware_store, salon, noodle_house, clothing_store, grocery_store : 53503
Saved path: gym, craft_shop, florist, music_store, gelateria, pharmacy, bakery, party_store, jewelry_store, barber_shop, salon, grocery_store, tech_shop, cafe, hardware_store : 54153
Saved path: bike_shop, jewelry_store, barber_shop, salon, noodle_house, grocery_store, tech_shop, pizzeria, dentist, bookstore, hardware_store, gym, pet_store, music_store, pharmacy : 66160
Saved path: florist, pet_store, gym, bookstore, cafe, dentist, grocery_store, clothing_store, toy_store, barber_shop, party_store, bakery, pharmacy, music_store, bank : 64810
Saved path: gym, burger_joint, bookstore, dentist, clothing_store, noodle_house, salon, barber_shop, bike_shop, jewelry_store, bakery, gelateria, bank, florist, craft_shop : 65950
Saved path: barber_shop, bakery, party_store, jewelry_store, bike_shop, music_store, florist, gym, hardware_store, bookstore, cafe, pizzeria, tech_shop, grocery_store, noodle_house : 61203
Saved path: pizzeria, dentist, tech_shop, bookstore, burger_joint, hardware_store, toy_store, noodle_house, barber_shop, bike_shop, jewelry_store, party_store, pharmacy, florist, pet_store : 63969
Saved path: toy_store, noodle_house, clothing_store, grocery_store, cafe, burger_joint, bookstore, craft_shop, pet_store, gelateria, music_store, pharmacy, bakery, bike_shop, hardware_store : 41874
Saved path: gelateria, bakery, bike_shop, jewelry_store, hardware_store, gym, toy_store, salon, noodle_house, clothing_store, tech_shop, dentist, pizzeria, pet_store, bank : 68583
Saved path: bookstore, dentist, music_store, bank, gelateria, pharmacy, bakery, bike_shop, jewelry_store, barber_shop, salon, noodle_house, toy_store, gym, burger_joint : 67398
Saved path: florist, gelateria, music_store, gym, hardware_store, party_store, bakery, barber_shop, salon, toy_store, noodle_house, grocery_store, cafe, dentist, pizzeria : 58375
Saved path: noodle_house, toy_store, barber_shop, jewelry_store, party_store, bakery, music_store, craft_shop, gym, burger_joint, cafe, dentist, pizzeria, tech_shop, clothing_store : 59682
Saved path: salon, barber_shop, bike_shop, jewelry_store, party_store, gelateria, florist, pet_store, craft_shop, pizzeria, cafe, bookstore, clothing_store, toy_store, hardware_store : 64693
Saved path: clothing_store, toy_store, salon, barber_shop, bike_shop, party_store, bakery, pharmacy, music_store, bank, florist, pet_store, craft_shop, pizzeria, bookstore : 66410
