distributed.nanny - INFO -         Start Nanny at: 'tcp://192.168.86.142:41662'
distributed.worker - INFO -       Start worker at: tcp://192.168.86.142:45843
distributed.worker - INFO -          Listening to: tcp://192.168.86.142:45843
distributed.worker - INFO -          dashboard at:       192.168.86.142:46807
distributed.worker - INFO - Waiting to connect to: tcp://192.168.86.107:35907
distributed.worker - INFO - -------------------------------------------------
distributed.worker - INFO -               Threads:                          1
distributed.worker - INFO -                Memory:                  14.90 GiB
distributed.worker - INFO -       Local Directory: /home1/zrentala/dask-worker-space/dask-worker-space/worker-4j9026o2
distributed.worker - INFO - -------------------------------------------------
distributed.worker - INFO - Waiting to connect to: tcp://192.168.86.107:35907
distributed.nanny - INFO - Closing Nanny at 'tcp://192.168.86.142:41662'
distributed.dask_worker - INFO - End worker
Traceback (most recent call last):
  File "/usr/global/miniconda/py310_23.1.0-1/envs/workshop/lib/python3.7/site-packages/distributed/core.py", line 269, in _
    await asyncio.wait_for(self.start(), timeout=timeout)
  File "/usr/global/miniconda/py310_23.1.0-1/envs/workshop/lib/python3.7/asyncio/tasks.py", line 449, in wait_for
    raise futures.TimeoutError()
concurrent.futures._base.TimeoutError

During handling of the above exception, another exception occurred:

Traceback (most recent call last):
  File "/usr/global/miniconda/py310_23.1.0-1/envs/workshop/lib/python3.7/runpy.py", line 193, in _run_module_as_main
    "__main__", mod_spec)
  File "/usr/global/miniconda/py310_23.1.0-1/envs/workshop/lib/python3.7/runpy.py", line 85, in _run_code
    exec(code, run_globals)
  File "/usr/global/miniconda/py310_23.1.0-1/envs/workshop/lib/python3.7/site-packages/distributed/cli/dask_worker.py", line 469, in <module>
    go()
  File "/usr/global/miniconda/py310_23.1.0-1/envs/workshop/lib/python3.7/site-packages/distributed/cli/dask_worker.py", line 465, in go
    main()
  File "/usr/global/miniconda/py310_23.1.0-1/envs/workshop/lib/python3.7/site-packages/click/core.py", line 1128, in __call__
    return self.main(*args, **kwargs)
  File "/usr/global/miniconda/py310_23.1.0-1/envs/workshop/lib/python3.7/site-packages/click/core.py", line 1053, in main
    rv = self.invoke(ctx)
  File "/usr/global/miniconda/py310_23.1.0-1/envs/workshop/lib/python3.7/site-packages/click/core.py", line 1395, in invoke
    return ctx.invoke(self.callback, **ctx.params)
  File "/usr/global/miniconda/py310_23.1.0-1/envs/workshop/lib/python3.7/site-packages/click/core.py", line 754, in invoke
    return __callback(*args, **kwargs)
  File "/usr/global/miniconda/py310_23.1.0-1/envs/workshop/lib/python3.7/site-packages/distributed/cli/dask_worker.py", line 451, in main
    loop.run_sync(run)
  File "/usr/global/miniconda/py310_23.1.0-1/envs/workshop/lib/python3.7/site-packages/tornado/ioloop.py", line 530, in run_sync
    return future_cell[0].result()
  File "/usr/global/miniconda/py310_23.1.0-1/envs/workshop/lib/python3.7/site-packages/distributed/cli/dask_worker.py", line 445, in run
    await asyncio.gather(*nannies)
  File "/usr/global/miniconda/py310_23.1.0-1/envs/workshop/lib/python3.7/asyncio/tasks.py", line 630, in _wrap_awaitable
    return (yield from awaitable.__await__())
  File "/usr/global/miniconda/py310_23.1.0-1/envs/workshop/lib/python3.7/site-packages/distributed/core.py", line 275, in _
    type(self).__name__, timeout
concurrent.futures._base.TimeoutError: Nanny failed to start in 60 seconds
distributed.process - INFO - reaping stray process <SpawnProcess(Dask Worker process (from Nanny), started daemon)>
