distributed.nanny - INFO -         Start Nanny at: 'tcp://192.168.86.107:39172'
distributed.worker - INFO -       Start worker at: tcp://192.168.86.107:40656
distributed.worker - INFO -          Listening to: tcp://192.168.86.107:40656
distributed.worker - INFO -          dashboard at:       192.168.86.107:40402
distributed.worker - INFO - Waiting to connect to: tcp://192.168.86.107:45876
distributed.worker - INFO - -------------------------------------------------
distributed.worker - INFO -               Threads:                          1
distributed.worker - INFO -                Memory:                  14.90 GiB
distributed.worker - INFO -       Local Directory: /home1/zrentala/dask-worker-space/dask-worker-space/worker-7zarfddk
distributed.worker - INFO - -------------------------------------------------
distributed.worker - INFO -         Registered to: tcp://192.168.86.107:45876
distributed.worker - INFO - -------------------------------------------------
distributed.core - INFO - Starting established connection
distributed.worker - WARNING - Unmanaged memory use is high. This may indicate a memory leak or the memory may not be released to the OS; see https://distributed.dask.org/en/latest/worker.html#memtrim for more information. -- Unmanaged memory: 10.56 GiB -- Worker memory limit: 14.90 GiB
distributed.worker - WARNING - Unmanaged memory use is high. This may indicate a memory leak or the memory may not be released to the OS; see https://distributed.dask.org/en/latest/worker.html#memtrim for more information. -- Unmanaged memory: 10.67 GiB -- Worker memory limit: 14.90 GiB
distributed.worker - WARNING - Unmanaged memory use is high. This may indicate a memory leak or the memory may not be released to the OS; see https://distributed.dask.org/en/latest/worker.html#memtrim for more information. -- Unmanaged memory: 10.81 GiB -- Worker memory limit: 14.90 GiB
distributed.worker - WARNING - Unmanaged memory use is high. This may indicate a memory leak or the memory may not be released to the OS; see https://distributed.dask.org/en/latest/worker.html#memtrim for more information. -- Unmanaged memory: 10.95 GiB -- Worker memory limit: 14.90 GiB
distributed.worker - WARNING - Unmanaged memory use is high. This may indicate a memory leak or the memory may not be released to the OS; see https://distributed.dask.org/en/latest/worker.html#memtrim for more information. -- Unmanaged memory: 11.08 GiB -- Worker memory limit: 14.90 GiB
distributed.worker - WARNING - Unmanaged memory use is high. This may indicate a memory leak or the memory may not be released to the OS; see https://distributed.dask.org/en/latest/worker.html#memtrim for more information. -- Unmanaged memory: 11.22 GiB -- Worker memory limit: 14.90 GiB
distributed.worker - WARNING - Unmanaged memory use is high. This may indicate a memory leak or the memory may not be released to the OS; see https://distributed.dask.org/en/latest/worker.html#memtrim for more information. -- Unmanaged memory: 11.36 GiB -- Worker memory limit: 14.90 GiB
distributed.worker - WARNING - Unmanaged memory use is high. This may indicate a memory leak or the memory may not be released to the OS; see https://distributed.dask.org/en/latest/worker.html#memtrim for more information. -- Unmanaged memory: 11.50 GiB -- Worker memory limit: 14.90 GiB
distributed.worker - WARNING - Unmanaged memory use is high. This may indicate a memory leak or the memory may not be released to the OS; see https://distributed.dask.org/en/latest/worker.html#memtrim for more information. -- Unmanaged memory: 11.64 GiB -- Worker memory limit: 14.90 GiB
distributed.worker - WARNING - Unmanaged memory use is high. This may indicate a memory leak or the memory may not be released to the OS; see https://distributed.dask.org/en/latest/worker.html#memtrim for more information. -- Unmanaged memory: 11.77 GiB -- Worker memory limit: 14.90 GiB
distributed.worker - WARNING - Worker is at 80% memory usage. Pausing worker.  Process memory: 11.95 GiB -- Worker memory limit: 14.90 GiB
distributed.worker - WARNING - Unmanaged memory use is high. This may indicate a memory leak or the memory may not be released to the OS; see https://distributed.dask.org/en/latest/worker.html#memtrim for more information. -- Unmanaged memory: 11.95 GiB -- Worker memory limit: 14.90 GiB
distributed.worker - WARNING - Unmanaged memory use is high. This may indicate a memory leak or the memory may not be released to the OS; see https://distributed.dask.org/en/latest/worker.html#memtrim for more information. -- Unmanaged memory: 12.01 GiB -- Worker memory limit: 14.90 GiB
distributed.worker - WARNING - Worker is at 4% memory usage. Resuming worker. Process memory: 619.00 MiB -- Worker memory limit: 14.90 GiB
distributed.worker - WARNING - Unmanaged memory use is high. This may indicate a memory leak or the memory may not be released to the OS; see https://distributed.dask.org/en/latest/worker.html#memtrim for more information. -- Unmanaged memory: 10.50 GiB -- Worker memory limit: 14.90 GiB
distributed.worker - WARNING - Unmanaged memory use is high. This may indicate a memory leak or the memory may not be released to the OS; see https://distributed.dask.org/en/latest/worker.html#memtrim for more information. -- Unmanaged memory: 10.60 GiB -- Worker memory limit: 14.90 GiB
distributed.worker - WARNING - Unmanaged memory use is high. This may indicate a memory leak or the memory may not be released to the OS; see https://distributed.dask.org/en/latest/worker.html#memtrim for more information. -- Unmanaged memory: 10.70 GiB -- Worker memory limit: 14.90 GiB
distributed.worker - WARNING - Unmanaged memory use is high. This may indicate a memory leak or the memory may not be released to the OS; see https://distributed.dask.org/en/latest/worker.html#memtrim for more information. -- Unmanaged memory: 10.81 GiB -- Worker memory limit: 14.90 GiB
distributed.worker - WARNING - Unmanaged memory use is high. This may indicate a memory leak or the memory may not be released to the OS; see https://distributed.dask.org/en/latest/worker.html#memtrim for more information. -- Unmanaged memory: 10.91 GiB -- Worker memory limit: 14.90 GiB
distributed.worker - WARNING - Unmanaged memory use is high. This may indicate a memory leak or the memory may not be released to the OS; see https://distributed.dask.org/en/latest/worker.html#memtrim for more information. -- Unmanaged memory: 11.01 GiB -- Worker memory limit: 14.90 GiB
distributed.worker - WARNING - Unmanaged memory use is high. This may indicate a memory leak or the memory may not be released to the OS; see https://distributed.dask.org/en/latest/worker.html#memtrim for more information. -- Unmanaged memory: 11.11 GiB -- Worker memory limit: 14.90 GiB
distributed.worker - WARNING - Unmanaged memory use is high. This may indicate a memory leak or the memory may not be released to the OS; see https://distributed.dask.org/en/latest/worker.html#memtrim for more information. -- Unmanaged memory: 11.21 GiB -- Worker memory limit: 14.90 GiB
distributed.worker - WARNING - Unmanaged memory use is high. This may indicate a memory leak or the memory may not be released to the OS; see https://distributed.dask.org/en/latest/worker.html#memtrim for more information. -- Unmanaged memory: 11.31 GiB -- Worker memory limit: 14.90 GiB
distributed.worker - WARNING - Unmanaged memory use is high. This may indicate a memory leak or the memory may not be released to the OS; see https://distributed.dask.org/en/latest/worker.html#memtrim for more information. -- Unmanaged memory: 11.41 GiB -- Worker memory limit: 14.90 GiB
distributed.worker - WARNING - Unmanaged memory use is high. This may indicate a memory leak or the memory may not be released to the OS; see https://distributed.dask.org/en/latest/worker.html#memtrim for more information. -- Unmanaged memory: 11.51 GiB -- Worker memory limit: 14.90 GiB
distributed.worker - WARNING - Unmanaged memory use is high. This may indicate a memory leak or the memory may not be released to the OS; see https://distributed.dask.org/en/latest/worker.html#memtrim for more information. -- Unmanaged memory: 11.61 GiB -- Worker memory limit: 14.90 GiB
distributed.worker - WARNING - Unmanaged memory use is high. This may indicate a memory leak or the memory may not be released to the OS; see https://distributed.dask.org/en/latest/worker.html#memtrim for more information. -- Unmanaged memory: 11.72 GiB -- Worker memory limit: 14.90 GiB
distributed.worker - WARNING - Unmanaged memory use is high. This may indicate a memory leak or the memory may not be released to the OS; see https://distributed.dask.org/en/latest/worker.html#memtrim for more information. -- Unmanaged memory: 11.82 GiB -- Worker memory limit: 14.90 GiB
distributed.worker - WARNING - Worker is at 80% memory usage. Pausing worker.  Process memory: 11.92 GiB -- Worker memory limit: 14.90 GiB
distributed.worker - WARNING - Unmanaged memory use is high. This may indicate a memory leak or the memory may not be released to the OS; see https://distributed.dask.org/en/latest/worker.html#memtrim for more information. -- Unmanaged memory: 11.92 GiB -- Worker memory limit: 14.90 GiB
distributed.worker - WARNING - Unmanaged memory use is high. This may indicate a memory leak or the memory may not be released to the OS; see https://distributed.dask.org/en/latest/worker.html#memtrim for more information. -- Unmanaged memory: 12.03 GiB -- Worker memory limit: 14.90 GiB
distributed.worker - WARNING - Unmanaged memory use is high. This may indicate a memory leak or the memory may not be released to the OS; see https://distributed.dask.org/en/latest/worker.html#memtrim for more information. -- Unmanaged memory: 12.13 GiB -- Worker memory limit: 14.90 GiB
distributed.worker - WARNING - Unmanaged memory use is high. This may indicate a memory leak or the memory may not be released to the OS; see https://distributed.dask.org/en/latest/worker.html#memtrim for more information. -- Unmanaged memory: 12.23 GiB -- Worker memory limit: 14.90 GiB
distributed.worker - WARNING - Unmanaged memory use is high. This may indicate a memory leak or the memory may not be released to the OS; see https://distributed.dask.org/en/latest/worker.html#memtrim for more information. -- Unmanaged memory: 12.34 GiB -- Worker memory limit: 14.90 GiB
distributed.worker - WARNING - Unmanaged memory use is high. This may indicate a memory leak or the memory may not be released to the OS; see https://distributed.dask.org/en/latest/worker.html#memtrim for more information. -- Unmanaged memory: 12.49 GiB -- Worker memory limit: 14.90 GiB
distributed.worker - WARNING - Unmanaged memory use is high. This may indicate a memory leak or the memory may not be released to the OS; see https://distributed.dask.org/en/latest/worker.html#memtrim for more information. -- Unmanaged memory: 12.65 GiB -- Worker memory limit: 14.90 GiB
distributed.worker - WARNING - Unmanaged memory use is high. This may indicate a memory leak or the memory may not be released to the OS; see https://distributed.dask.org/en/latest/worker.html#memtrim for more information. -- Unmanaged memory: 12.81 GiB -- Worker memory limit: 14.90 GiB
distributed.worker - WARNING - Unmanaged memory use is high. This may indicate a memory leak or the memory may not be released to the OS; see https://distributed.dask.org/en/latest/worker.html#memtrim for more information. -- Unmanaged memory: 12.98 GiB -- Worker memory limit: 14.90 GiB
distributed.worker - WARNING - Worker is at 7% memory usage. Resuming worker. Process memory: 1.05 GiB -- Worker memory limit: 14.90 GiB
distributed.worker - INFO - Stopping worker at tcp://192.168.86.107:40656
distributed.worker - WARNING - Heartbeat to scheduler failed
Traceback (most recent call last):
  File "/usr/global/miniconda/py310_23.1.0-1/envs/workshop/lib/python3.7/site-packages/distributed/comm/tcp.py", line 205, in read
    frames_nbytes = await stream.read_bytes(fmt_size)
tornado.iostream.StreamClosedError: Stream is closed

The above exception was the direct cause of the following exception:

Traceback (most recent call last):
  File "/usr/global/miniconda/py310_23.1.0-1/envs/workshop/lib/python3.7/site-packages/distributed/worker.py", line 1197, in heartbeat
    for key in self.active_keys
  File "/usr/global/miniconda/py310_23.1.0-1/envs/workshop/lib/python3.7/site-packages/distributed/utils_comm.py", line 390, in retry_operation
    operation=operation,
  File "/usr/global/miniconda/py310_23.1.0-1/envs/workshop/lib/python3.7/site-packages/distributed/utils_comm.py", line 370, in retry
    return await coro()
  File "/usr/global/miniconda/py310_23.1.0-1/envs/workshop/lib/python3.7/site-packages/distributed/core.py", line 863, in send_recv_from_rpc
    result = await send_recv(comm=comm, op=key, **kwargs)
  File "/usr/global/miniconda/py310_23.1.0-1/envs/workshop/lib/python3.7/site-packages/distributed/core.py", line 640, in send_recv
    response = await comm.read(deserializers=deserializers)
  File "/usr/global/miniconda/py310_23.1.0-1/envs/workshop/lib/python3.7/site-packages/distributed/comm/tcp.py", line 221, in read
    convert_stream_closed_error(self, e)
  File "/usr/global/miniconda/py310_23.1.0-1/envs/workshop/lib/python3.7/site-packages/distributed/comm/tcp.py", line 128, in convert_stream_closed_error
    raise CommClosedError(f"in {obj}: {exc}") from exc
distributed.comm.core.CommClosedError: in <TCP (closed) ConnectionPool.heartbeat_worker local=tcp://192.168.86.107:32794 remote=tcp://192.168.86.107:45876>: Stream is closed
distributed.nanny - INFO - Worker closed
slurmstepd: error: *** JOB 3227973 ON node07 CANCELLED AT 2025-11-12T16:35:17 ***
