distributed.nanny - INFO -         Start Nanny at: 'tcp://192.168.86.142:42989'
distributed.worker - INFO -       Start worker at: tcp://192.168.86.142:38087
distributed.worker - INFO -          Listening to: tcp://192.168.86.142:38087
distributed.worker - INFO -          dashboard at:       192.168.86.142:38995
distributed.worker - INFO - Waiting to connect to: tcp://192.168.86.107:45595
distributed.worker - INFO - -------------------------------------------------
distributed.worker - INFO -               Threads:                          1
distributed.worker - INFO -                Memory:                  14.90 GiB
distributed.worker - INFO -       Local Directory: /home1/zrentala/dask-worker-space/dask-worker-space/worker-ckcswa_i
distributed.worker - INFO - -------------------------------------------------
distributed.worker - INFO -         Registered to: tcp://192.168.86.107:45595
distributed.worker - INFO - -------------------------------------------------
distributed.core - INFO - Starting established connection
distributed.worker - WARNING - Unmanaged memory use is high. This may indicate a memory leak or the memory may not be released to the OS; see https://distributed.dask.org/en/latest/worker.html#memtrim for more information. -- Unmanaged memory: 10.53 GiB -- Worker memory limit: 14.90 GiB
distributed.worker - WARNING - Unmanaged memory use is high. This may indicate a memory leak or the memory may not be released to the OS; see https://distributed.dask.org/en/latest/worker.html#memtrim for more information. -- Unmanaged memory: 10.59 GiB -- Worker memory limit: 14.90 GiB
distributed.worker - WARNING - Unmanaged memory use is high. This may indicate a memory leak or the memory may not be released to the OS; see https://distributed.dask.org/en/latest/worker.html#memtrim for more information. -- Unmanaged memory: 10.70 GiB -- Worker memory limit: 14.90 GiB
distributed.worker - WARNING - Unmanaged memory use is high. This may indicate a memory leak or the memory may not be released to the OS; see https://distributed.dask.org/en/latest/worker.html#memtrim for more information. -- Unmanaged memory: 10.81 GiB -- Worker memory limit: 14.90 GiB
distributed.worker - WARNING - Unmanaged memory use is high. This may indicate a memory leak or the memory may not be released to the OS; see https://distributed.dask.org/en/latest/worker.html#memtrim for more information. -- Unmanaged memory: 10.91 GiB -- Worker memory limit: 14.90 GiB
distributed.worker - WARNING - Unmanaged memory use is high. This may indicate a memory leak or the memory may not be released to the OS; see https://distributed.dask.org/en/latest/worker.html#memtrim for more information. -- Unmanaged memory: 11.02 GiB -- Worker memory limit: 14.90 GiB
distributed.worker - WARNING - Unmanaged memory use is high. This may indicate a memory leak or the memory may not be released to the OS; see https://distributed.dask.org/en/latest/worker.html#memtrim for more information. -- Unmanaged memory: 11.13 GiB -- Worker memory limit: 14.90 GiB
distributed.worker - WARNING - Unmanaged memory use is high. This may indicate a memory leak or the memory may not be released to the OS; see https://distributed.dask.org/en/latest/worker.html#memtrim for more information. -- Unmanaged memory: 11.25 GiB -- Worker memory limit: 14.90 GiB
distributed.worker - WARNING - Unmanaged memory use is high. This may indicate a memory leak or the memory may not be released to the OS; see https://distributed.dask.org/en/latest/worker.html#memtrim for more information. -- Unmanaged memory: 11.36 GiB -- Worker memory limit: 14.90 GiB
distributed.worker - WARNING - Unmanaged memory use is high. This may indicate a memory leak or the memory may not be released to the OS; see https://distributed.dask.org/en/latest/worker.html#memtrim for more information. -- Unmanaged memory: 11.47 GiB -- Worker memory limit: 14.90 GiB
distributed.worker - WARNING - Unmanaged memory use is high. This may indicate a memory leak or the memory may not be released to the OS; see https://distributed.dask.org/en/latest/worker.html#memtrim for more information. -- Unmanaged memory: 11.59 GiB -- Worker memory limit: 14.90 GiB
distributed.worker - WARNING - Unmanaged memory use is high. This may indicate a memory leak or the memory may not be released to the OS; see https://distributed.dask.org/en/latest/worker.html#memtrim for more information. -- Unmanaged memory: 11.70 GiB -- Worker memory limit: 14.90 GiB
distributed.worker - WARNING - Unmanaged memory use is high. This may indicate a memory leak or the memory may not be released to the OS; see https://distributed.dask.org/en/latest/worker.html#memtrim for more information. -- Unmanaged memory: 11.82 GiB -- Worker memory limit: 14.90 GiB
distributed.worker - WARNING - Worker is at 80% memory usage. Pausing worker.  Process memory: 11.98 GiB -- Worker memory limit: 14.90 GiB
distributed.worker - WARNING - Unmanaged memory use is high. This may indicate a memory leak or the memory may not be released to the OS; see https://distributed.dask.org/en/latest/worker.html#memtrim for more information. -- Unmanaged memory: 11.98 GiB -- Worker memory limit: 14.90 GiB
distributed.worker - WARNING - Unmanaged memory use is high. This may indicate a memory leak or the memory may not be released to the OS; see https://distributed.dask.org/en/latest/worker.html#memtrim for more information. -- Unmanaged memory: 12.02 GiB -- Worker memory limit: 14.90 GiB
distributed.worker - WARNING - Worker is at 4% memory usage. Resuming worker. Process memory: 614.74 MiB -- Worker memory limit: 14.90 GiB
distributed.worker - INFO - Connection to scheduler broken.  Reconnecting...
tornado.application - ERROR - Exception in callback <function Worker.__init__.<locals>.<lambda> at 0x2b89b98b98c0>
Traceback (most recent call last):
  File "/usr/global/miniconda/py310_23.1.0-1/envs/workshop/lib/python3.7/site-packages/tornado/ioloop.py", line 905, in _run
    return self.callback()
  File "/usr/global/miniconda/py310_23.1.0-1/envs/workshop/lib/python3.7/site-packages/distributed/worker.py", line 911, in <lambda>
    lambda: self.batched_stream.send({"op": "keep-alive"}), 60000
  File "/usr/global/miniconda/py310_23.1.0-1/envs/workshop/lib/python3.7/site-packages/distributed/batched.py", line 136, in send
    raise CommClosedError(f"Comm {self.comm!r} already closed.")
distributed.comm.core.CommClosedError: Comm <TCP (closed) Worker->Scheduler local=tcp://192.168.86.142:51468 remote=tcp://192.168.86.107:45595> already closed.
distributed.worker - WARNING - Unmanaged memory use is high. This may indicate a memory leak or the memory may not be released to the OS; see https://distributed.dask.org/en/latest/worker.html#memtrim for more information. -- Unmanaged memory: 10.47 GiB -- Worker memory limit: 14.90 GiB
distributed.worker - WARNING - Unmanaged memory use is high. This may indicate a memory leak or the memory may not be released to the OS; see https://distributed.dask.org/en/latest/worker.html#memtrim for more information. -- Unmanaged memory: 10.59 GiB -- Worker memory limit: 14.90 GiB
distributed.worker - WARNING - Unmanaged memory use is high. This may indicate a memory leak or the memory may not be released to the OS; see https://distributed.dask.org/en/latest/worker.html#memtrim for more information. -- Unmanaged memory: 10.72 GiB -- Worker memory limit: 14.90 GiB
distributed.worker - WARNING - Unmanaged memory use is high. This may indicate a memory leak or the memory may not be released to the OS; see https://distributed.dask.org/en/latest/worker.html#memtrim for more information. -- Unmanaged memory: 10.84 GiB -- Worker memory limit: 14.90 GiB
distributed.worker - WARNING - Unmanaged memory use is high. This may indicate a memory leak or the memory may not be released to the OS; see https://distributed.dask.org/en/latest/worker.html#memtrim for more information. -- Unmanaged memory: 10.96 GiB -- Worker memory limit: 14.90 GiB
distributed.worker - WARNING - Unmanaged memory use is high. This may indicate a memory leak or the memory may not be released to the OS; see https://distributed.dask.org/en/latest/worker.html#memtrim for more information. -- Unmanaged memory: 11.08 GiB -- Worker memory limit: 14.90 GiB
distributed.worker - WARNING - Unmanaged memory use is high. This may indicate a memory leak or the memory may not be released to the OS; see https://distributed.dask.org/en/latest/worker.html#memtrim for more information. -- Unmanaged memory: 11.21 GiB -- Worker memory limit: 14.90 GiB
distributed.worker - WARNING - Unmanaged memory use is high. This may indicate a memory leak or the memory may not be released to the OS; see https://distributed.dask.org/en/latest/worker.html#memtrim for more information. -- Unmanaged memory: 11.33 GiB -- Worker memory limit: 14.90 GiB
distributed.worker - WARNING - Unmanaged memory use is high. This may indicate a memory leak or the memory may not be released to the OS; see https://distributed.dask.org/en/latest/worker.html#memtrim for more information. -- Unmanaged memory: 11.45 GiB -- Worker memory limit: 14.90 GiB
distributed.worker - WARNING - Unmanaged memory use is high. This may indicate a memory leak or the memory may not be released to the OS; see https://distributed.dask.org/en/latest/worker.html#memtrim for more information. -- Unmanaged memory: 11.57 GiB -- Worker memory limit: 14.90 GiB
distributed.worker - WARNING - Unmanaged memory use is high. This may indicate a memory leak or the memory may not be released to the OS; see https://distributed.dask.org/en/latest/worker.html#memtrim for more information. -- Unmanaged memory: 11.69 GiB -- Worker memory limit: 14.90 GiB
distributed.worker - WARNING - Unmanaged memory use is high. This may indicate a memory leak or the memory may not be released to the OS; see https://distributed.dask.org/en/latest/worker.html#memtrim for more information. -- Unmanaged memory: 11.82 GiB -- Worker memory limit: 14.90 GiB
distributed.worker - WARNING - Worker is at 80% memory usage. Pausing worker.  Process memory: 11.94 GiB -- Worker memory limit: 14.90 GiB
distributed.worker - WARNING - Unmanaged memory use is high. This may indicate a memory leak or the memory may not be released to the OS; see https://distributed.dask.org/en/latest/worker.html#memtrim for more information. -- Unmanaged memory: 11.94 GiB -- Worker memory limit: 14.90 GiB
distributed.worker - WARNING - Unmanaged memory use is high. This may indicate a memory leak or the memory may not be released to the OS; see https://distributed.dask.org/en/latest/worker.html#memtrim for more information. -- Unmanaged memory: 12.06 GiB -- Worker memory limit: 14.90 GiB
distributed.worker - WARNING - Unmanaged memory use is high. This may indicate a memory leak or the memory may not be released to the OS; see https://distributed.dask.org/en/latest/worker.html#memtrim for more information. -- Unmanaged memory: 12.18 GiB -- Worker memory limit: 14.90 GiB
distributed.worker - WARNING - Unmanaged memory use is high. This may indicate a memory leak or the memory may not be released to the OS; see https://distributed.dask.org/en/latest/worker.html#memtrim for more information. -- Unmanaged memory: 12.31 GiB -- Worker memory limit: 14.90 GiB
distributed.worker - WARNING - Unmanaged memory use is high. This may indicate a memory leak or the memory may not be released to the OS; see https://distributed.dask.org/en/latest/worker.html#memtrim for more information. -- Unmanaged memory: 12.49 GiB -- Worker memory limit: 14.90 GiB
distributed.worker - WARNING - Unmanaged memory use is high. This may indicate a memory leak or the memory may not be released to the OS; see https://distributed.dask.org/en/latest/worker.html#memtrim for more information. -- Unmanaged memory: 12.66 GiB -- Worker memory limit: 14.90 GiB
distributed.worker - WARNING - Unmanaged memory use is high. This may indicate a memory leak or the memory may not be released to the OS; see https://distributed.dask.org/en/latest/worker.html#memtrim for more information. -- Unmanaged memory: 12.84 GiB -- Worker memory limit: 14.90 GiB
distributed.worker - WARNING - Worker is at 6% memory usage. Resuming worker. Process memory: 0.97 GiB -- Worker memory limit: 14.90 GiB
distributed.worker - INFO - Stopping worker at tcp://192.168.86.142:38087
distributed.nanny - INFO - Worker closed
distributed.nanny - INFO - Closing Nanny at 'tcp://192.168.86.142:42989'
distributed.dask_worker - INFO - End worker
