Saved path: dentist, grocery_store, clothing_store, toy_store, noodle_house, burger_joint, gym, jewelry_store, salon, bakery, gelateria, florist, craft_shop, pizzeria, bookstore : 38288
Saved path: florist, craft_shop, dentist, cafe, bookstore, grocery_store, clothing_store, toy_store, gym, hardware_store, pet_store, bakery, salon, pharmacy, gelateria : 45368
Saved path: tech_shop, clothing_store, grocery_store, cafe, bookstore, pizzeria, gym, florist, music_store, gelateria, bakery, salon, jewelry_store, barber_shop, toy_store : 36766
Saved path: bookstore, cafe, noodle_house, toy_store, gym, hardware_store, pet_store, bike_shop, salon, jewelry_store, gelateria, music_store, florist, craft_shop, pizzeria : 46131
Saved path: gelateria, bank, pizzeria, gym, hardware_store, burger_joint, bookstore, cafe, grocery_store, tech_shop, toy_store, barber_shop, bakery, salon, pharmacy : 36134
Saved path: party_store, pharmacy, craft_shop, bookstore, cafe, grocery_store, clothing_store, toy_store, noodle_house, tech_shop, burger_joint, bakery, pet_store, bike_shop, salon : 39114
Saved path: gelateria, party_store, bakery, bike_shop, jewelry_store, gym, burger_joint, tech_shop, noodle_house, toy_store, clothing_store, grocery_store, cafe, dentist, florist : 39232
Saved path: bike_shop, pet_store, bakery, jewelry_store, hardware_store, gym, burger_joint, toy_store, grocery_store, dentist, pizzeria, florist, gelateria, pharmacy, party_store : 49174
Saved path: gelateria, pharmacy, bike_shop, bakery, barber_shop, jewelry_store, hardware_store, gym, toy_store, noodle_house, clothing_store, dentist, cafe, bookstore, florist : 43683
Saved path: pizzeria, bank, florist, music_store, party_store, salon, bike_shop, pet_store, bakery, barber_shop, toy_store, clothing_store, bookstore, burger_joint, gym : 47717
Saved path: bookstore, cafe, grocery_store, tech_shop, toy_store, gym, hardware_store, barber_shop, bakery, salon, pharmacy, music_store, florist, bank, craft_shop : 37463
Saved path: jewelry_store, salon, bike_shop, pet_store, pharmacy, gelateria, music_store, florist, craft_shop, gym, burger_joint, grocery_store, clothing_store, noodle_house, toy_store : 46352
Saved path: dentist, cafe, grocery_store, clothing_store, tech_shop, toy_store, gym, hardware_store, jewelry_store, bakery, pet_store, bike_shop, pharmacy, music_store, craft_shop : 50258
Saved path: clothing_store, toy_store, barber_shop, jewelry_store, salon, bakery, pet_store, party_store, pharmacy, gelateria, music_store, bank, dentist, burger_joint, tech_shop : 48188
Saved path: bakery, pharmacy, florist, bank, pizzeria, bookstore, dentist, grocery_store, clothing_store, toy_store, tech_shop, burger_joint, gym, hardware_store, bike_shop : 38102
Saved path: clothing_store, grocery_store, pizzeria, craft_shop, bank, pharmacy, jewelry_store, salon, bakery, pet_store, hardware_store, burger_joint, tech_shop, noodle_house, toy_store : 41326
Saved path: clothing_store, grocery_store, cafe, burger_joint, gym, bank, gelateria, music_store, party_store, bakery, bike_shop, jewelry_store, barber_shop, toy_store, tech_shop : 37962
Saved path: bookstore, cafe, burger_joint, toy_store, gym, hardware_store, jewelry_store, bakery, salon, pharmacy, gelateria, music_store, florist, bank, pizzeria : 33606
Saved path: toy_store, noodle_house, tech_shop, burger_joint, hardware_store, bike_shop, party_store, pharmacy, gelateria, music_store, florist, bookstore, cafe, dentist, clothing_store : 39043
Saved path: toy_store, clothing_store, noodle_house, burger_joint, cafe, dentist, pizzeria, bank, gelateria, pharmacy, party_store, salon, pet_store, bakery, barber_shop : 46829
Saved path: pet_store, bakery, salon, jewelry_store, barber_shop, toy_store, noodle_house, tech_shop, bookstore, pizzeria, gym, bank, florist, gelateria, pharmacy : 42607
Saved path: jewelry_store, barber_shop, party_store, pharmacy, florist, craft_shop, dentist, cafe, burger_joint, tech_shop, toy_store, hardware_store, pet_store, bakery, salon : 45529
Saved path: cafe, burger_joint, tech_shop, toy_store, barber_shop, jewelry_store, bakery, party_store, gelateria, florist, bank, gym, pizzeria, craft_shop, dentist : 37279
Saved path: hardware_store, jewelry_store, salon, bakery, party_store, gelateria, florist, bank, pizzeria, craft_shop, dentist, cafe, clothing_store, toy_store, burger_joint : 34930
Saved path: bakery, party_store, pharmacy, gelateria, music_store, bank, craft_shop, dentist, cafe, grocery_store, clothing_store, toy_store, noodle_house, burger_joint, gym : 35355
Saved path: cafe, craft_shop, bank, florist, music_store, gelateria, pharmacy, party_store, bakery, pet_store, hardware_store, burger_joint, noodle_house, toy_store, grocery_store : 41062
Saved path: bookstore, burger_joint, tech_shop, toy_store, hardware_store, pet_store, bakery, barber_shop, pharmacy, music_store, bank, craft_shop, dentist, grocery_store, cafe : 51139
Saved path: bike_shop, party_store, hardware_store, gym, bank, pizzeria, bookstore, burger_joint, dentist, clothing_store, toy_store, barber_shop, jewelry_store, bakery, pet_store : 48322
Saved path: bookstore, pizzeria, craft_shop, music_store, gelateria, bakery, bike_shop, salon, jewelry_store, hardware_store, gym, toy_store, tech_shop, burger_joint, cafe : 37389
Saved path: hardware_store, burger_joint, noodle_house, toy_store, clothing_store, cafe, dentist, craft_shop, pizzeria, bank, florist, party_store, barber_shop, bakery, salon : 37379
Saved path: clothing_store, grocery_store, cafe, bookstore, pizzeria, gelateria, pharmacy, party_store, salon, bike_shop, jewelry_store, hardware_store, gym, toy_store, tech_shop : 35232
Saved path: hardware_store, toy_store, noodle_house, tech_shop, clothing_store, cafe, pizzeria, florist, music_store, gelateria, barber_shop, bakery, pet_store, bike_shop, salon : 47755
Saved path: hardware_store, toy_store, noodle_house, burger_joint, dentist, craft_shop, pizzeria, florist, music_store, pharmacy, party_store, jewelry_store, salon, bike_shop, pet_store : 47319
Saved path: party_store, salon, bike_shop, bakery, jewelry_store, barber_shop, toy_store, grocery_store, cafe, gym, pizzeria, bank, gelateria, music_store, pharmacy : 37835
Saved path: bakery, pet_store, salon, pharmacy, bank, craft_shop, pizzeria, bookstore, cafe, tech_shop, noodle_house, toy_store, gym, hardware_store, barber_shop : 44344
Saved path: florist, craft_shop, pizzeria, bookstore, cafe, burger_joint, tech_shop, clothing_store, toy_store, gym, bike_shop, salon, party_store, gelateria, music_store : 35537
Saved path: bookstore, pizzeria, florist, music_store, party_store, salon, bike_shop, pet_store, jewelry_store, hardware_store, gym, toy_store, tech_shop, cafe, dentist : 50730
Saved path: gym, burger_joint, noodle_house, toy_store, grocery_store, cafe, bookstore, craft_shop, music_store, pharmacy, party_store, salon, bike_shop, pet_store, bakery : 44024
Saved path: music_store, craft_shop, pizzeria, bookstore, burger_joint, dentist, clothing_store, toy_store, hardware_store, jewelry_store, salon, pet_store, bakery, pharmacy, gelateria : 49431
Saved path: craft_shop, pizzeria, gelateria, party_store, bakery, pet_store, jewelry_store, barber_shop, toy_store, noodle_house, burger_joint, tech_shop, clothing_store, grocery_store, dentist : 46800
Saved path: pet_store, bike_shop, salon, party_store, hardware_store, burger_joint, bookstore, florist, craft_shop, dentist, clothing_store, noodle_house, toy_store, barber_shop, bakery : 50052
Saved path: toy_store, noodle_house, clothing_store, bookstore, pizzeria, gym, craft_shop, bank, florist, music_store, party_store, bike_shop, pet_store, bakery, barber_shop : 48413
Saved path: barber_shop, toy_store, noodle_house, tech_shop, clothing_store, grocery_store, cafe, dentist, florist, gym, hardware_store, party_store, bike_shop, bakery, jewelry_store : 39958
Saved path: party_store, gelateria, music_store, pizzeria, bookstore, burger_joint, tech_shop, clothing_store, toy_store, gym, hardware_store, bakery, pet_store, bike_shop, salon : 44479
Saved path: bike_shop, bakery, barber_shop, jewelry_store, hardware_store, toy_store, noodle_house, tech_shop, burger_joint, bookstore, dentist, craft_shop, bank, florist, gelateria : 40083
Saved path: bookstore, cafe, grocery_store, tech_shop, noodle_house, toy_store, barber_shop, bakery, salon, music_store, florist, craft_shop, gym, hardware_store, burger_joint : 37854
Saved path: tech_shop, burger_joint, hardware_store, barber_shop, bakery, pet_store, bike_shop, pharmacy, music_store, bank, cafe, grocery_store, clothing_store, toy_store, noodle_house : 47809
Saved path: salon, bike_shop, bakery, barber_shop, party_store, gelateria, music_store, bank, pizzeria, bookstore, dentist, grocery_store, clothing_store, toy_store, hardware_store : 42784
Saved path: cafe, bookstore, tech_shop, clothing_store, toy_store, gym, hardware_store, bakery, pet_store, bike_shop, salon, party_store, gelateria, craft_shop, dentist : 47070
Saved path: bookstore, tech_shop, clothing_store, toy_store, gym, hardware_store, pet_store, salon, jewelry_store, party_store, pharmacy, music_store, florist, craft_shop, dentist : 50325
Saved path: florist, bank, pizzeria, bookstore, grocery_store, toy_store, gym, hardware_store, barber_shop, bakery, pet_store, bike_shop, party_store, pharmacy, gelateria : 46523
Saved path: bakery, bike_shop, jewelry_store, barber_shop, toy_store, noodle_house, tech_shop, clothing_store, grocery_store, dentist, bookstore, pizzeria, bank, gym, hardware_store : 34848
Saved path: burger_joint, cafe, grocery_store, clothing_store, tech_shop, noodle_house, toy_store, barber_shop, jewelry_store, bakery, pet_store, hardware_store, craft_shop, florist, pizzeria : 41035
Saved path: bakery, pet_store, bike_shop, party_store, pharmacy, gelateria, bank, craft_shop, pizzeria, gym, burger_joint, grocery_store, tech_shop, noodle_house, toy_store : 41831
Saved path: party_store, pharmacy, florist, craft_shop, pizzeria, bookstore, cafe, dentist, grocery_store, clothing_store, toy_store, gym, bakery, bike_shop, jewelry_store : 38730
Saved path: jewelry_store, bakery, bike_shop, party_store, pharmacy, gelateria, music_store, craft_shop, pizzeria, cafe, grocery_store, clothing_store, tech_shop, toy_store, hardware_store : 35808
Saved path: bike_shop, pet_store, bakery, burger_joint, noodle_house, toy_store, clothing_store, grocery_store, cafe, craft_shop, bank, florist, music_store, gelateria, jewelry_store : 44895
Saved path: music_store, gelateria, bank, pizzeria, cafe, grocery_store, noodle_house, toy_store, gym, hardware_store, jewelry_store, salon, bike_shop, pet_store, bakery : 47024
Saved path: bakery, pet_store, bike_shop, party_store, music_store, bank, pizzeria, dentist, cafe, tech_shop, noodle_house, toy_store, gym, hardware_store, jewelry_store : 49569
Saved path: hardware_store, gym, pizzeria, bank, gelateria, music_store, pharmacy, party_store, bike_shop, pet_store, bakery, barber_shop, toy_store, tech_shop, burger_joint : 46887
Saved path: salon, party_store, gelateria, music_store, bank, pizzeria, dentist, cafe, toy_store, hardware_store, jewelry_store, barber_shop, bakery, pet_store, bike_shop : 50482
Saved path: cafe, grocery_store, noodle_house, toy_store, gym, bakery, pet_store, bike_shop, salon, jewelry_store, pharmacy, florist, bank, craft_shop, pizzeria : 43333
Saved path: pharmacy, florist, bank, craft_shop, dentist, clothing_store, toy_store, noodle_house, tech_shop, bookstore, burger_joint, gym, hardware_store, bakery, barber_shop : 40312
Saved path: bakery, barber_shop, pharmacy, gelateria, music_store, florist, dentist, bookstore, burger_joint, toy_store, gym, hardware_store, salon, bike_shop, pet_store : 54089
Saved path: bookstore, cafe, dentist, craft_shop, bank, florist, gelateria, pharmacy, barber_shop, jewelry_store, bakery, pet_store, hardware_store, toy_store, burger_joint : 46884
Saved path: burger_joint, cafe, grocery_store, toy_store, bakery, bike_shop, salon, party_store, pharmacy, gelateria, music_store, bank, craft_shop, pizzeria, gym : 34315
Saved path: bakery, salon, party_store, pharmacy, gelateria, music_store, bank, craft_shop, bookstore, cafe, grocery_store, clothing_store, noodle_house, toy_store, barber_shop : 33318
Saved path: pizzeria, craft_shop, bank, gelateria, music_store, party_store, bike_shop, bakery, jewelry_store, hardware_store, toy_store, clothing_store, tech_shop, burger_joint, bookstore : 35851
Saved path: salon, bike_shop, bakery, barber_shop, toy_store, bookstore, cafe, burger_joint, hardware_store, gym, craft_shop, bank, florist, gelateria, music_store : 39820
Saved path: burger_joint, bookstore, craft_shop, florist, music_store, pharmacy, party_store, salon, pet_store, bakery, jewelry_store, barber_shop, toy_store, clothing_store, grocery_store : 43615
Saved path: gelateria, pharmacy, salon, bakery, jewelry_store, hardware_store, gym, toy_store, noodle_house, tech_shop, dentist, craft_shop, bank, florist, music_store : 37240
Saved path: burger_joint, cafe, grocery_store, tech_shop, noodle_house, toy_store, gym, craft_shop, florist, music_store, pharmacy, jewelry_store, salon, bike_shop, pet_store : 45552
Saved path: bakery, barber_shop, jewelry_store, hardware_store, gym, noodle_house, burger_joint, bookstore, cafe, dentist, bank, florist, music_store, pharmacy, bike_shop : 43393
Saved path: florist, music_store, party_store, bakery, pet_store, bike_shop, jewelry_store, barber_shop, toy_store, clothing_store, dentist, cafe, bookstore, burger_joint, gym : 52537
Saved path: bike_shop, salon, hardware_store, toy_store, tech_shop, burger_joint, cafe, bookstore, pizzeria, gelateria, music_store, party_store, barber_shop, bakery, pet_store : 46498
Saved path: burger_joint, tech_shop, toy_store, gym, hardware_store, jewelry_store, pet_store, salon, pharmacy, florist, craft_shop, dentist, grocery_store, cafe, bookstore : 48666
Saved path: bike_shop, salon, jewelry_store, barber_shop, toy_store, tech_shop, clothing_store, grocery_store, cafe, dentist, pizzeria, bookstore, hardware_store, bakery, pet_store : 41535
Saved path: pet_store, bike_shop, salon, pharmacy, gelateria, florist, cafe, grocery_store, toy_store, noodle_house, burger_joint, hardware_store, jewelry_store, barber_shop, bakery : 45547
Saved path: bank, florist, pharmacy, party_store, barber_shop, bakery, pet_store, bike_shop, hardware_store, burger_joint, tech_shop, noodle_house, toy_store, grocery_store, pizzeria : 45166
Saved path: burger_joint, bank, craft_shop, dentist, grocery_store, clothing_store, tech_shop, noodle_house, toy_store, barber_shop, bakery, bike_shop, salon, party_store, hardware_store : 38450
Saved path: gym, craft_shop, music_store, gelateria, party_store, bakery, bike_shop, jewelry_store, barber_shop, toy_store, noodle_house, clothing_store, grocery_store, cafe, bookstore : 39741
Saved path: toy_store, noodle_house, tech_shop, clothing_store, dentist, bookstore, pizzeria, craft_shop, music_store, pharmacy, party_store, salon, bike_shop, bakery, jewelry_store : 39965
Saved path: bank, dentist, clothing_store, toy_store, noodle_house, tech_shop, burger_joint, hardware_store, jewelry_store, salon, bike_shop, pet_store, bakery, party_store, music_store : 48074
Saved path: hardware_store, jewelry_store, pet_store, salon, party_store, florist, craft_shop, dentist, cafe, bookstore, burger_joint, noodle_house, clothing_store, toy_store, gym : 48802
Saved path: party_store, pharmacy, florist, bank, craft_shop, pizzeria, tech_shop, noodle_house, toy_store, hardware_store, salon, bike_shop, pet_store, bakery, barber_shop : 42426
Saved path: toy_store, hardware_store, jewelry_store, bakery, bike_shop, pharmacy, music_store, gelateria, bank, craft_shop, gym, burger_joint, bookstore, grocery_store, clothing_store : 38499
Saved path: bakery, barber_shop, toy_store, noodle_house, tech_shop, clothing_store, grocery_store, dentist, craft_shop, pizzeria, bank, gelateria, pharmacy, salon, bike_shop : 37497
Saved path: cafe, bookstore, pizzeria, craft_shop, gelateria, party_store, bakery, barber_shop, jewelry_store, hardware_store, toy_store, noodle_house, clothing_store, grocery_store, dentist : 38206
Saved path: bakery, pet_store, party_store, music_store, florist, gym, pizzeria, bookstore, grocery_store, tech_shop, noodle_house, toy_store, barber_shop, jewelry_store, salon : 46612
Saved path: gelateria, music_store, florist, bank, craft_shop, pizzeria, cafe, tech_shop, toy_store, gym, bakery, pet_store, bike_shop, jewelry_store, party_store : 45082
Saved path: bakery, jewelry_store, party_store, gelateria, florist, bank, craft_shop, dentist, grocery_store, cafe, bookstore, tech_shop, noodle_house, toy_store, gym : 36716
Saved path: bookstore, craft_shop, gelateria, pharmacy, party_store, bakery, pet_store, bike_shop, salon, jewelry_store, hardware_store, toy_store, clothing_store, grocery_store, burger_joint : 42625
Saved path: grocery_store, clothing_store, toy_store, noodle_house, burger_joint, gym, jewelry_store, bakery, bike_shop, salon, party_store, music_store, bank, bookstore, dentist : 42485
Saved path: gym, toy_store, noodle_house, tech_shop, bookstore, dentist, craft_shop, pizzeria, bank, florist, party_store, bike_shop, bakery, jewelry_store, hardware_store : 39131
Saved path: burger_joint, noodle_house, clothing_store, grocery_store, dentist, craft_shop, bank, florist, pharmacy, barber_shop, jewelry_store, bakery, pet_store, hardware_store, gym : 47630
Saved path: bike_shop, jewelry_store, party_store, pharmacy, gelateria, music_store, pizzeria, craft_shop, dentist, cafe, clothing_store, tech_shop, noodle_house, toy_store, pet_store : 48654
Saved path: gym, toy_store, noodle_house, tech_shop, clothing_store, dentist, bookstore, bank, florist, music_store, gelateria, pharmacy, salon, bakery, hardware_store : 38035
Saved path: toy_store, clothing_store, grocery_store, cafe, bookstore, bank, florist, gelateria, bakery, pet_store, bike_shop, salon, jewelry_store, burger_joint, tech_shop : 41869
Saved path: hardware_store, gym, toy_store, noodle_house, clothing_store, cafe, bookstore, florist, gelateria, party_store, bakery, pet_store, bike_shop, salon, jewelry_store : 44426
Saved path: gelateria, pharmacy, bakery, salon, jewelry_store, barber_shop, toy_store, grocery_store, dentist, cafe, burger_joint, hardware_store, gym, florist, music_store : 41246
Saved path: bike_shop, pharmacy, gelateria, florist, bank, pizzeria, craft_shop, dentist, grocery_store, clothing_store, noodle_house, toy_store, gym, bakery, pet_store : 45016
Saved path: barber_shop, jewelry_store, pet_store, bakery, salon, party_store, pharmacy, gelateria, music_store, craft_shop, pizzeria, gym, tech_shop, noodle_house, toy_store : 44174
Saved path: florist, gelateria, pharmacy, party_store, salon, bakery, pet_store, toy_store, clothing_store, grocery_store, tech_shop, bookstore, dentist, craft_shop, bank : 42751
Saved path: bakery, salon, party_store, gelateria, florist, bank, pizzeria, dentist, grocery_store, toy_store, noodle_house, burger_joint, gym, hardware_store, pet_store : 45229
Saved path: burger_joint, gym, hardware_store, party_store, music_store, gelateria, bakery, pet_store, bike_shop, jewelry_store, barber_shop, toy_store, grocery_store, dentist, bookstore : 54701
Saved path: bakery, pet_store, bike_shop, music_store, bank, pizzeria, dentist, cafe, grocery_store, clothing_store, toy_store, tech_shop, burger_joint, hardware_store, jewelry_store : 49349
Saved path: burger_joint, cafe, grocery_store, clothing_store, toy_store, barber_shop, jewelry_store, bakery, bike_shop, salon, party_store, pharmacy, florist, bank, craft_shop : 33063
Saved path: toy_store, noodle_house, tech_shop, burger_joint, pet_store, bakery, jewelry_store, party_store, pharmacy, gelateria, craft_shop, pizzeria, cafe, grocery_store, clothing_store : 40702
Saved path: bookstore, dentist, grocery_store, clothing_store, noodle_house, toy_store, barber_shop, jewelry_store, salon, bakery, pet_store, party_store, music_store, gym, pizzeria : 52214
Saved path: hardware_store, burger_joint, tech_shop, toy_store, grocery_store, cafe, craft_shop, bank, florist, gelateria, party_store, salon, bike_shop, bakery, jewelry_store : 33969
Saved path: salon, bike_shop, bakery, jewelry_store, burger_joint, tech_shop, noodle_house, toy_store, grocery_store, bookstore, pizzeria, craft_shop, florist, gelateria, pharmacy : 33325
Saved path: craft_shop, dentist, cafe, grocery_store, tech_shop, noodle_house, toy_store, hardware_store, bike_shop, pet_store, bakery, party_store, pharmacy, gelateria, bank : 42807
Saved path: burger_joint, bookstore, pizzeria, bank, florist, music_store, gelateria, party_store, bakery, bike_shop, jewelry_store, hardware_store, toy_store, grocery_store, tech_shop : 35854
Saved path: pharmacy, music_store, florist, bank, pizzeria, craft_shop, dentist, cafe, clothing_store, toy_store, burger_joint, jewelry_store, bike_shop, bakery, party_store : 38833
Saved path: jewelry_store, music_store, craft_shop, pizzeria, bookstore, cafe, dentist, grocery_store, tech_shop, noodle_house, toy_store, gym, hardware_store, pet_store, bakery : 50454
Saved path: tech_shop, grocery_store, toy_store, bakery, bike_shop, salon, jewelry_store, gelateria, music_store, florist, bank, craft_shop, pizzeria, bookstore, burger_joint : 35559
Saved path: music_store, bank, pizzeria, gym, toy_store, noodle_house, clothing_store, grocery_store, cafe, burger_joint, hardware_store, jewelry_store, bakery, pet_store, bike_shop : 46816
Saved path: jewelry_store, salon, bike_shop, pet_store, bakery, pharmacy, music_store, gym, pizzeria, bookstore, dentist, grocery_store, tech_shop, toy_store, barber_shop : 53356
Saved path: party_store, gelateria, bank, bookstore, cafe, burger_joint, tech_shop, noodle_house, toy_store, gym, bakery, pet_store, bike_shop, salon, jewelry_store : 42848
Saved path: craft_shop, dentist, cafe, burger_joint, bookstore, grocery_store, clothing_store, barber_shop, bakery, pet_store, bike_shop, party_store, pharmacy, florist, bank : 47118
Saved path: clothing_store, tech_shop, noodle_house, toy_store, bakery, pet_store, bike_shop, party_store, pharmacy, gelateria, florist, pizzeria, craft_shop, dentist, grocery_store : 42702
Saved path: clothing_store, toy_store, gym, hardware_store, jewelry_store, pet_store, bakery, salon, pharmacy, gelateria, florist, bank, bookstore, cafe, tech_shop : 43112
Saved path: florist, music_store, gelateria, pharmacy, party_store, bakery, bike_shop, salon, hardware_store, gym, toy_store, noodle_house, tech_shop, cafe, pizzeria : 33524
Saved path: salon, party_store, pharmacy, music_store, bank, pizzeria, clothing_store, tech_shop, noodle_house, toy_store, barber_shop, jewelry_store, bakery, pet_store, bike_shop : 44306
Saved path: cafe, grocery_store, clothing_store, bookstore, bank, florist, gelateria, pharmacy, bakery, pet_store, bike_shop, jewelry_store, hardware_store, gym, burger_joint : 43609
Saved path: tech_shop, burger_joint, bookstore, cafe, dentist, craft_shop, pizzeria, bank, gelateria, party_store, bakery, bike_shop, hardware_store, gym, toy_store : 37687
Saved path: toy_store, tech_shop, burger_joint, cafe, dentist, craft_shop, florist, music_store, gelateria, pharmacy, party_store, salon, bike_shop, bakery, barber_shop : 38509
Saved path: burger_joint, tech_shop, noodle_house, toy_store, clothing_store, cafe, dentist, pizzeria, bank, florist, party_store, bakery, pet_store, bike_shop, gym : 45943
Saved path: gym, pizzeria, bank, gelateria, pharmacy, bakery, pet_store, bike_shop, salon, jewelry_store, barber_shop, toy_store, cafe, burger_joint, hardware_store : 45343
Saved path: clothing_store, dentist, craft_shop, pizzeria, florist, gelateria, pharmacy, party_store, bike_shop, pet_store, hardware_store, burger_joint, tech_shop, noodle_house, toy_store : 44354
Saved path: pizzeria, gym, hardware_store, burger_joint, cafe, dentist, clothing_store, noodle_house, toy_store, barber_shop, pet_store, bakery, party_store, pharmacy, music_store : 52557
Saved path: bakery, salon, jewelry_store, hardware_store, burger_joint, tech_shop, toy_store, clothing_store, grocery_store, dentist, cafe, bookstore, pizzeria, gelateria, pharmacy : 36112
Saved path: toy_store, noodle_house, tech_shop, burger_joint, hardware_store, pet_store, bike_shop, salon, music_store, gelateria, pizzeria, bookstore, dentist, grocery_store, clothing_store : 48360
Saved path: hardware_store, gym, toy_store, noodle_house, grocery_store, bookstore, bank, music_store, gelateria, pharmacy, party_store, bike_shop, pet_store, bakery, jewelry_store : 47025
Saved path: jewelry_store, barber_shop, toy_store, clothing_store, grocery_store, tech_shop, bookstore, cafe, dentist, craft_shop, florist, bank, gym, bakery, pet_store : 44079
Saved path: toy_store, gym, hardware_store, salon, bike_shop, bakery, barber_shop, party_store, pharmacy, florist, bank, pizzeria, craft_shop, dentist, clothing_store : 40661
Saved path: clothing_store, tech_shop, cafe, dentist, craft_shop, pizzeria, gym, florist, gelateria, bike_shop, pet_store, bakery, jewelry_store, barber_shop, toy_store : 50979
Saved path: party_store, pharmacy, music_store, florist, craft_shop, dentist, cafe, bookstore, tech_shop, clothing_store, toy_store, gym, hardware_store, jewelry_store, pet_store : 49792
Saved path: noodle_house, tech_shop, grocery_store, dentist, bookstore, gym, craft_shop, florist, pharmacy, party_store, salon, bike_shop, bakery, barber_shop, toy_store : 41852
Saved path: grocery_store, cafe, burger_joint, hardware_store, gym, bank, florist, gelateria, music_store, salon, bakery, pet_store, barber_shop, toy_store, noodle_house : 47320
Saved path: bike_shop, bakery, barber_shop, jewelry_store, hardware_store, gym, toy_store, noodle_house, tech_shop, clothing_store, dentist, bank, gelateria, pharmacy, party_store : 41720
Saved path: bakery, bike_shop, jewelry_store, barber_shop, toy_store, tech_shop, clothing_store, grocery_store, cafe, bookstore, pizzeria, gym, bank, gelateria, music_store : 39627
Saved path: music_store, gelateria, pharmacy, party_store, salon, pet_store, bakery, burger_joint, noodle_house, toy_store, clothing_store, grocery_store, pizzeria, craft_shop, florist : 40749
Saved path: clothing_store, toy_store, barber_shop, bakery, bike_shop, party_store, pharmacy, craft_shop, dentist, cafe, bookstore, burger_joint, noodle_house, tech_shop, grocery_store : 39629
Saved path: bank, florist, pharmacy, salon, pet_store, bakery, barber_shop, hardware_store, burger_joint, tech_shop, noodle_house, toy_store, grocery_store, cafe, dentist : 47593
Saved path: party_store, pharmacy, gelateria, music_store, florist, craft_shop, pizzeria, bookstore, grocery_store, toy_store, noodle_house, burger_joint, hardware_store, salon, bike_shop : 33669
Saved path: pharmacy, gelateria, bank, craft_shop, bookstore, burger_joint, noodle_house, clothing_store, toy_store, gym, bakery, bike_shop, salon, jewelry_store, party_store : 35360
Saved path: grocery_store, clothing_store, toy_store, barber_shop, bakery, bike_shop, party_store, pharmacy, florist, bank, gym, hardware_store, burger_joint, bookstore, cafe : 36660
Saved path: gym, hardware_store, jewelry_store, barber_shop, bakery, pet_store, bike_shop, salon, party_store, gelateria, music_store, dentist, tech_shop, noodle_house, toy_store : 52398
Saved path: pet_store, bakery, salon, jewelry_store, barber_shop, party_store, pharmacy, music_store, dentist, cafe, bookstore, tech_shop, clothing_store, toy_store, hardware_store : 50686
Saved path: music_store, gelateria, party_store, salon, bakery, barber_shop, toy_store, noodle_house, clothing_store, dentist, cafe, bookstore, pizzeria, craft_shop, florist : 38871
Saved path: gym, toy_store, bookstore, dentist, craft_shop, florist, gelateria, pharmacy, party_store, bike_shop, pet_store, bakery, barber_shop, jewelry_store, hardware_store : 51058
Saved path: dentist, cafe, bookstore, clothing_store, noodle_house, toy_store, gym, hardware_store, pet_store, bakery, salon, pharmacy, gelateria, music_store, craft_shop : 48728
Saved path: toy_store, barber_shop, pet_store, bakery, salon, music_store, gelateria, florist, bank, gym, hardware_store, burger_joint, grocery_store, clothing_store, noodle_house : 47366
Saved path: noodle_house, tech_shop, clothing_store, dentist, pizzeria, florist, gelateria, party_store, bike_shop, pet_store, bakery, barber_shop, jewelry_store, hardware_store, toy_store : 49304
Saved path: florist, music_store, gelateria, pharmacy, party_store, salon, pet_store, hardware_store, toy_store, clothing_store, grocery_store, tech_shop, bookstore, dentist, craft_shop : 46240
Saved path: gym, toy_store, noodle_house, tech_shop, bookstore, cafe, dentist, bank, gelateria, music_store, bike_shop, bakery, barber_shop, jewelry_store, hardware_store : 44603
Saved path: toy_store, burger_joint, dentist, bookstore, pizzeria, bank, florist, music_store, gelateria, bakery, pet_store, bike_shop, salon, jewelry_store, barber_shop : 49725
Saved path: gelateria, music_store, florist, bank, pizzeria, dentist, cafe, toy_store, gym, hardware_store, jewelry_store, bakery, salon, party_store, pharmacy : 37962
Saved path: florist, bank, craft_shop, pizzeria, burger_joint, cafe, clothing_store, toy_store, barber_shop, bakery, pet_store, bike_shop, pharmacy, gelateria, music_store : 45758
Saved path: bakery, jewelry_store, party_store, pharmacy, gelateria, florist, bank, craft_shop, gym, noodle_house, clothing_store, grocery_store, burger_joint, hardware_store, pet_store : 41788
Saved path: bank, gelateria, pharmacy, party_store, bike_shop, pet_store, bakery, gym, burger_joint, noodle_house, toy_store, clothing_store, cafe, dentist, pizzeria : 46326
Saved path: grocery_store, tech_shop, noodle_house, toy_store, gym, bakery, pet_store, bike_shop, jewelry_store, party_store, gelateria, florist, bank, pizzeria, dentist : 47726
Saved path: gelateria, music_store, party_store, bakery, barber_shop, toy_store, clothing_store, grocery_store, dentist, bookstore, burger_joint, hardware_store, gym, pizzeria, bank : 43143
Saved path: florist, bank, gym, pizzeria, bookstore, cafe, dentist, grocery_store, tech_shop, toy_store, barber_shop, jewelry_store, bakery, party_store, pharmacy : 38022
Saved path: dentist, bookstore, pizzeria, music_store, pharmacy, barber_shop, bakery, bike_shop, salon, hardware_store, gym, toy_store, noodle_house, clothing_store, grocery_store : 45574
Saved path: noodle_house, toy_store, gym, hardware_store, jewelry_store, barber_shop, bakery, pet_store, bike_shop, salon, pharmacy, music_store, pizzeria, bookstore, cafe : 47826
Saved path: toy_store, noodle_house, clothing_store, bookstore, pizzeria, craft_shop, florist, gelateria, party_store, bike_shop, pet_store, bakery, jewelry_store, hardware_store, gym : 44791
Saved path: jewelry_store, hardware_store, toy_store, tech_shop, clothing_store, grocery_store, dentist, cafe, bookstore, florist, music_store, gelateria, pharmacy, party_store, bike_shop : 40791
Saved path: toy_store, clothing_store, grocery_store, tech_shop, bookstore, cafe, dentist, craft_shop, music_store, gelateria, pharmacy, bike_shop, pet_store, hardware_store, gym : 50269
Saved path: tech_shop, bookstore, cafe, dentist, craft_shop, bank, pharmacy, party_store, barber_shop, bakery, pet_store, bike_shop, hardware_store, toy_store, clothing_store : 49434
Saved path: clothing_store, toy_store, hardware_store, bike_shop, pet_store, bakery, party_store, pharmacy, gelateria, bank, craft_shop, pizzeria, bookstore, burger_joint, tech_shop : 39751
Saved path: bakery, barber_shop, toy_store, noodle_house, clothing_store, cafe, burger_joint, gym, pizzeria, craft_shop, music_store, gelateria, pharmacy, salon, bike_shop : 39314
Saved path: dentist, cafe, grocery_store, clothing_store, toy_store, tech_shop, burger_joint, gym, pet_store, bike_shop, jewelry_store, pharmacy, music_store, florist, craft_shop : 50217
Saved path: gelateria, craft_shop, pizzeria, bookstore, cafe, grocery_store, clothing_store, tech_shop, toy_store, gym, hardware_store, jewelry_store, barber_shop, bakery, party_store : 35412
Saved path: florist, pharmacy, bike_shop, pet_store, bakery, jewelry_store, barber_shop, toy_store, noodle_house, tech_shop, burger_joint, bookstore, dentist, craft_shop, pizzeria : 47043
Saved path: gelateria, pizzeria, craft_shop, dentist, cafe, bookstore, burger_joint, noodle_house, toy_store, gym, hardware_store, jewelry_store, barber_shop, bakery, bike_shop : 43273
Saved path: florist, gelateria, party_store, bakery, pet_store, bike_shop, jewelry_store, hardware_store, gym, toy_store, noodle_house, clothing_store, cafe, bookstore, bank : 44427
Saved path: tech_shop, noodle_house, toy_store, gym, hardware_store, jewelry_store, bike_shop, pet_store, pharmacy, music_store, craft_shop, pizzeria, bookstore, grocery_store, clothing_store : 47194
Saved path: craft_shop, bookstore, grocery_store, clothing_store, toy_store, hardware_store, pet_store, bakery, salon, jewelry_store, barber_shop, party_store, pharmacy, gelateria, bank : 43045
Saved path: grocery_store, tech_shop, noodle_house, toy_store, barber_shop, jewelry_store, bike_shop, bakery, party_store, pharmacy, gelateria, music_store, bank, craft_shop, pizzeria : 36133
Saved path: salon, bakery, hardware_store, burger_joint, tech_shop, toy_store, clothing_store, dentist, pizzeria, bank, florist, music_store, gelateria, pharmacy, party_store : 34636
Saved path: salon, jewelry_store, party_store, music_store, florist, bank, craft_shop, gym, burger_joint, cafe, grocery_store, tech_shop, toy_store, bakery, pet_store : 43959
Saved path: bank, craft_shop, dentist, grocery_store, clothing_store, toy_store, burger_joint, hardware_store, jewelry_store, barber_shop, bakery, pet_store, bike_shop, salon, pharmacy : 47857
Saved path: hardware_store, gym, burger_joint, tech_shop, noodle_house, toy_store, clothing_store, cafe, dentist, pizzeria, gelateria, pharmacy, party_store, bakery, pet_store : 45620
Saved path: florist, pizzeria, craft_shop, dentist, cafe, clothing_store, tech_shop, noodle_house, toy_store, hardware_store, pet_store, bakery, salon, barber_shop, pharmacy : 47712
Saved path: pet_store, bike_shop, party_store, pharmacy, florist, craft_shop, pizzeria, bookstore, cafe, dentist, clothing_store, toy_store, hardware_store, jewelry_store, bakery : 46236
Saved path: clothing_store, toy_store, gym, hardware_store, jewelry_store, barber_shop, pet_store, bakery, salon, pharmacy, gelateria, florist, bank, pizzeria, bookstore : 44943
Saved path: bike_shop, bakery, barber_shop, toy_store, noodle_house, burger_joint, bookstore, cafe, grocery_store, dentist, bank, florist, gym, hardware_store, salon : 37810
Saved path: noodle_house, burger_joint, gym, bike_shop, pet_store, bakery, party_store, pharmacy, music_store, florist, dentist, cafe, grocery_store, clothing_store, toy_store : 47292
Saved path: barber_shop, jewelry_store, salon, bakery, gelateria, music_store, florist, bank, gym, cafe, grocery_store, clothing_store, tech_shop, noodle_house, toy_store : 35281
Saved path: noodle_house, toy_store, gym, pet_store, bakery, salon, pharmacy, gelateria, music_store, florist, bank, craft_shop, dentist, cafe, bookstore : 45908
Saved path: craft_shop, bank, music_store, gelateria, party_store, bakery, bike_shop, salon, hardware_store, burger_joint, noodle_house, toy_store, grocery_store, cafe, pizzeria : 33688
Saved path: cafe, grocery_store, noodle_house, burger_joint, gym, hardware_store, bike_shop, pet_store, bakery, pharmacy, gelateria, music_store, florist, bank, bookstore : 43882
Saved path: bank, florist, pharmacy, salon, bakery, pet_store, hardware_store, gym, toy_store, noodle_house, tech_shop, burger_joint, dentist, craft_shop, pizzeria : 43538
Saved path: pizzeria, gym, burger_joint, dentist, grocery_store, tech_shop, toy_store, barber_shop, jewelry_store, bike_shop, pet_store, bakery, gelateria, music_store, craft_shop : 53920
Saved path: pet_store, hardware_store, gym, burger_joint, tech_shop, toy_store, clothing_store, dentist, bookstore, pizzeria, florist, music_store, pharmacy, salon, bike_shop : 50042
Saved path: burger_joint, tech_shop, toy_store, clothing_store, dentist, cafe, bookstore, pizzeria, music_store, gelateria, pharmacy, bakery, bike_shop, jewelry_store, hardware_store : 41615
Saved path: party_store, pharmacy, gelateria, bank, craft_shop, pizzeria, bookstore, burger_joint, tech_shop, grocery_store, toy_store, gym, jewelry_store, bakery, salon : 32696
Saved path: craft_shop, pizzeria, bookstore, dentist, grocery_store, tech_shop, noodle_house, toy_store, gym, pet_store, bakery, salon, jewelry_store, gelateria, florist : 48251
