Saved path: jewelry_store, salon, bike_shop, pet_store, bakery, pharmacy, florist, bank, craft_shop, dentist, cafe, tech_shop, clothing_store, toy_store, gym : 46721
Saved path: jewelry_store, hardware_store, gym, toy_store, tech_shop, cafe, bookstore, bank, florist, gelateria, pharmacy, bakery, pet_store, bike_shop, salon : 42733
Saved path: music_store, gelateria, pharmacy, pet_store, bakery, barber_shop, toy_store, noodle_house, tech_shop, clothing_store, cafe, bookstore, pizzeria, gym, craft_shop : 47756
Saved path: bookstore, clothing_store, tech_shop, noodle_house, toy_store, gym, hardware_store, jewelry_store, bakery, salon, party_store, gelateria, florist, bank, craft_shop : 32957
Saved path: gelateria, pharmacy, barber_shop, jewelry_store, bakery, pet_store, hardware_store, burger_joint, clothing_store, grocery_store, cafe, bookstore, bank, florist, music_store : 44690
Saved path: toy_store, noodle_house, clothing_store, grocery_store, dentist, bookstore, bank, florist, gelateria, pharmacy, party_store, jewelry_store, salon, bakery, pet_store : 45107
Saved path: tech_shop, toy_store, barber_shop, jewelry_store, salon, bike_shop, bakery, music_store, florist, bank, craft_shop, gym, pizzeria, bookstore, burger_joint : 37698
Saved path: noodle_house, toy_store, grocery_store, pizzeria, craft_shop, bank, florist, music_store, gelateria, pharmacy, party_store, bakery, pet_store, burger_joint, tech_shop : 40588
Saved path: pizzeria, gym, burger_joint, cafe, dentist, grocery_store, noodle_house, toy_store, barber_shop, bakery, pet_store, party_store, gelateria, florist, bank : 49004
Saved path: hardware_store, jewelry_store, barber_shop, pet_store, bakery, salon, pharmacy, gelateria, florist, pizzeria, bookstore, cafe, dentist, noodle_house, toy_store : 48014
Saved path: barber_shop, toy_store, tech_shop, cafe, bookstore, pizzeria, gym, craft_shop, bank, florist, gelateria, party_store, bakery, pet_store, jewelry_store : 43096
Saved path: clothing_store, grocery_store, cafe, pizzeria, florist, craft_shop, gym, jewelry_store, salon, bike_shop, pet_store, bakery, burger_joint, tech_shop, toy_store : 40188
Saved path: music_store, pizzeria, gym, hardware_store, burger_joint, bookstore, dentist, clothing_store, toy_store, barber_shop, jewelry_store, bakery, pet_store, bike_shop, salon : 55079
Saved path: noodle_house, burger_joint, bookstore, cafe, dentist, craft_shop, pizzeria, florist, music_store, gelateria, pharmacy, salon, bike_shop, bakery, toy_store : 36674
Saved path: grocery_store, clothing_store, tech_shop, noodle_house, toy_store, barber_shop, jewelry_store, bike_shop, pet_store, bakery, party_store, pharmacy, bank, bookstore, cafe : 41851
Saved path: music_store, gelateria, party_store, pet_store, hardware_store, toy_store, noodle_house, tech_shop, clothing_store, grocery_store, cafe, burger_joint, gym, pizzeria, florist : 43214
Saved path: florist, gelateria, pharmacy, party_store, bakery, pet_store, jewelry_store, barber_shop, toy_store, noodle_house, grocery_store, dentist, burger_joint, gym, bank : 48082
Saved path: bank, music_store, salon, bike_shop, bakery, barber_shop, toy_store, noodle_house, tech_shop, clothing_store, grocery_store, cafe, dentist, craft_shop, pizzeria : 39939
Saved path: dentist, grocery_store, cafe, bookstore, noodle_house, toy_store, gym, hardware_store, jewelry_store, barber_shop, bakery, bike_shop, gelateria, florist, craft_shop : 43955
Saved path: bookstore, toy_store, gym, hardware_store, bakery, pet_store, bike_shop, salon, pharmacy, music_store, gelateria, bank, pizzeria, craft_shop, dentist : 48869
Saved path: jewelry_store, barber_shop, toy_store, noodle_house, tech_shop, grocery_store, dentist, bookstore, pizzeria, gym, hardware_store, pharmacy, bike_shop, pet_store, bakery : 50322
Saved path: cafe, bookstore, pizzeria, florist, gelateria, pharmacy, party_store, bakery, bike_shop, jewelry_store, hardware_store, gym, toy_store, clothing_store, grocery_store : 34224
Saved path: dentist, craft_shop, bank, gelateria, party_store, salon, bike_shop, bakery, jewelry_store, hardware_store, toy_store, clothing_store, bookstore, burger_joint, cafe : 38578
Saved path: salon, hardware_store, toy_store, clothing_store, grocery_store, cafe, burger_joint, pizzeria, craft_shop, music_store, party_store, barber_shop, bakery, pet_store, bike_shop : 47514
Saved path: florist, bank, gym, hardware_store, burger_joint, bookstore, grocery_store, noodle_house, toy_store, barber_shop, pet_store, bakery, salon, party_store, pharmacy : 45427
Saved path: pet_store, bike_shop, party_store, pharmacy, gelateria, music_store, florist, bank, bookstore, grocery_store, clothing_store, toy_store, gym, hardware_store, bakery : 43409
Saved path: pizzeria, gym, toy_store, noodle_house, clothing_store, cafe, burger_joint, hardware_store, pet_store, bike_shop, salon, jewelry_store, pharmacy, gelateria, music_store : 47569
Saved path: hardware_store, gym, craft_shop, pizzeria, gelateria, pharmacy, bakery, pet_store, jewelry_store, barber_shop, toy_store, clothing_store, grocery_store, bookstore, burger_joint : 46265
Saved path: cafe, bookstore, burger_joint, tech_shop, toy_store, hardware_store, bike_shop, bakery, party_store, music_store, florist, bank, pizzeria, craft_shop, dentist : 36938
Saved path: salon, bike_shop, bakery, gym, toy_store, noodle_house, burger_joint, bookstore, cafe, dentist, craft_shop, bank, gelateria, party_store, jewelry_store : 38502
Saved path: cafe, clothing_store, tech_shop, noodle_house, toy_store, barber_shop, jewelry_store, salon, bakery, pet_store, party_store, gelateria, florist, bank, gym : 43406
Saved path: burger_joint, hardware_store, gym, bank, pharmacy, party_store, bakery, barber_shop, toy_store, noodle_house, tech_shop, clothing_store, grocery_store, cafe, bookstore : 34497
Saved path: toy_store, hardware_store, jewelry_store, bakery, pet_store, salon, pharmacy, gelateria, bank, craft_shop, pizzeria, burger_joint, tech_shop, grocery_store, clothing_store : 41671
Saved path: salon, party_store, pharmacy, music_store, florist, craft_shop, dentist, cafe, bookstore, burger_joint, toy_store, hardware_store, bakery, pet_store, bike_shop : 44940
Saved path: gelateria, pharmacy, party_store, salon, bakery, jewelry_store, barber_shop, toy_store, tech_shop, burger_joint, gym, pizzeria, bank, florist, music_store : 33110
Saved path: burger_joint, tech_shop, toy_store, gym, hardware_store, barber_shop, bakery, pet_store, salon, pharmacy, gelateria, florist, bank, craft_shop, dentist : 48923
Saved path: barber_shop, clothing_store, grocery_store, dentist, cafe, burger_joint, gym, bank, florist, music_store, gelateria, pharmacy, party_store, bakery, pet_store : 49178
Saved path: gym, hardware_store, pet_store, bakery, jewelry_store, party_store, pharmacy, gelateria, florist, craft_shop, bookstore, cafe, grocery_store, tech_shop, toy_store : 42808
Saved path: pet_store, bakery, jewelry_store, hardware_store, gym, toy_store, tech_shop, clothing_store, grocery_store, dentist, pizzeria, bank, gelateria, pharmacy, party_store : 46817
Saved path: burger_joint, tech_shop, noodle_house, toy_store, grocery_store, pizzeria, craft_shop, music_store, gelateria, pharmacy, party_store, barber_shop, bakery, pet_store, hardware_store : 47191
Saved path: grocery_store, clothing_store, toy_store, hardware_store, jewelry_store, barber_shop, bakery, salon, party_store, pharmacy, gelateria, music_store, craft_shop, burger_joint, tech_shop : 36547
Saved path: tech_shop, burger_joint, gym, pet_store, bakery, salon, jewelry_store, pharmacy, gelateria, music_store, florist, dentist, grocery_store, clothing_store, toy_store : 49027
Saved path: music_store, pharmacy, salon, bakery, hardware_store, toy_store, noodle_house, tech_shop, grocery_store, dentist, cafe, bookstore, pizzeria, craft_shop, florist : 34825
Saved path: cafe, bookstore, pizzeria, craft_shop, florist, music_store, gelateria, party_store, barber_shop, bakery, salon, hardware_store, toy_store, noodle_house, burger_joint : 34723
Saved path: pharmacy, party_store, pet_store, bakery, salon, jewelry_store, barber_shop, toy_store, clothing_store, grocery_store, dentist, bookstore, florist, music_store, gelateria : 48182
Saved path: bike_shop, bakery, jewelry_store, hardware_store, burger_joint, tech_shop, noodle_house, toy_store, clothing_store, grocery_store, cafe, pizzeria, bank, florist, pharmacy : 32866
Saved path: florist, bank, craft_shop, dentist, burger_joint, grocery_store, clothing_store, toy_store, barber_shop, bakery, bike_shop, salon, party_store, pharmacy, gelateria : 37756
Saved path: music_store, pharmacy, party_store, bike_shop, pet_store, bakery, barber_shop, hardware_store, toy_store, clothing_store, noodle_house, burger_joint, bookstore, pizzeria, florist : 47205
Saved path: jewelry_store, barber_shop, bakery, bike_shop, party_store, pharmacy, gelateria, pizzeria, craft_shop, dentist, grocery_store, clothing_store, toy_store, burger_joint, hardware_store : 40238
Saved path: dentist, cafe, clothing_store, noodle_house, toy_store, gym, hardware_store, jewelry_store, barber_shop, pet_store, bakery, pharmacy, gelateria, bank, craft_shop : 49323
Saved path: music_store, party_store, barber_shop, bakery, pet_store, bike_shop, hardware_store, toy_store, noodle_house, tech_shop, clothing_store, grocery_store, cafe, pizzeria, bank : 47004
Saved path: music_store, florist, bank, craft_shop, gym, burger_joint, cafe, dentist, clothing_store, toy_store, barber_shop, bakery, bike_shop, salon, gelateria : 43040
Saved path: bike_shop, bakery, jewelry_store, hardware_store, gym, toy_store, tech_shop, bookstore, cafe, dentist, florist, music_store, gelateria, pharmacy, party_store : 41401
Saved path: grocery_store, burger_joint, gym, pizzeria, bank, florist, music_store, gelateria, pharmacy, party_store, bakery, bike_shop, hardware_store, toy_store, noodle_house : 35471
Saved path: florist, gelateria, party_store, bakery, salon, jewelry_store, barber_shop, toy_store, grocery_store, dentist, cafe, bookstore, burger_joint, gym, craft_shop : 39042
Saved path: barber_shop, jewelry_store, salon, bakery, hardware_store, gym, toy_store, tech_shop, cafe, dentist, craft_shop, pizzeria, florist, music_store, gelateria : 40962
Saved path: burger_joint, noodle_house, gym, hardware_store, pet_store, bakery, pharmacy, music_store, gelateria, bank, craft_shop, dentist, grocery_store, cafe, bookstore : 47760
Saved path: bike_shop, bakery, barber_shop, jewelry_store, hardware_store, toy_store, noodle_house, clothing_store, grocery_store, cafe, dentist, pizzeria, bank, gelateria, party_store : 40234
Saved path: bakery, barber_shop, toy_store, noodle_house, tech_shop, grocery_store, cafe, dentist, craft_shop, gym, bank, florist, gelateria, bike_shop, pet_store : 49934
Saved path: jewelry_store, barber_shop, toy_store, noodle_house, grocery_store, dentist, cafe, burger_joint, bookstore, pizzeria, florist, party_store, salon, bakery, pet_store : 46833
Saved path: clothing_store, grocery_store, burger_joint, gym, pizzeria, bank, music_store, gelateria, pharmacy, party_store, bakery, pet_store, barber_shop, toy_store, noodle_house : 46139
Saved path: florist, bank, dentist, cafe, grocery_store, clothing_store, toy_store, barber_shop, bakery, pet_store, bike_shop, salon, hardware_store, burger_joint, pizzeria : 45482
Saved path: gym, burger_joint, dentist, clothing_store, tech_shop, noodle_house, toy_store, barber_shop, bakery, pet_store, salon, party_store, pharmacy, florist, pizzeria : 49152
Saved path: florist, music_store, gelateria, bakery, salon, jewelry_store, hardware_store, gym, toy_store, burger_joint, bookstore, cafe, dentist, craft_shop, bank : 38929
Saved path: dentist, clothing_store, toy_store, noodle_house, tech_shop, bookstore, burger_joint, hardware_store, jewelry_store, pet_store, party_store, pharmacy, gelateria, music_store, craft_shop : 48838
Saved path: jewelry_store, barber_shop, party_store, pharmacy, gelateria, music_store, craft_shop, dentist, grocery_store, bookstore, burger_joint, gym, hardware_store, pet_store, bakery : 51362
Saved path: burger_joint, hardware_store, gym, pizzeria, craft_shop, florist, music_store, gelateria, bakery, jewelry_store, barber_shop, toy_store, grocery_store, dentist, cafe : 42189
Saved path: barber_shop, bakery, bike_shop, party_store, pharmacy, gelateria, music_store, craft_shop, dentist, cafe, clothing_store, noodle_house, burger_joint, gym, hardware_store : 44205
Saved path: barber_shop, jewelry_store, salon, bike_shop, pet_store, bakery, music_store, bank, craft_shop, gym, pizzeria, bookstore, tech_shop, noodle_house, toy_store : 46439
Saved path: noodle_house, toy_store, gym, craft_shop, music_store, gelateria, pet_store, salon, jewelry_store, hardware_store, burger_joint, bookstore, cafe, grocery_store, tech_shop : 47266
Saved path: cafe, burger_joint, hardware_store, gym, craft_shop, bank, florist, music_store, pharmacy, bakery, jewelry_store, barber_shop, toy_store, noodle_house, bookstore : 35877
Saved path: party_store, pharmacy, music_store, florist, craft_shop, dentist, cafe, bookstore, clothing_store, noodle_house, toy_store, hardware_store, pet_store, bike_shop, salon : 46727
Saved path: party_store, pharmacy, music_store, bank, pizzeria, cafe, clothing_store, toy_store, noodle_house, burger_joint, hardware_store, bike_shop, pet_store, bakery, barber_shop : 47438
Saved path: pet_store, bakery, jewelry_store, hardware_store, toy_store, noodle_house, clothing_store, grocery_store, bookstore, cafe, dentist, craft_shop, bank, music_store, pharmacy : 47749
Saved path: bank, craft_shop, pizzeria, grocery_store, toy_store, hardware_store, jewelry_store, barber_shop, bakery, bike_shop, salon, party_store, pharmacy, music_store, gelateria : 37781
Saved path: bank, pizzeria, dentist, grocery_store, toy_store, noodle_house, burger_joint, gym, jewelry_store, salon, bike_shop, pet_store, bakery, music_store, gelateria : 51172
Saved path: pet_store, bike_shop, salon, jewelry_store, pharmacy, music_store, pizzeria, bookstore, cafe, dentist, grocery_store, clothing_store, tech_shop, toy_store, gym : 51147
Saved path: bakery, jewelry_store, party_store, music_store, florist, craft_shop, pizzeria, bookstore, cafe, clothing_store, toy_store, noodle_house, burger_joint, gym, pet_store : 44857
Saved path: toy_store, noodle_house, tech_shop, clothing_store, cafe, bookstore, craft_shop, florist, music_store, gelateria, pharmacy, party_store, bakery, pet_store, gym : 42420
Saved path: music_store, party_store, salon, bike_shop, bakery, barber_shop, toy_store, noodle_house, tech_shop, grocery_store, cafe, gym, hardware_store, pharmacy, gelateria : 39180
Saved path: burger_joint, bookstore, cafe, dentist, craft_shop, pizzeria, florist, music_store, pharmacy, party_store, salon, bike_shop, bakery, gym, toy_store : 38357
Saved path: music_store, gelateria, party_store, bike_shop, jewelry_store, hardware_store, burger_joint, bookstore, tech_shop, noodle_house, toy_store, clothing_store, dentist, craft_shop, florist : 41443
Saved path: bank, florist, gelateria, pet_store, bakery, salon, jewelry_store, barber_shop, toy_store, tech_shop, clothing_store, dentist, craft_shop, pizzeria, gym : 49082
Saved path: bakery, salon, jewelry_store, party_store, music_store, florist, craft_shop, dentist, clothing_store, toy_store, tech_shop, burger_joint, gym, hardware_store, pet_store : 49119
Saved path: dentist, bookstore, bank, gelateria, music_store, party_store, salon, bakery, barber_shop, jewelry_store, hardware_store, toy_store, noodle_house, clothing_store, grocery_store : 40829
Saved path: florist, craft_shop, dentist, grocery_store, cafe, bookstore, tech_shop, toy_store, gym, hardware_store, pet_store, bakery, barber_shop, gelateria, music_store : 53769
Saved path: party_store, music_store, bank, gym, burger_joint, cafe, dentist, grocery_store, clothing_store, toy_store, barber_shop, bakery, pet_store, bike_shop, salon : 51033
Saved path: cafe, bookstore, pizzeria, craft_shop, gym, gelateria, bakery, salon, jewelry_store, barber_shop, toy_store, noodle_house, tech_shop, clothing_store, dentist : 40433
Saved path: pharmacy, party_store, salon, bakery, jewelry_store, gym, burger_joint, noodle_house, toy_store, clothing_store, grocery_store, dentist, bookstore, florist, music_store : 39625
Saved path: noodle_house, tech_shop, burger_joint, gym, hardware_store, jewelry_store, salon, music_store, craft_shop, pizzeria, bookstore, cafe, grocery_store, clothing_store, toy_store : 35212
Saved path: tech_shop, burger_joint, bakery, pet_store, bike_shop, gelateria, florist, bank, craft_shop, pizzeria, bookstore, cafe, grocery_store, toy_store, noodle_house : 39868
Saved path: salon, party_store, pharmacy, music_store, bank, craft_shop, dentist, grocery_store, tech_shop, noodle_house, toy_store, hardware_store, bakery, pet_store, bike_shop : 44144
Saved path: craft_shop, bank, florist, music_store, gelateria, pharmacy, party_store, salon, bakery, pet_store, hardware_store, burger_joint, grocery_store, toy_store, gym : 42146
Saved path: party_store, bakery, bike_shop, jewelry_store, barber_shop, toy_store, clothing_store, tech_shop, burger_joint, bookstore, pizzeria, bank, florist, gym, hardware_store : 35979
Saved path: hardware_store, jewelry_store, salon, bike_shop, pet_store, bakery, party_store, toy_store, tech_shop, burger_joint, dentist, cafe, bookstore, pizzeria, gym : 44125
Saved path: pizzeria, bookstore, burger_joint, cafe, dentist, grocery_store, clothing_store, noodle_house, toy_store, barber_shop, bakery, bike_shop, party_store, pharmacy, gelateria : 39725
Saved path: cafe, grocery_store, tech_shop, noodle_house, toy_store, hardware_store, jewelry_store, salon, pet_store, bakery, gelateria, florist, craft_shop, pizzeria, bookstore : 40904
Saved path: clothing_store, cafe, dentist, craft_shop, florist, gelateria, pharmacy, party_store, barber_shop, bakery, pet_store, hardware_store, burger_joint, noodle_house, toy_store : 47443
Saved path: grocery_store, clothing_store, tech_shop, noodle_house, toy_store, hardware_store, jewelry_store, barber_shop, bakery, pet_store, bike_shop, pharmacy, music_store, craft_shop, dentist : 50270
Saved path: gelateria, party_store, bakery, jewelry_store, hardware_store, gym, toy_store, noodle_house, tech_shop, clothing_store, grocery_store, cafe, pizzeria, craft_shop, bank : 32613
Saved path: cafe, pizzeria, craft_shop, florist, gelateria, pharmacy, party_store, bike_shop, pet_store, bakery, barber_shop, toy_store, tech_shop, clothing_store, grocery_store : 42955
Saved path: tech_shop, clothing_store, cafe, dentist, craft_shop, pizzeria, gelateria, jewelry_store, barber_shop, bakery, pet_store, hardware_store, gym, toy_store, noodle_house : 50571
Saved path: bookstore, cafe, grocery_store, clothing_store, noodle_house, toy_store, gym, bakery, pet_store, salon, jewelry_store, party_store, gelateria, music_store, florist : 44832
Saved path: bakery, pet_store, bike_shop, party_store, pharmacy, music_store, florist, craft_shop, dentist, grocery_store, clothing_store, burger_joint, noodle_house, toy_store, barber_shop : 49618
Saved path: craft_shop, pizzeria, gym, hardware_store, burger_joint, cafe, toy_store, barber_shop, jewelry_store, bakery, salon, party_store, pharmacy, gelateria, florist : 33738
Saved path: pet_store, salon, jewelry_store, hardware_store, burger_joint, bookstore, tech_shop, toy_store, clothing_store, grocery_store, dentist, florist, music_store, gelateria, pharmacy : 49168
Saved path: toy_store, noodle_house, tech_shop, clothing_store, cafe, dentist, craft_shop, pizzeria, bank, music_store, pharmacy, salon, bakery, pet_store, gym : 46391
Saved path: burger_joint, tech_shop, noodle_house, toy_store, clothing_store, grocery_store, dentist, craft_shop, florist, gelateria, bakery, pet_store, bike_shop, hardware_store, gym : 46068
Saved path: barber_shop, toy_store, burger_joint, bookstore, cafe, grocery_store, dentist, craft_shop, florist, music_store, pharmacy, party_store, salon, bakery, pet_store : 48791
Saved path: pharmacy, party_store, pet_store, bakery, salon, jewelry_store, barber_shop, toy_store, noodle_house, tech_shop, clothing_store, cafe, pizzeria, craft_shop, florist : 41012
Saved path: grocery_store, clothing_store, toy_store, barber_shop, jewelry_store, salon, pet_store, bakery, pharmacy, music_store, bank, pizzeria, gym, hardware_store, cafe : 46609
Saved path: barber_shop, jewelry_store, salon, bike_shop, pet_store, bakery, gelateria, florist, bank, pizzeria, dentist, cafe, toy_store, gym, hardware_store : 50478
Saved path: barber_shop, toy_store, grocery_store, dentist, cafe, burger_joint, gym, pizzeria, bank, florist, music_store, pharmacy, party_store, salon, bakery : 39798
Saved path: pet_store, bike_shop, salon, pharmacy, gelateria, music_store, florist, bank, bookstore, dentist, grocery_store, tech_shop, noodle_house, toy_store, bakery : 46337
Saved path: clothing_store, grocery_store, bookstore, pizzeria, craft_shop, music_store, party_store, bakery, pet_store, bike_shop, jewelry_store, hardware_store, toy_store, noodle_house, tech_shop : 44555
Saved path: pizzeria, craft_shop, dentist, grocery_store, clothing_store, tech_shop, noodle_house, toy_store, pharmacy, party_store, bakery, salon, jewelry_store, hardware_store, gym : 35832
Saved path: clothing_store, toy_store, noodle_house, burger_joint, gym, bike_shop, pet_store, bakery, pharmacy, gelateria, music_store, craft_shop, bookstore, cafe, grocery_store : 44778
Saved path: cafe, clothing_store, tech_shop, noodle_house, toy_store, jewelry_store, pet_store, bike_shop, salon, party_store, pharmacy, gelateria, music_store, florist, craft_shop : 44461
Saved path: tech_shop, burger_joint, hardware_store, jewelry_store, barber_shop, bakery, bike_shop, salon, music_store, gelateria, bank, cafe, grocery_store, toy_store, noodle_house : 39262
Saved path: hardware_store, salon, bike_shop, bakery, party_store, music_store, craft_shop, pizzeria, bookstore, cafe, dentist, grocery_store, clothing_store, noodle_house, toy_store : 37731
Saved path: bakery, gym, burger_joint, tech_shop, noodle_house, toy_store, clothing_store, dentist, cafe, bookstore, bank, music_store, salon, bike_shop, pet_store : 49397
Saved path: burger_joint, tech_shop, noodle_house, toy_store, clothing_store, grocery_store, dentist, craft_shop, pizzeria, florist, music_store, gelateria, bike_shop, jewelry_store, hardware_store : 40435
Saved path: toy_store, noodle_house, tech_shop, clothing_store, dentist, craft_shop, florist, music_store, gelateria, party_store, salon, bike_shop, jewelry_store, hardware_store, gym : 41343
Saved path: barber_shop, bakery, salon, party_store, pharmacy, music_store, craft_shop, dentist, cafe, burger_joint, noodle_house, tech_shop, grocery_store, clothing_store, toy_store : 37908
Saved path: clothing_store, grocery_store, cafe, bank, music_store, pharmacy, bakery, pet_store, bike_shop, salon, jewelry_store, hardware_store, toy_store, noodle_house, tech_shop : 44002
Saved path: tech_shop, toy_store, gym, hardware_store, jewelry_store, salon, bike_shop, bakery, party_store, gelateria, bank, dentist, cafe, grocery_store, clothing_store : 39069
Saved path: toy_store, noodle_house, grocery_store, bookstore, burger_joint, gym, pizzeria, bank, gelateria, party_store, bakery, bike_shop, salon, jewelry_store, barber_shop : 37578
Saved path: jewelry_store, barber_shop, toy_store, noodle_house, tech_shop, cafe, pizzeria, craft_shop, bank, gelateria, music_store, bakery, pet_store, bike_shop, salon : 43984
Saved path: jewelry_store, barber_shop, grocery_store, cafe, bookstore, burger_joint, gym, craft_shop, bank, music_store, pharmacy, party_store, bakery, pet_store, bike_shop : 46851
Saved path: bakery, pharmacy, pizzeria, craft_shop, dentist, cafe, grocery_store, clothing_store, tech_shop, toy_store, barber_shop, jewelry_store, salon, bike_shop, pet_store : 46392
Saved path: gelateria, jewelry_store, bakery, pet_store, gym, toy_store, clothing_store, grocery_store, dentist, burger_joint, bookstore, pizzeria, craft_shop, bank, florist : 48048
Saved path: pharmacy, gelateria, music_store, bank, craft_shop, pizzeria, bookstore, burger_joint, cafe, dentist, grocery_store, toy_store, barber_shop, bakery, salon : 39155
Saved path: toy_store, barber_shop, jewelry_store, bike_shop, pet_store, bakery, party_store, pharmacy, florist, pizzeria, craft_shop, dentist, bookstore, tech_shop, noodle_house : 46283
Saved path: noodle_house, tech_shop, clothing_store, grocery_store, bookstore, cafe, dentist, craft_shop, gelateria, party_store, jewelry_store, bakery, pet_store, gym, toy_store : 47976
Saved path: gym, bakery, pet_store, bike_shop, salon, party_store, pharmacy, gelateria, music_store, florist, bank, craft_shop, pizzeria, clothing_store, toy_store : 42925
Saved path: gelateria, pharmacy, salon, bike_shop, bakery, barber_shop, hardware_store, toy_store, clothing_store, grocery_store, tech_shop, burger_joint, bookstore, craft_shop, bank : 36764
Saved path: burger_joint, cafe, dentist, craft_shop, pizzeria, gelateria, party_store, jewelry_store, salon, pet_store, hardware_store, gym, toy_store, noodle_house, tech_shop : 47048
Saved path: bank, florist, pizzeria, gym, hardware_store, party_store, salon, bakery, barber_shop, toy_store, noodle_house, tech_shop, grocery_store, cafe, dentist : 37650
Saved path: cafe, burger_joint, bookstore, florist, craft_shop, gym, bakery, bike_shop, salon, jewelry_store, barber_shop, toy_store, tech_shop, clothing_store, grocery_store : 32611
Saved path: gym, hardware_store, jewelry_store, pet_store, bakery, party_store, pharmacy, gelateria, bookstore, cafe, clothing_store, toy_store, noodle_house, tech_shop, burger_joint : 43633
Saved path: music_store, gelateria, party_store, salon, bakery, pet_store, jewelry_store, burger_joint, noodle_house, toy_store, clothing_store, grocery_store, cafe, craft_shop, florist : 43504
Saved path: barber_shop, jewelry_store, bakery, party_store, pharmacy, gelateria, florist, pizzeria, gym, hardware_store, cafe, grocery_store, clothing_store, noodle_house, toy_store : 34325
Saved path: pharmacy, bike_shop, bakery, barber_shop, jewelry_store, hardware_store, toy_store, noodle_house, tech_shop, grocery_store, cafe, bookstore, pizzeria, gelateria, music_store : 38088
Saved path: noodle_house, toy_store, bakery, pet_store, bike_shop, jewelry_store, hardware_store, gym, florist, bank, craft_shop, dentist, cafe, bookstore, tech_shop : 43387
Saved path: craft_shop, bookstore, burger_joint, grocery_store, tech_shop, noodle_house, toy_store, barber_shop, jewelry_store, pet_store, bakery, salon, pharmacy, gelateria, music_store : 45228
Saved path: cafe, burger_joint, tech_shop, clothing_store, toy_store, hardware_store, pet_store, bakery, salon, jewelry_store, party_store, pharmacy, florist, bank, craft_shop : 41031
Saved path: gym, hardware_store, tech_shop, clothing_store, toy_store, barber_shop, jewelry_store, bakery, bike_shop, salon, party_store, music_store, gelateria, bank, craft_shop : 38528
Saved path: jewelry_store, barber_shop, toy_store, clothing_store, grocery_store, tech_shop, bookstore, pizzeria, gym, music_store, party_store, salon, bike_shop, pet_store, bakery : 48010
Saved path: hardware_store, gym, toy_store, noodle_house, tech_shop, burger_joint, dentist, cafe, bookstore, pizzeria, music_store, gelateria, pharmacy, salon, pet_store : 48299
Saved path: party_store, pharmacy, music_store, florist, craft_shop, dentist, grocery_store, cafe, bookstore, burger_joint, toy_store, gym, hardware_store, bike_shop, bakery : 40275
Saved path: gelateria, pharmacy, bakery, barber_shop, jewelry_store, hardware_store, gym, toy_store, noodle_house, tech_shop, grocery_store, bookstore, pizzeria, craft_shop, bank : 35243
Saved path: toy_store, gym, hardware_store, jewelry_store, barber_shop, bakery, bike_shop, salon, pharmacy, gelateria, pizzeria, craft_shop, dentist, cafe, tech_shop : 41178
Saved path: gym, hardware_store, pet_store, salon, pharmacy, gelateria, florist, pizzeria, craft_shop, dentist, cafe, bookstore, burger_joint, tech_shop, toy_store : 45594
Saved path: tech_shop, noodle_house, toy_store, gym, hardware_store, jewelry_store, bakery, party_store, pharmacy, music_store, bank, pizzeria, dentist, cafe, clothing_store : 38694
Saved path: hardware_store, gym, burger_joint, tech_shop, toy_store, clothing_store, grocery_store, dentist, pizzeria, music_store, pharmacy, salon, bike_shop, bakery, jewelry_store : 42136
Saved path: music_store, gelateria, party_store, bakery, barber_shop, toy_store, noodle_house, tech_shop, bookstore, cafe, dentist, craft_shop, gym, bank, florist : 39944
Saved path: party_store, pharmacy, gelateria, bank, pizzeria, craft_shop, dentist, clothing_store, toy_store, noodle_house, burger_joint, hardware_store, salon, bike_shop, bakery : 34684
Saved path: tech_shop, clothing_store, toy_store, hardware_store, jewelry_store, barber_shop, bakery, bike_shop, party_store, pharmacy, music_store, craft_shop, pizzeria, cafe, burger_joint : 38768
Saved path: gelateria, music_store, bank, dentist, grocery_store, toy_store, noodle_house, tech_shop, bookstore, burger_joint, gym, hardware_store, bakery, salon, party_store : 38485
Saved path: noodle_house, tech_shop, clothing_store, grocery_store, cafe, burger_joint, gym, pizzeria, craft_shop, music_store, gelateria, bike_shop, pet_store, jewelry_store, toy_store : 47600
Saved path: grocery_store, clothing_store, toy_store, barber_shop, bakery, pet_store, bike_shop, pharmacy, gelateria, music_store, florist, bank, craft_shop, pizzeria, tech_shop : 45437
Saved path: pizzeria, florist, music_store, gelateria, pharmacy, party_store, salon, bike_shop, bakery, barber_shop, jewelry_store, hardware_store, toy_store, clothing_store, tech_shop : 37538
Saved path: gelateria, music_store, florist, pizzeria, bookstore, cafe, dentist, clothing_store, noodle_house, toy_store, gym, hardware_store, bike_shop, salon, party_store : 40551
Saved path: bookstore, burger_joint, grocery_store, clothing_store, toy_store, gym, hardware_store, pet_store, bakery, party_store, pharmacy, gelateria, music_store, craft_shop, pizzeria : 43227
Saved path: tech_shop, noodle_house, toy_store, gym, hardware_store, bakery, bike_shop, pharmacy, gelateria, bank, craft_shop, dentist, cafe, grocery_store, clothing_store : 36517
Saved path: pharmacy, music_store, florist, pizzeria, bookstore, dentist, clothing_store, toy_store, noodle_house, burger_joint, hardware_store, jewelry_store, barber_shop, bakery, bike_shop : 43693
Saved path: noodle_house, burger_joint, gym, hardware_store, jewelry_store, bakery, salon, pharmacy, music_store, florist, bank, dentist, cafe, grocery_store, toy_store : 38735
Saved path: florist, pizzeria, bookstore, dentist, clothing_store, toy_store, tech_shop, burger_joint, hardware_store, jewelry_store, bike_shop, salon, pharmacy, gelateria, music_store : 41596
Saved path: craft_shop, dentist, cafe, clothing_store, tech_shop, noodle_house, toy_store, gym, hardware_store, barber_shop, bakery, salon, party_store, gelateria, bank : 39413
Saved path: party_store, pharmacy, gelateria, music_store, florist, bank, pizzeria, bookstore, burger_joint, clothing_store, toy_store, hardware_store, jewelry_store, bakery, salon : 32368
Saved path: pharmacy, gelateria, florist, bank, craft_shop, dentist, cafe, bookstore, tech_shop, toy_store, gym, bike_shop, pet_store, bakery, party_store : 44454
Saved path: gym, hardware_store, barber_shop, pet_store, bakery, salon, pharmacy, music_store, florist, bank, craft_shop, bookstore, grocery_store, tech_shop, toy_store : 48230
Saved path: music_store, pharmacy, party_store, bike_shop, pet_store, bakery, jewelry_store, hardware_store, toy_store, clothing_store, burger_joint, bookstore, pizzeria, bank, florist : 43773
Saved path: florist, craft_shop, pizzeria, bookstore, burger_joint, dentist, grocery_store, clothing_store, toy_store, gym, hardware_store, pet_store, salon, party_store, pharmacy : 45917
Saved path: jewelry_store, hardware_store, toy_store, noodle_house, grocery_store, cafe, dentist, pizzeria, florist, gelateria, party_store, salon, bike_shop, pet_store, bakery : 46486
Saved path: clothing_store, tech_shop, noodle_house, toy_store, gym, hardware_store, salon, bike_shop, bakery, gelateria, music_store, bank, bookstore, cafe, dentist : 40894
Saved path: gym, noodle_house, tech_shop, grocery_store, toy_store, barber_shop, bakery, bike_shop, party_store, pharmacy, gelateria, music_store, florist, bank, pizzeria : 38522
Saved path: gym, florist, pharmacy, salon, bike_shop, bakery, jewelry_store, barber_shop, toy_store, tech_shop, clothing_store, dentist, bookstore, burger_joint, hardware_store : 43241
Saved path: grocery_store, bookstore, burger_joint, gym, pizzeria, craft_shop, music_store, party_store, salon, pet_store, bakery, barber_shop, toy_store, noodle_house, tech_shop : 47927
Saved path: pharmacy, party_store, salon, bakery, gym, burger_joint, tech_shop, toy_store, clothing_store, dentist, cafe, bookstore, pizzeria, bank, florist : 34394
Saved path: pet_store, bakery, party_store, gelateria, florist, bank, gym, burger_joint, dentist, bookstore, tech_shop, toy_store, barber_shop, jewelry_store, bike_shop : 50413
Saved path: grocery_store, clothing_store, toy_store, bakery, pet_store, bike_shop, salon, party_store, pharmacy, gelateria, florist, bank, pizzeria, burger_joint, cafe : 38469
Saved path: grocery_store, clothing_store, noodle_house, toy_store, gym, bakery, salon, jewelry_store, party_store, music_store, bank, pizzeria, craft_shop, dentist, cafe : 38056
Saved path: bike_shop, salon, pharmacy, gelateria, pizzeria, dentist, grocery_store, clothing_store, toy_store, noodle_house, tech_shop, burger_joint, gym, bakery, pet_store : 46144
Saved path: pet_store, bakery, salon, party_store, gelateria, music_store, florist, bank, craft_shop, dentist, grocery_store, burger_joint, tech_shop, toy_store, barber_shop : 48412
Saved path: music_store, party_store, pet_store, bakery, salon, jewelry_store, barber_shop, toy_store, noodle_house, tech_shop, grocery_store, cafe, bookstore, pizzeria, bank : 42734
Saved path: gelateria, pharmacy, party_store, salon, bakery, pet_store, barber_shop, toy_store, noodle_house, grocery_store, burger_joint, bookstore, craft_shop, bank, florist : 42586
Saved path: music_store, gelateria, party_store, bakery, pet_store, bike_shop, gym, toy_store, noodle_house, tech_shop, grocery_store, cafe, dentist, pizzeria, florist : 48164
Saved path: toy_store, clothing_store, grocery_store, cafe, burger_joint, bookstore, florist, craft_shop, gym, hardware_store, salon, bike_shop, bakery, jewelry_store, barber_shop : 32431
Saved path: jewelry_store, barber_shop, bakery, bike_shop, music_store, florist, pizzeria, dentist, cafe, burger_joint, tech_shop, noodle_house, toy_store, gym, hardware_store : 44029
Saved path: pharmacy, music_store, florist, bank, craft_shop, pizzeria, cafe, tech_shop, toy_store, hardware_store, jewelry_store, salon, bike_shop, pet_store, bakery : 42536
Saved path: burger_joint, cafe, grocery_store, tech_shop, toy_store, hardware_store, jewelry_store, salon, party_store, pharmacy, gelateria, music_store, florist, craft_shop, gym : 34163
Saved path: cafe, dentist, pizzeria, florist, music_store, gelateria, pharmacy, bakery, pet_store, jewelry_store, burger_joint, tech_shop, noodle_house, toy_store, clothing_store : 47534
Saved path: jewelry_store, hardware_store, gym, toy_store, noodle_house, tech_shop, clothing_store, cafe, dentist, bank, music_store, salon, bike_shop, pet_store, bakery : 50459
Saved path: jewelry_store, bakery, bike_shop, salon, music_store, florist, craft_shop, pizzeria, burger_joint, cafe, grocery_store, clothing_store, tech_shop, toy_store, barber_shop : 36733
Saved path: bike_shop, salon, jewelry_store, party_store, gelateria, music_store, florist, bank, craft_shop, gym, cafe, clothing_store, toy_store, bakery, pet_store : 45423
Saved path: pizzeria, bookstore, burger_joint, dentist, grocery_store, clothing_store, toy_store, pet_store, bike_shop, salon, party_store, gelateria, music_store, florist, craft_shop : 47219
Saved path: craft_shop, bank, florist, music_store, gelateria, pharmacy, bakery, pet_store, bike_shop, salon, hardware_store, toy_store, tech_shop, burger_joint, dentist : 44561
Saved path: pet_store, bakery, jewelry_store, party_store, gelateria, music_store, florist, bank, craft_shop, cafe, grocery_store, clothing_store, tech_shop, noodle_house, toy_store : 42538
Saved path: toy_store, hardware_store, salon, bike_shop, bakery, pharmacy, gelateria, florist, bank, craft_shop, gym, burger_joint, bookstore, grocery_store, clothing_store : 33100
