Saved path: burger_joint, hardware_store, toy_store, salon, barber_shop, bike_shop, jewelry_store, party_store, pharmacy, gelateria, florist, pet_store, bookstore, tech_shop, cafe : 59281
Saved path: florist, craft_shop, hardware_store, burger_joint, bookstore, cafe, tech_shop, grocery_store, clothing_store, barber_shop, bike_shop, pharmacy, music_store, bank, gelateria : 53539
Saved path: jewelry_store, bike_shop, bakery, pharmacy, florist, pizzeria, dentist, bookstore, burger_joint, tech_shop, grocery_store, clothing_store, toy_store, salon, barber_shop : 56410
Saved path: barber_shop, salon, toy_store, clothing_store, pizzeria, craft_shop, pet_store, bank, florist, bookstore, burger_joint, hardware_store, jewelry_store, bike_shop, bakery : 71953
Saved path: clothing_store, grocery_store, cafe, dentist, craft_shop, pet_store, florist, music_store, gelateria, pharmacy, bakery, bike_shop, toy_store, salon, noodle_house : 48348
Saved path: grocery_store, tech_shop, bookstore, burger_joint, gym, craft_shop, music_store, bakery, party_store, jewelry_store, bike_shop, barber_shop, salon, noodle_house, clothing_store : 54023
Saved path: music_store, florist, pet_store, dentist, cafe, tech_shop, clothing_store, noodle_house, salon, hardware_store, gym, party_store, bakery, pharmacy, gelateria : 56126
Saved path: bank, music_store, pharmacy, bike_shop, jewelry_store, burger_joint, bookstore, noodle_house, clothing_store, tech_shop, dentist, pizzeria, craft_shop, florist, gelateria : 61436
Saved path: barber_shop, grocery_store, tech_shop, cafe, bookstore, dentist, pizzeria, craft_shop, florist, music_store, bank, pet_store, gym, hardware_store, jewelry_store : 70767
Saved path: tech_shop, pizzeria, cafe, bookstore, burger_joint, hardware_store, gym, craft_shop, gelateria, bike_shop, jewelry_store, barber_shop, salon, noodle_house, clothing_store : 60817
Saved path: barber_shop, salon, toy_store, noodle_house, clothing_store, grocery_store, bookstore, dentist, pizzeria, craft_shop, pet_store, bank, music_store, pharmacy, bakery : 56492
Saved path: party_store, jewelry_store, bike_shop, hardware_store, salon, clothing_store, tech_shop, cafe, bookstore, craft_shop, pet_store, gelateria, bank, music_store, pharmacy : 62773
Saved path: dentist, pizzeria, craft_shop, gym, pet_store, bank, bakery, bike_shop, jewelry_store, barber_shop, toy_store, noodle_house, clothing_store, grocery_store, tech_shop : 69534
Saved path: music_store, party_store, bike_shop, gym, burger_joint, toy_store, salon, clothing_store, cafe, dentist, pizzeria, craft_shop, pet_store, gelateria, bank : 67139
Saved path: pet_store, pizzeria, dentist, cafe, grocery_store, clothing_store, noodle_house, salon, hardware_store, bike_shop, bakery, pharmacy, bank, gelateria, florist : 57530
Saved path: bakery, jewelry_store, bike_shop, hardware_store, salon, grocery_store, tech_shop, pizzeria, dentist, bookstore, burger_joint, gym, pet_store, music_store, pharmacy : 63931
Saved path: florist, pet_store, dentist, bookstore, burger_joint, toy_store, noodle_house, salon, barber_shop, jewelry_store, party_store, bakery, pharmacy, gelateria, bank : 67128
Saved path: party_store, jewelry_store, bike_shop, gelateria, bank, music_store, florist, pet_store, bookstore, cafe, tech_shop, clothing_store, salon, barber_shop, bakery : 64649
Saved path: pharmacy, bank, gelateria, florist, pet_store, dentist, cafe, tech_shop, grocery_store, clothing_store, noodle_house, barber_shop, bike_shop, party_store, hardware_store : 65516
Saved path: burger_joint, bookstore, cafe, tech_shop, grocery_store, dentist, pizzeria, florist, music_store, bakery, party_store, barber_shop, salon, toy_store, hardware_store : 56835
Saved path: burger_joint, pizzeria, tech_shop, clothing_store, toy_store, salon, barber_shop, bike_shop, jewelry_store, party_store, bakery, gelateria, bank, pet_store, gym : 70972
Saved path: bike_shop, barber_shop, toy_store, noodle_house, clothing_store, tech_shop, cafe, hardware_store, gym, pet_store, bank, music_store, pharmacy, bakery, jewelry_store : 63701
Saved path: bakery, pharmacy, florist, craft_shop, pizzeria, tech_shop, grocery_store, cafe, burger_joint, toy_store, noodle_house, barber_shop, bike_shop, jewelry_store, party_store : 53924
Saved path: bookstore, cafe, tech_shop, grocery_store, noodle_house, toy_store, hardware_store, party_store, jewelry_store, bakery, pharmacy, music_store, pet_store, craft_shop, dentist : 54392
Saved path: burger_joint, bookstore, cafe, grocery_store, clothing_store, dentist, pizzeria, craft_shop, florist, music_store, bank, pharmacy, jewelry_store, hardware_store, gym : 60421
Saved path: craft_shop, pizzeria, tech_shop, grocery_store, cafe, bookstore, toy_store, barber_shop, jewelry_store, party_store, hardware_store, gym, florist, bank, pet_store : 71186
Saved path: craft_shop, pet_store, florist, bank, gelateria, bike_shop, jewelry_store, party_store, hardware_store, salon, noodle_house, grocery_store, bookstore, cafe, pizzeria : 69083
Saved path: dentist, pizzeria, craft_shop, florist, bank, gym, hardware_store, toy_store, salon, noodle_house, clothing_store, grocery_store, bookstore, burger_joint, cafe : 55008
Saved path: hardware_store, gym, florist, music_store, bank, bakery, barber_shop, salon, noodle_house, clothing_store, grocery_store, tech_shop, pizzeria, dentist, burger_joint : 57716
Saved path: toy_store, clothing_store, tech_shop, cafe, dentist, pizzeria, craft_shop, pet_store, florist, gelateria, bank, party_store, jewelry_store, barber_shop, salon : 68789
Saved path: pharmacy, bakery, jewelry_store, barber_shop, salon, toy_store, grocery_store, cafe, burger_joint, hardware_store, gym, pizzeria, pet_store, bank, gelateria : 69046
Saved path: bike_shop, jewelry_store, party_store, bakery, pharmacy, gelateria, music_store, craft_shop, dentist, tech_shop, grocery_store, clothing_store, salon, toy_store, gym : 57699
Saved path: tech_shop, pizzeria, craft_shop, pet_store, florist, music_store, pharmacy, bike_shop, jewelry_store, party_store, hardware_store, gym, burger_joint, toy_store, grocery_store : 57224
Saved path: cafe, burger_joint, dentist, florist, bank, music_store, bakery, party_store, jewelry_store, barber_shop, toy_store, noodle_house, clothing_store, grocery_store, tech_shop : 63601
Saved path: jewelry_store, bike_shop, barber_shop, salon, toy_store, clothing_store, grocery_store, tech_shop, dentist, burger_joint, hardware_store, gelateria, bank, bakery, party_store : 67475
Saved path: clothing_store, bookstore, cafe, pizzeria, craft_shop, pet_store, bank, pharmacy, party_store, jewelry_store, bike_shop, gym, toy_store, salon, noodle_house : 69644
Saved path: bookstore, cafe, dentist, craft_shop, pet_store, florist, gelateria, pharmacy, bakery, party_store, jewelry_store, bike_shop, barber_shop, toy_store, grocery_store : 57929
Saved path: dentist, burger_joint, bookstore, grocery_store, clothing_store, toy_store, salon, barber_shop, bike_shop, party_store, bakery, gym, pet_store, florist, craft_shop : 55739
Saved path: tech_shop, grocery_store, clothing_store, salon, barber_shop, bike_shop, party_store, jewelry_store, music_store, bank, gelateria, craft_shop, pizzeria, dentist, cafe : 65930
Saved path: pharmacy, music_store, bank, gelateria, craft_shop, pizzeria, dentist, cafe, tech_shop, grocery_store, noodle_house, bookstore, burger_joint, gym, jewelry_store : 62685
Saved path: dentist, craft_shop, florist, music_store, gelateria, pharmacy, bakery, party_store, bike_shop, hardware_store, gym, toy_store, salon, noodle_house, bookstore : 54770
Saved path: bank, florist, craft_shop, dentist, tech_shop, grocery_store, clothing_store, noodle_house, salon, toy_store, burger_joint, gym, hardware_store, bike_shop, party_store : 62694
Saved path: clothing_store, grocery_store, burger_joint, pizzeria, craft_shop, pet_store, gelateria, bank, music_store, florist, gym, hardware_store, bakery, bike_shop, barber_shop : 62382
Saved path: toy_store, burger_joint, gym, bike_shop, party_store, pharmacy, bank, pet_store, craft_shop, pizzeria, dentist, tech_shop, grocery_store, noodle_house, salon : 66327
Saved path: bank, music_store, bakery, party_store, barber_shop, salon, toy_store, clothing_store, grocery_store, tech_shop, dentist, burger_joint, gym, craft_shop, gelateria : 62006
Saved path: bakery, party_store, jewelry_store, barber_shop, salon, toy_store, clothing_store, grocery_store, tech_shop, burger_joint, bookstore, craft_shop, florist, gelateria, bank : 60589
Saved path: bank, pet_store, craft_shop, pizzeria, grocery_store, cafe, bookstore, burger_joint, toy_store, noodle_house, salon, hardware_store, bakery, pharmacy, music_store : 55730
Saved path: music_store, florist, bookstore, burger_joint, cafe, grocery_store, noodle_house, salon, toy_store, hardware_store, bike_shop, party_store, pharmacy, gelateria, bank : 56799
Saved path: grocery_store, clothing_store, noodle_house, barber_shop, bakery, party_store, hardware_store, pharmacy, music_store, bank, florist, craft_shop, pizzeria, tech_shop, cafe : 61012
Saved path: noodle_house, clothing_store, tech_shop, dentist, cafe, bookstore, hardware_store, gym, music_store, pharmacy, bakery, party_store, jewelry_store, barber_shop, toy_store : 59168
Saved path: jewelry_store, bike_shop, bakery, toy_store, clothing_store, tech_shop, cafe, bookstore, craft_shop, pet_store, florist, gelateria, bank, music_store, pharmacy : 58083
Saved path: grocery_store, clothing_store, noodle_house, toy_store, salon, jewelry_store, bike_shop, bakery, pharmacy, bank, music_store, florist, pet_store, burger_joint, cafe : 62829
Saved path: pharmacy, gelateria, music_store, florist, gym, craft_shop, pizzeria, grocery_store, clothing_store, noodle_house, salon, barber_shop, bike_shop, jewelry_store, party_store : 59338
Saved path: bookstore, cafe, tech_shop, grocery_store, noodle_house, salon, hardware_store, jewelry_store, bakery, bank, gelateria, florist, craft_shop, gym, burger_joint : 58852
Saved path: grocery_store, clothing_store, noodle_house, bookstore, cafe, burger_joint, gym, hardware_store, bakery, party_store, jewelry_store, gelateria, bank, pizzeria, tech_shop : 62461
Saved path: dentist, pizzeria, craft_shop, pet_store, music_store, pharmacy, barber_shop, salon, hardware_store, burger_joint, toy_store, noodle_house, clothing_store, grocery_store, tech_shop : 52148
Saved path: tech_shop, cafe, bookstore, hardware_store, gym, florist, music_store, bank, pharmacy, party_store, jewelry_store, barber_shop, toy_store, noodle_house, grocery_store : 63106
Saved path: salon, hardware_store, toy_store, noodle_house, clothing_store, grocery_store, pizzeria, craft_shop, pet_store, florist, bank, pharmacy, bakery, bike_shop, barber_shop : 62256
Saved path: barber_shop, salon, toy_store, noodle_house, grocery_store, tech_shop, bookstore, burger_joint, hardware_store, gym, craft_shop, pet_store, florist, gelateria, bike_shop : 50654
Saved path: pharmacy, gelateria, bank, pet_store, pizzeria, cafe, bookstore, burger_joint, hardware_store, toy_store, noodle_house, barber_shop, bike_shop, jewelry_store, party_store : 69863
Saved path: bike_shop, music_store, gelateria, pet_store, craft_shop, pizzeria, tech_shop, grocery_store, clothing_store, salon, toy_store, burger_joint, gym, hardware_store, jewelry_store : 61544
Saved path: cafe, burger_joint, bookstore, tech_shop, grocery_store, clothing_store, noodle_house, toy_store, salon, jewelry_store, party_store, music_store, gelateria, florist, dentist : 56766
Saved path: gym, hardware_store, bookstore, dentist, pizzeria, tech_shop, clothing_store, noodle_house, toy_store, barber_shop, party_store, bakery, pharmacy, gelateria, music_store : 59620
Saved path: cafe, burger_joint, bookstore, grocery_store, clothing_store, salon, barber_shop, jewelry_store, party_store, bakery, pharmacy, music_store, florist, pet_store, dentist : 58160
Saved path: gelateria, jewelry_store, party_store, barber_shop, salon, toy_store, noodle_house, clothing_store, tech_shop, pizzeria, cafe, bookstore, burger_joint, hardware_store, gym : 61693
Saved path: barber_shop, clothing_store, grocery_store, tech_shop, pizzeria, dentist, cafe, bookstore, burger_joint, hardware_store, gym, craft_shop, florist, bank, jewelry_store : 68558
Saved path: craft_shop, pizzeria, tech_shop, cafe, bookstore, gym, hardware_store, toy_store, noodle_house, salon, barber_shop, jewelry_store, bakery, bank, music_store : 69479
Saved path: florist, craft_shop, dentist, grocery_store, clothing_store, noodle_house, toy_store, hardware_store, salon, barber_shop, jewelry_store, bakery, pharmacy, gelateria, bank : 63210
Saved path: bank, music_store, florist, pet_store, pizzeria, tech_shop, grocery_store, noodle_house, cafe, gym, hardware_store, party_store, bakery, pharmacy, gelateria : 61176
Saved path: gym, hardware_store, bakery, bike_shop, jewelry_store, barber_shop, salon, clothing_store, dentist, pizzeria, craft_shop, florist, music_store, bank, pet_store : 69979
Saved path: party_store, jewelry_store, salon, toy_store, noodle_house, grocery_store, cafe, dentist, pizzeria, craft_shop, pet_store, florist, bank, gelateria, pharmacy : 66580
Saved path: toy_store, salon, noodle_house, clothing_store, bookstore, burger_joint, cafe, tech_shop, pizzeria, craft_shop, florist, bank, pharmacy, bakery, bike_shop : 56895
Saved path: gelateria, florist, craft_shop, pizzeria, dentist, cafe, gym, toy_store, salon, barber_shop, jewelry_store, bakery, pharmacy, music_store, bank : 65532
Saved path: music_store, bank, gelateria, craft_shop, dentist, cafe, bookstore, tech_shop, grocery_store, clothing_store, toy_store, salon, jewelry_store, party_store, bike_shop : 64091
Saved path: noodle_house, grocery_store, cafe, burger_joint, gym, pizzeria, florist, music_store, pharmacy, bakery, party_store, jewelry_store, bike_shop, barber_shop, toy_store : 60003
Saved path: pizzeria, tech_shop, grocery_store, toy_store, salon, barber_shop, bike_shop, jewelry_store, pharmacy, gelateria, bank, pet_store, gym, burger_joint, bookstore : 70887
Saved path: burger_joint, bookstore, grocery_store, clothing_store, toy_store, salon, barber_shop, bakery, bank, gelateria, florist, pet_store, craft_shop, pizzeria, dentist : 59087
Saved path: cafe, tech_shop, clothing_store, noodle_house, burger_joint, gym, hardware_store, party_store, bakery, gelateria, bank, florist, craft_shop, pizzeria, dentist : 58580
Saved path: music_store, gelateria, florist, craft_shop, gym, hardware_store, bookstore, cafe, dentist, tech_shop, grocery_store, noodle_house, salon, barber_shop, bike_shop : 52587
