Saved path: bookstore, pizzeria, gym, hardware_store, party_store, salon, bike_shop, pet_store, bakery, burger_joint, tech_shop, toy_store, clothing_store, grocery_store, cafe : 37123
Saved path: bakery, salon, jewelry_store, barber_shop, party_store, pharmacy, bank, pizzeria, bookstore, burger_joint, cafe, clothing_store, toy_store, hardware_store, pet_store : 42927
Saved path: bakery, gelateria, florist, bank, gym, pizzeria, craft_shop, dentist, cafe, bookstore, burger_joint, tech_shop, toy_store, barber_shop, jewelry_store : 38783
Saved path: bakery, pharmacy, gelateria, music_store, florist, burger_joint, tech_shop, grocery_store, clothing_store, toy_store, barber_shop, jewelry_store, salon, bike_shop, pet_store : 45643
Saved path: barber_shop, toy_store, noodle_house, tech_shop, clothing_store, dentist, cafe, bookstore, gym, hardware_store, pet_store, bakery, music_store, gelateria, jewelry_store : 53851
Saved path: toy_store, noodle_house, tech_shop, clothing_store, grocery_store, cafe, bookstore, gym, florist, music_store, gelateria, pet_store, bakery, jewelry_store, barber_shop : 46887
Saved path: bank, gelateria, music_store, pet_store, bakery, salon, jewelry_store, toy_store, noodle_house, clothing_store, grocery_store, dentist, cafe, bookstore, pizzeria : 47749
Saved path: gelateria, music_store, pharmacy, bike_shop, pet_store, bakery, barber_shop, hardware_store, toy_store, clothing_store, grocery_store, cafe, pizzeria, craft_shop, bank : 47080
Saved path: bakery, salon, party_store, gelateria, music_store, bank, pizzeria, bookstore, burger_joint, tech_shop, grocery_store, toy_store, hardware_store, jewelry_store, barber_shop : 35995
Saved path: clothing_store, dentist, cafe, bookstore, pizzeria, craft_shop, gelateria, pharmacy, salon, bike_shop, bakery, barber_shop, jewelry_store, hardware_store, toy_store : 40692
Saved path: dentist, grocery_store, clothing_store, toy_store, barber_shop, jewelry_store, salon, bike_shop, bakery, party_store, music_store, florist, gym, burger_joint, bookstore : 43239
Saved path: dentist, cafe, grocery_store, noodle_house, barber_shop, jewelry_store, bakery, party_store, pharmacy, gelateria, music_store, florist, bank, gym, craft_shop : 39202
Saved path: grocery_store, tech_shop, bookstore, dentist, craft_shop, bank, gelateria, pharmacy, salon, bike_shop, pet_store, bakery, gym, toy_store, clothing_store : 46779
Saved path: cafe, clothing_store, toy_store, noodle_house, tech_shop, burger_joint, jewelry_store, bakery, bike_shop, salon, pharmacy, gelateria, music_store, bank, bookstore : 35416
Saved path: florist, pharmacy, party_store, bike_shop, bakery, gym, burger_joint, noodle_house, toy_store, clothing_store, grocery_store, cafe, dentist, craft_shop, pizzeria : 36274
Saved path: hardware_store, gym, toy_store, noodle_house, grocery_store, dentist, cafe, bookstore, pizzeria, craft_shop, gelateria, pharmacy, bike_shop, pet_store, jewelry_store : 50490
Saved path: bakery, salon, jewelry_store, barber_shop, toy_store, noodle_house, tech_shop, clothing_store, cafe, burger_joint, hardware_store, gym, bank, music_store, party_store : 36169
Saved path: gym, pizzeria, bookstore, burger_joint, noodle_house, toy_store, barber_shop, jewelry_store, bike_shop, pet_store, bakery, party_store, music_store, florist, bank : 46276
Saved path: bike_shop, salon, hardware_store, toy_store, tech_shop, grocery_store, cafe, dentist, craft_shop, pizzeria, bank, gelateria, barber_shop, bakery, pet_store : 49284
Saved path: burger_joint, tech_shop, noodle_house, toy_store, clothing_store, dentist, pizzeria, music_store, pharmacy, bakery, pet_store, bike_shop, salon, jewelry_store, hardware_store : 48998
Saved path: pet_store, bakery, salon, jewelry_store, hardware_store, gym, toy_store, clothing_store, noodle_house, burger_joint, bookstore, pizzeria, craft_shop, florist, party_store : 43360
Saved path: toy_store, clothing_store, grocery_store, bookstore, dentist, craft_shop, music_store, pharmacy, party_store, bike_shop, pet_store, bakery, barber_shop, jewelry_store, hardware_store : 51768
Saved path: bike_shop, jewelry_store, hardware_store, burger_joint, noodle_house, toy_store, clothing_store, grocery_store, cafe, dentist, craft_shop, florist, music_store, gelateria, party_store : 39692
Saved path: salon, bike_shop, bakery, barber_shop, toy_store, noodle_house, grocery_store, cafe, burger_joint, gym, florist, music_store, gelateria, pharmacy, party_store : 37793
Saved path: clothing_store, noodle_house, toy_store, barber_shop, jewelry_store, salon, bike_shop, pet_store, bakery, party_store, pharmacy, gym, bookstore, cafe, dentist : 49204
Saved path: jewelry_store, barber_shop, toy_store, grocery_store, burger_joint, hardware_store, gym, pizzeria, craft_shop, florist, music_store, salon, bike_shop, pet_store, bakery : 48572
Saved path: hardware_store, pet_store, bakery, salon, jewelry_store, music_store, florist, craft_shop, bookstore, grocery_store, clothing_store, tech_shop, noodle_house, toy_store, gym : 45801
Saved path: bakery, barber_shop, party_store, pharmacy, music_store, florist, bank, craft_shop, pizzeria, burger_joint, clothing_store, toy_store, hardware_store, salon, bike_shop : 38027
Saved path: gym, craft_shop, bank, florist, music_store, gelateria, pharmacy, party_store, salon, bike_shop, pet_store, bakery, hardware_store, noodle_house, toy_store : 41022
Saved path: bike_shop, jewelry_store, party_store, pharmacy, gelateria, music_store, florist, craft_shop, dentist, clothing_store, noodle_house, burger_joint, gym, bakery, pet_store : 49103
Saved path: barber_shop, toy_store, clothing_store, grocery_store, tech_shop, burger_joint, craft_shop, bank, florist, music_store, pharmacy, bakery, bike_shop, salon, jewelry_store : 36144
Saved path: bakery, jewelry_store, toy_store, grocery_store, cafe, dentist, pizzeria, bank, florist, music_store, gelateria, pharmacy, party_store, salon, bike_shop : 38124
Saved path: bakery, pharmacy, gelateria, music_store, florist, bank, bookstore, cafe, grocery_store, toy_store, barber_shop, jewelry_store, salon, bike_shop, pet_store : 44017
Saved path: grocery_store, clothing_store, tech_shop, noodle_house, toy_store, barber_shop, bakery, pet_store, bike_shop, salon, party_store, florist, craft_shop, pizzeria, cafe : 42402
Saved path: bookstore, cafe, dentist, florist, gelateria, pharmacy, jewelry_store, salon, bike_shop, pet_store, hardware_store, gym, toy_store, noodle_house, tech_shop : 48259
Saved path: cafe, burger_joint, tech_shop, noodle_house, toy_store, barber_shop, bakery, salon, party_store, pharmacy, gelateria, florist, craft_shop, pizzeria, bookstore : 29943
Saved path: bookstore, pizzeria, craft_shop, florist, pharmacy, party_store, salon, bakery, jewelry_store, gym, toy_store, tech_shop, clothing_store, dentist, cafe : 36897
Saved path: jewelry_store, hardware_store, toy_store, cafe, dentist, bookstore, pizzeria, bank, florist, music_store, pharmacy, party_store, bakery, pet_store, bike_shop : 48093
Saved path: jewelry_store, bakery, bike_shop, party_store, gelateria, music_store, craft_shop, gym, pizzeria, bookstore, cafe, tech_shop, clothing_store, toy_store, barber_shop : 40133
Saved path: music_store, gelateria, bakery, jewelry_store, hardware_store, gym, toy_store, noodle_house, tech_shop, bookstore, cafe, grocery_store, dentist, craft_shop, florist : 40204
Saved path: cafe, burger_joint, bakery, bike_shop, salon, jewelry_store, party_store, pharmacy, gelateria, music_store, craft_shop, gym, toy_store, noodle_house, tech_shop : 35562
Saved path: noodle_house, toy_store, barber_shop, bakery, pet_store, bike_shop, music_store, gelateria, bank, gym, hardware_store, burger_joint, cafe, grocery_store, clothing_store : 48756
Saved path: gelateria, party_store, hardware_store, bookstore, cafe, grocery_store, clothing_store, tech_shop, noodle_house, toy_store, barber_shop, jewelry_store, salon, bakery, pet_store : 43549
Saved path: bike_shop, bakery, barber_shop, party_store, gelateria, music_store, craft_shop, dentist, bookstore, tech_shop, grocery_store, clothing_store, toy_store, hardware_store, salon : 44089
Saved path: pizzeria, bookstore, cafe, grocery_store, clothing_store, tech_shop, noodle_house, toy_store, bakery, pet_store, bike_shop, pharmacy, jewelry_store, hardware_store, gym : 43799
Saved path: toy_store, tech_shop, burger_joint, bakery, pet_store, bike_shop, party_store, gelateria, music_store, florist, pizzeria, bookstore, dentist, grocery_store, clothing_store : 47311
Saved path: pet_store, bike_shop, salon, jewelry_store, gym, toy_store, tech_shop, clothing_store, grocery_store, dentist, bank, florist, music_store, pharmacy, bakery : 48858
Saved path: pet_store, salon, jewelry_store, hardware_store, gym, toy_store, noodle_house, tech_shop, bookstore, dentist, craft_shop, pizzeria, florist, music_store, pharmacy : 49682
Saved path: music_store, gelateria, pharmacy, party_store, bike_shop, toy_store, noodle_house, tech_shop, clothing_store, cafe, burger_joint, gym, pizzeria, craft_shop, florist : 35527
Saved path: salon, bike_shop, pet_store, bakery, burger_joint, noodle_house, toy_store, clothing_store, dentist, bookstore, bank, florist, music_store, pharmacy, party_store : 46388
Saved path: grocery_store, dentist, cafe, burger_joint, gym, pizzeria, bank, florist, music_store, pharmacy, party_store, jewelry_store, bakery, toy_store, clothing_store : 37928
Saved path: tech_shop, noodle_house, toy_store, hardware_store, jewelry_store, bike_shop, party_store, pharmacy, gelateria, music_store, pizzeria, bookstore, dentist, grocery_store, clothing_store : 40995
Saved path: barber_shop, toy_store, noodle_house, bookstore, cafe, dentist, craft_shop, gym, music_store, gelateria, party_store, salon, bike_shop, pet_store, bakery : 52635
Saved path: bakery, barber_shop, toy_store, noodle_house, clothing_store, grocery_store, cafe, dentist, pizzeria, gelateria, pharmacy, party_store, salon, bike_shop, pet_store : 47023
Saved path: gym, toy_store, noodle_house, clothing_store, cafe, bookstore, pizzeria, craft_shop, bank, florist, music_store, bakery, pet_store, salon, jewelry_store : 44631
Saved path: gelateria, music_store, pizzeria, bookstore, cafe, clothing_store, toy_store, noodle_house, burger_joint, gym, hardware_store, jewelry_store, bakery, bike_shop, pharmacy : 38530
Saved path: florist, pizzeria, bookstore, cafe, grocery_store, toy_store, tech_shop, burger_joint, gym, hardware_store, jewelry_store, bakery, bike_shop, salon, party_store : 35301
Saved path: toy_store, gym, pizzeria, florist, gelateria, pharmacy, party_store, jewelry_store, bike_shop, bakery, burger_joint, noodle_house, tech_shop, grocery_store, clothing_store : 35000
Saved path: tech_shop, burger_joint, bookstore, pizzeria, bank, gelateria, pharmacy, party_store, bakery, salon, jewelry_store, hardware_store, toy_store, clothing_store, grocery_store : 30352
Saved path: hardware_store, toy_store, noodle_house, cafe, dentist, craft_shop, florist, music_store, gelateria, pharmacy, party_store, jewelry_store, salon, bakery, pet_store : 45369
Saved path: barber_shop, jewelry_store, salon, bike_shop, pet_store, bakery, gelateria, florist, craft_shop, pizzeria, burger_joint, tech_shop, grocery_store, clothing_store, toy_store : 43553
Saved path: bank, pizzeria, gym, hardware_store, tech_shop, grocery_store, toy_store, barber_shop, bakery, salon, party_store, pharmacy, gelateria, music_store, florist : 36595
Saved path: tech_shop, toy_store, barber_shop, jewelry_store, bike_shop, bakery, party_store, hardware_store, gym, florist, pizzeria, bookstore, cafe, dentist, grocery_store : 41120
Saved path: florist, gelateria, party_store, salon, bike_shop, bakery, jewelry_store, hardware_store, toy_store, clothing_store, grocery_store, tech_shop, noodle_house, burger_joint, gym : 34922
Saved path: grocery_store, burger_joint, bookstore, pizzeria, craft_shop, florist, music_store, pharmacy, salon, bike_shop, bakery, barber_shop, toy_store, noodle_house, tech_shop : 36566
Saved path: pharmacy, gelateria, dentist, grocery_store, clothing_store, tech_shop, toy_store, gym, hardware_store, jewelry_store, barber_shop, bakery, bike_shop, salon, party_store : 41518
Saved path: pet_store, bakery, salon, party_store, pharmacy, florist, bank, craft_shop, pizzeria, cafe, burger_joint, tech_shop, noodle_house, toy_store, hardware_store : 36708
Saved path: burger_joint, noodle_house, toy_store, hardware_store, jewelry_store, barber_shop, bakery, pet_store, bike_shop, salon, party_store, pharmacy, gelateria, craft_shop, pizzeria : 43568
Saved path: burger_joint, grocery_store, tech_shop, noodle_house, toy_store, gym, pizzeria, craft_shop, bank, florist, music_store, gelateria, pharmacy, bakery, hardware_store : 32630
Saved path: hardware_store, burger_joint, tech_shop, noodle_house, toy_store, clothing_store, cafe, bookstore, bank, florist, music_store, bike_shop, pet_store, bakery, jewelry_store : 44807
Saved path: jewelry_store, bakery, pharmacy, gelateria, florist, gym, hardware_store, burger_joint, bookstore, cafe, dentist, grocery_store, clothing_store, toy_store, barber_shop : 39576
Saved path: gelateria, pharmacy, party_store, jewelry_store, pet_store, bakery, toy_store, noodle_house, tech_shop, burger_joint, bookstore, cafe, dentist, craft_shop, pizzeria : 44535
Saved path: bike_shop, bakery, barber_shop, jewelry_store, hardware_store, gym, toy_store, noodle_house, tech_shop, bookstore, cafe, dentist, craft_shop, florist, music_store : 43849
Saved path: bookstore, burger_joint, bakery, pet_store, bike_shop, salon, party_store, pharmacy, music_store, florist, bank, dentist, clothing_store, toy_store, tech_shop : 46201
Saved path: toy_store, hardware_store, jewelry_store, barber_shop, bakery, bike_shop, pharmacy, gelateria, florist, pizzeria, craft_shop, dentist, clothing_store, tech_shop, noodle_house : 40006
Saved path: party_store, pharmacy, gelateria, music_store, florist, bank, dentist, grocery_store, clothing_store, bookstore, burger_joint, gym, hardware_store, bakery, barber_shop : 41333
Saved path: florist, music_store, pharmacy, party_store, bike_shop, bakery, barber_shop, jewelry_store, hardware_store, gym, bookstore, clothing_store, grocery_store, dentist, bank : 43816
Saved path: bookstore, burger_joint, noodle_house, clothing_store, toy_store, barber_shop, bakery, salon, party_store, gym, florist, bank, craft_shop, dentist, cafe : 38627
Saved path: party_store, salon, bike_shop, bakery, jewelry_store, barber_shop, toy_store, grocery_store, noodle_house, gym, pizzeria, craft_shop, bank, florist, music_store : 38321
Saved path: salon, jewelry_store, barber_shop, toy_store, noodle_house, cafe, burger_joint, hardware_store, gym, pizzeria, craft_shop, florist, music_store, bakery, pet_store : 46596
Saved path: bakery, jewelry_store, barber_shop, pharmacy, music_store, bank, pizzeria, craft_shop, dentist, cafe, grocery_store, toy_store, burger_joint, hardware_store, pet_store : 50055
Saved path: salon, bike_shop, bakery, barber_shop, toy_store, noodle_house, tech_shop, grocery_store, dentist, burger_joint, gym, hardware_store, pharmacy, music_store, party_store : 44004
Saved path: bakery, salon, jewelry_store, barber_shop, toy_store, tech_shop, clothing_store, grocery_store, dentist, cafe, burger_joint, gym, craft_shop, gelateria, party_store : 38566
Saved path: noodle_house, toy_store, grocery_store, dentist, craft_shop, florist, gelateria, jewelry_store, barber_shop, bakery, pet_store, hardware_store, gym, burger_joint, tech_shop : 49900
Saved path: bike_shop, salon, hardware_store, toy_store, noodle_house, grocery_store, dentist, cafe, bookstore, pizzeria, music_store, gelateria, party_store, bakery, pet_store : 47185
Saved path: clothing_store, tech_shop, noodle_house, toy_store, barber_shop, jewelry_store, salon, bakery, gelateria, music_store, gym, burger_joint, bookstore, cafe, grocery_store : 36808
Saved path: jewelry_store, bike_shop, pet_store, gym, toy_store, noodle_house, clothing_store, grocery_store, bookstore, pizzeria, craft_shop, florist, music_store, gelateria, pharmacy : 46776
Saved path: pharmacy, gelateria, music_store, florist, bank, pizzeria, dentist, cafe, burger_joint, noodle_house, toy_store, gym, hardware_store, jewelry_store, bakery : 38019
Saved path: bookstore, pizzeria, craft_shop, bank, gelateria, music_store, pharmacy, bakery, barber_shop, hardware_store, gym, toy_store, grocery_store, dentist, cafe : 42582
Saved path: burger_joint, bookstore, clothing_store, toy_store, gym, craft_shop, bank, florist, pharmacy, party_store, bakery, pet_store, bike_shop, salon, jewelry_store : 43365
Saved path: bookstore, burger_joint, dentist, clothing_store, toy_store, hardware_store, jewelry_store, salon, bike_shop, pet_store, bakery, party_store, gelateria, craft_shop, pizzeria : 48179
Saved path: bakery, music_store, bank, pizzeria, craft_shop, dentist, clothing_store, toy_store, tech_shop, burger_joint, gym, hardware_store, salon, bike_shop, pet_store : 48679
Saved path: jewelry_store, bakery, bike_shop, salon, party_store, gelateria, florist, bank, pizzeria, bookstore, dentist, cafe, tech_shop, noodle_house, toy_store : 36260
Saved path: pizzeria, gym, bank, florist, music_store, gelateria, party_store, salon, bakery, barber_shop, toy_store, tech_shop, grocery_store, dentist, bookstore : 41951
Saved path: bike_shop, hardware_store, toy_store, noodle_house, tech_shop, clothing_store, grocery_store, bookstore, pizzeria, bank, music_store, party_store, barber_shop, bakery, pet_store : 47004
Saved path: gym, toy_store, tech_shop, clothing_store, grocery_store, dentist, cafe, bookstore, pizzeria, craft_shop, music_store, pharmacy, party_store, salon, jewelry_store : 38913
Saved path: cafe, tech_shop, toy_store, gym, hardware_store, jewelry_store, barber_shop, bakery, party_store, gelateria, florist, bank, pizzeria, craft_shop, dentist : 37787
Saved path: toy_store, burger_joint, cafe, dentist, craft_shop, music_store, pharmacy, party_store, bike_shop, pet_store, bakery, barber_shop, jewelry_store, hardware_store, gym : 51831
Saved path: florist, bank, gym, party_store, salon, bike_shop, bakery, jewelry_store, barber_shop, toy_store, burger_joint, cafe, dentist, bookstore, pizzeria : 39769
Saved path: gelateria, pharmacy, party_store, bakery, jewelry_store, hardware_store, toy_store, tech_shop, burger_joint, dentist, cafe, bookstore, pizzeria, bank, florist : 34272
Saved path: tech_shop, burger_joint, gym, pet_store, bike_shop, salon, party_store, pharmacy, gelateria, pizzeria, craft_shop, dentist, grocery_store, clothing_store, toy_store : 45943
Saved path: craft_shop, pizzeria, bookstore, burger_joint, tech_shop, grocery_store, toy_store, gym, bakery, salon, party_store, pharmacy, gelateria, music_store, florist : 32582
Saved path: dentist, clothing_store, toy_store, noodle_house, tech_shop, burger_joint, gym, hardware_store, bike_shop, pet_store, bakery, gelateria, craft_shop, pizzeria, bookstore : 48909
Saved path: grocery_store, cafe, bookstore, craft_shop, florist, pharmacy, salon, bike_shop, pet_store, bakery, hardware_store, burger_joint, noodle_house, toy_store, clothing_store : 39589
Saved path: jewelry_store, salon, bakery, gelateria, florist, bank, craft_shop, pizzeria, bookstore, dentist, grocery_store, clothing_store, toy_store, noodle_house, burger_joint : 35650
Saved path: gelateria, music_store, pharmacy, salon, bakery, pet_store, barber_shop, toy_store, noodle_house, clothing_store, bookstore, burger_joint, gym, craft_shop, bank : 47615
Saved path: jewelry_store, barber_shop, toy_store, tech_shop, grocery_store, dentist, cafe, bookstore, burger_joint, hardware_store, pharmacy, music_store, bike_shop, pet_store, bakery : 51966
Saved path: bike_shop, salon, party_store, pharmacy, pizzeria, craft_shop, dentist, cafe, bookstore, burger_joint, noodle_house, toy_store, hardware_store, jewelry_store, bakery : 36881
Saved path: pharmacy, gelateria, music_store, florist, bank, gym, pizzeria, dentist, cafe, noodle_house, toy_store, barber_shop, jewelry_store, bike_shop, bakery : 42757
Saved path: burger_joint, bookstore, craft_shop, florist, pharmacy, party_store, salon, bike_shop, pet_store, bakery, jewelry_store, gym, toy_store, clothing_store, noodle_house : 43904
Saved path: music_store, gelateria, party_store, salon, bakery, barber_shop, toy_store, noodle_house, tech_shop, grocery_store, dentist, burger_joint, bookstore, pizzeria, florist : 39462
Saved path: pet_store, bike_shop, gym, burger_joint, noodle_house, toy_store, clothing_store, dentist, bookstore, pizzeria, craft_shop, gelateria, pharmacy, party_store, jewelry_store : 50448
Saved path: grocery_store, clothing_store, toy_store, barber_shop, bakery, pet_store, bike_shop, gelateria, music_store, florist, craft_shop, pizzeria, bookstore, cafe, dentist : 50124
Saved path: pharmacy, gelateria, florist, pizzeria, bookstore, clothing_store, noodle_house, toy_store, gym, hardware_store, jewelry_store, barber_shop, bakery, pet_store, bike_shop : 47239
Saved path: burger_joint, cafe, grocery_store, tech_shop, toy_store, barber_shop, bakery, pet_store, bike_shop, salon, party_store, pharmacy, gelateria, music_store, florist : 45862
Saved path: toy_store, tech_shop, grocery_store, dentist, cafe, bookstore, pizzeria, craft_shop, bank, florist, pharmacy, jewelry_store, salon, bakery, pet_store : 44656
Saved path: toy_store, tech_shop, burger_joint, cafe, pizzeria, craft_shop, music_store, gelateria, pharmacy, party_store, bakery, pet_store, bike_shop, jewelry_store, hardware_store : 44050
Saved path: tech_shop, noodle_house, toy_store, barber_shop, bakery, pet_store, bike_shop, gelateria, pharmacy, hardware_store, gym, burger_joint, cafe, grocery_store, clothing_store : 46228
Saved path: party_store, salon, bike_shop, pet_store, gym, toy_store, noodle_house, tech_shop, burger_joint, bookstore, dentist, craft_shop, florist, music_store, gelateria : 48059
Saved path: gelateria, pharmacy, salon, bakery, pet_store, toy_store, noodle_house, burger_joint, bookstore, cafe, dentist, craft_shop, pizzeria, bank, florist : 41940
Saved path: cafe, burger_joint, gym, pizzeria, florist, gelateria, party_store, bakery, pet_store, jewelry_store, barber_shop, toy_store, noodle_house, tech_shop, dentist : 48111
Saved path: bookstore, cafe, dentist, grocery_store, clothing_store, tech_shop, noodle_house, toy_store, hardware_store, salon, bakery, party_store, pharmacy, music_store, florist : 34643
Saved path: florist, craft_shop, dentist, grocery_store, clothing_store, tech_shop, noodle_house, toy_store, gym, hardware_store, jewelry_store, bakery, pharmacy, gelateria, music_store : 37970
Saved path: tech_shop, burger_joint, hardware_store, bakery, pet_store, bike_shop, salon, pharmacy, craft_shop, pizzeria, bookstore, cafe, dentist, clothing_store, toy_store : 45313
Saved path: noodle_house, toy_store, barber_shop, jewelry_store, bakery, pet_store, salon, party_store, gelateria, bank, gym, burger_joint, bookstore, cafe, clothing_store : 44608
Saved path: bike_shop, salon, party_store, pharmacy, florist, pizzeria, bookstore, cafe, grocery_store, clothing_store, toy_store, tech_shop, burger_joint, gym, jewelry_store : 34437
Saved path: jewelry_store, barber_shop, toy_store, noodle_house, tech_shop, burger_joint, bookstore, cafe, dentist, bank, florist, gym, bakery, bike_shop, party_store : 39559
Saved path: bank, craft_shop, dentist, grocery_store, clothing_store, toy_store, hardware_store, jewelry_store, barber_shop, bakery, pet_store, bike_shop, party_store, pharmacy, gelateria : 47151
Saved path: bookstore, cafe, burger_joint, tech_shop, noodle_house, toy_store, barber_shop, jewelry_store, salon, bike_shop, pet_store, bakery, music_store, florist, bank : 43437
Saved path: pizzeria, craft_shop, bank, florist, gym, hardware_store, party_store, salon, bike_shop, pet_store, bakery, barber_shop, toy_store, tech_shop, grocery_store : 45416
Saved path: craft_shop, dentist, cafe, burger_joint, toy_store, gym, hardware_store, bakery, pet_store, bike_shop, salon, party_store, pharmacy, gelateria, bank : 44185
Saved path: toy_store, noodle_house, burger_joint, bookstore, pizzeria, florist, music_store, gelateria, barber_shop, bakery, pet_store, bike_shop, salon, hardware_store, gym : 48296
Saved path: grocery_store, cafe, bookstore, pizzeria, craft_shop, florist, music_store, salon, bike_shop, bakery, hardware_store, burger_joint, tech_shop, toy_store, clothing_store : 33103
Saved path: clothing_store, dentist, bookstore, pizzeria, florist, music_store, gelateria, party_store, jewelry_store, salon, pet_store, gym, toy_store, noodle_house, tech_shop : 50712
Saved path: bike_shop, pet_store, bakery, party_store, pharmacy, florist, craft_shop, dentist, cafe, clothing_store, toy_store, burger_joint, hardware_store, jewelry_store, salon : 45409
Saved path: pharmacy, music_store, florist, bank, pizzeria, bookstore, dentist, burger_joint, tech_shop, noodle_house, toy_store, bakery, pet_store, bike_shop, salon : 45451
Saved path: party_store, hardware_store, burger_joint, bookstore, bank, dentist, grocery_store, tech_shop, toy_store, barber_shop, jewelry_store, salon, bike_shop, pet_store, bakery : 47176
Saved path: florist, craft_shop, pizzeria, bookstore, burger_joint, cafe, grocery_store, clothing_store, toy_store, gym, jewelry_store, salon, bakery, pet_store, music_store : 44914
Saved path: grocery_store, clothing_store, tech_shop, noodle_house, toy_store, gym, bakery, pet_store, bike_shop, salon, music_store, florist, bank, craft_shop, dentist : 46304
Saved path: hardware_store, jewelry_store, party_store, pharmacy, gelateria, music_store, florist, dentist, clothing_store, toy_store, noodle_house, tech_shop, bookstore, burger_joint, gym : 39264
Saved path: clothing_store, grocery_store, dentist, craft_shop, music_store, gelateria, pharmacy, bike_shop, pet_store, bakery, gym, burger_joint, bookstore, tech_shop, toy_store : 49594
Saved path: gym, hardware_store, jewelry_store, barber_shop, bakery, salon, party_store, pharmacy, music_store, florist, bookstore, dentist, grocery_store, tech_shop, toy_store : 42465
Saved path: florist, pizzeria, bookstore, dentist, cafe, burger_joint, noodle_house, toy_store, gym, hardware_store, jewelry_store, salon, pet_store, gelateria, music_store : 50683
Saved path: salon, bakery, barber_shop, toy_store, grocery_store, dentist, cafe, bookstore, burger_joint, gym, pizzeria, bank, gelateria, music_store, party_store : 42056
Saved path: pizzeria, craft_shop, bank, music_store, gelateria, pharmacy, party_store, bakery, pet_store, hardware_store, burger_joint, tech_shop, grocery_store, toy_store, gym : 42975
Saved path: gym, cafe, tech_shop, clothing_store, toy_store, barber_shop, bakery, pet_store, bike_shop, salon, party_store, pharmacy, gelateria, bank, pizzeria : 45471
Saved path: barber_shop, bakery, salon, hardware_store, gym, toy_store, tech_shop, grocery_store, dentist, bookstore, pizzeria, bank, florist, music_store, party_store : 42466
Saved path: hardware_store, toy_store, noodle_house, tech_shop, burger_joint, cafe, bookstore, pizzeria, florist, music_store, gelateria, party_store, salon, bakery, pet_store : 39552
Saved path: craft_shop, pizzeria, cafe, grocery_store, clothing_store, noodle_house, toy_store, jewelry_store, pet_store, bike_shop, salon, party_store, pharmacy, gelateria, music_store : 44138
Saved path: noodle_house, tech_shop, clothing_store, cafe, bookstore, bank, florist, music_store, pharmacy, party_store, bakery, barber_shop, jewelry_store, hardware_store, toy_store : 34312
Saved path: hardware_store, gym, toy_store, noodle_house, burger_joint, bookstore, grocery_store, dentist, craft_shop, music_store, gelateria, jewelry_store, salon, bakery, pet_store : 51893
Saved path: hardware_store, bakery, party_store, pharmacy, gelateria, music_store, florist, bank, pizzeria, craft_shop, dentist, cafe, bookstore, noodle_house, toy_store : 33742
Saved path: music_store, florist, bank, dentist, burger_joint, noodle_house, toy_store, hardware_store, jewelry_store, barber_shop, bakery, bike_shop, salon, pharmacy, gelateria : 40849
Saved path: dentist, grocery_store, clothing_store, tech_shop, toy_store, gym, jewelry_store, bike_shop, pet_store, bakery, pharmacy, music_store, florist, bank, bookstore : 51147
Saved path: gym, toy_store, clothing_store, cafe, bookstore, pizzeria, craft_shop, florist, music_store, gelateria, party_store, jewelry_store, salon, bike_shop, pet_store : 45870
Saved path: gelateria, pizzeria, craft_shop, dentist, cafe, burger_joint, tech_shop, noodle_house, toy_store, hardware_store, salon, bike_shop, pet_store, bakery, barber_shop : 48800
Saved path: party_store, music_store, pizzeria, bookstore, dentist, grocery_store, tech_shop, noodle_house, toy_store, gym, hardware_store, barber_shop, bakery, pet_store, bike_shop : 54827
Saved path: tech_shop, clothing_store, cafe, bookstore, pizzeria, music_store, pharmacy, salon, bike_shop, pet_store, jewelry_store, hardware_store, gym, toy_store, noodle_house : 46641
Saved path: burger_joint, bookstore, pizzeria, bank, gym, hardware_store, pet_store, bakery, barber_shop, toy_store, noodle_house, tech_shop, clothing_store, grocery_store, dentist : 43410
Saved path: toy_store, noodle_house, grocery_store, cafe, bookstore, burger_joint, gym, pizzeria, florist, music_store, pharmacy, party_store, salon, bakery, barber_shop : 36608
Saved path: jewelry_store, party_store, pharmacy, music_store, gelateria, bookstore, cafe, dentist, grocery_store, tech_shop, toy_store, hardware_store, pet_store, bakery, salon : 48347
Saved path: grocery_store, dentist, cafe, bookstore, burger_joint, gym, craft_shop, bank, florist, pharmacy, bakery, jewelry_store, barber_shop, toy_store, clothing_store : 37756
Saved path: tech_shop, toy_store, barber_shop, jewelry_store, salon, bike_shop, pet_store, bakery, party_store, gym, bank, craft_shop, bookstore, cafe, burger_joint : 41255
Saved path: salon, party_store, hardware_store, gym, craft_shop, bank, pizzeria, bookstore, cafe, grocery_store, clothing_store, toy_store, barber_shop, bakery, pet_store : 40740
Saved path: party_store, gelateria, music_store, florist, craft_shop, pizzeria, gym, burger_joint, cafe, tech_shop, toy_store, hardware_store, bike_shop, pet_store, bakery : 43672
Saved path: burger_joint, noodle_house, toy_store, hardware_store, jewelry_store, salon, bike_shop, bakery, gelateria, music_store, florist, bank, craft_shop, dentist, bookstore : 39353
Saved path: toy_store, gym, hardware_store, salon, bike_shop, pet_store, bakery, pharmacy, music_store, bookstore, cafe, grocery_store, clothing_store, tech_shop, noodle_house : 43885
Saved path: noodle_house, clothing_store, cafe, pizzeria, gelateria, pharmacy, party_store, salon, bike_shop, pet_store, bakery, jewelry_store, hardware_store, gym, toy_store : 44426
Saved path: salon, hardware_store, gym, toy_store, cafe, dentist, craft_shop, pizzeria, florist, music_store, gelateria, barber_shop, bakery, pet_store, bike_shop : 53120
Saved path: music_store, gelateria, pharmacy, party_store, pet_store, bakery, jewelry_store, hardware_store, toy_store, clothing_store, bookstore, cafe, dentist, craft_shop, bank : 47409
Saved path: cafe, clothing_store, noodle_house, toy_store, barber_shop, jewelry_store, bakery, pet_store, bike_shop, party_store, gelateria, music_store, craft_shop, pizzeria, bookstore : 45476
Saved path: party_store, salon, bakery, barber_shop, jewelry_store, hardware_store, gym, toy_store, tech_shop, bookstore, pizzeria, craft_shop, florist, music_store, pharmacy : 35346
Saved path: burger_joint, gym, bike_shop, salon, party_store, pharmacy, gelateria, music_store, craft_shop, dentist, grocery_store, toy_store, noodle_house, tech_shop, bookstore : 40479
Saved path: pet_store, bike_shop, salon, pharmacy, gelateria, music_store, florist, craft_shop, gym, burger_joint, bookstore, cafe, grocery_store, toy_store, hardware_store : 45040
Saved path: bank, gelateria, bike_shop, pet_store, bakery, jewelry_store, barber_shop, toy_store, noodle_house, tech_shop, clothing_store, grocery_store, cafe, dentist, pizzeria : 47348
Saved path: tech_shop, grocery_store, toy_store, barber_shop, jewelry_store, salon, bike_shop, bakery, music_store, bank, craft_shop, pizzeria, gym, hardware_store, burger_joint : 39712
Saved path: tech_shop, toy_store, gym, hardware_store, jewelry_store, barber_shop, bakery, bike_shop, gelateria, bank, pizzeria, craft_shop, dentist, grocery_store, clothing_store : 42442
Saved path: pharmacy, gelateria, florist, pizzeria, dentist, cafe, tech_shop, clothing_store, toy_store, gym, bakery, pet_store, bike_shop, salon, party_store : 45643
Saved path: bakery, salon, jewelry_store, barber_shop, toy_store, noodle_house, tech_shop, grocery_store, dentist, burger_joint, bookstore, pizzeria, gelateria, pharmacy, pet_store : 47587
Saved path: cafe, bookstore, tech_shop, toy_store, gym, bike_shop, pet_store, bakery, party_store, gelateria, florist, bank, craft_shop, dentist, grocery_store : 46448
Saved path: grocery_store, clothing_store, tech_shop, toy_store, gym, hardware_store, jewelry_store, barber_shop, bakery, pet_store, pharmacy, music_store, craft_shop, bookstore, cafe : 48068
Saved path: pet_store, bakery, salon, jewelry_store, gelateria, florist, bank, bookstore, cafe, dentist, grocery_store, noodle_house, toy_store, gym, hardware_store : 48545
Saved path: toy_store, clothing_store, grocery_store, cafe, dentist, craft_shop, gym, bakery, salon, party_store, pharmacy, burger_joint, bookstore, tech_shop, noodle_house : 34596
Saved path: florist, gelateria, pharmacy, party_store, salon, bike_shop, bakery, jewelry_store, hardware_store, toy_store, noodle_house, burger_joint, bookstore, cafe, dentist : 36711
Saved path: bakery, bike_shop, jewelry_store, barber_shop, toy_store, noodle_house, tech_shop, clothing_store, grocery_store, bookstore, pizzeria, craft_shop, bank, florist, gym : 31626
Saved path: bike_shop, bakery, gym, burger_joint, toy_store, grocery_store, cafe, dentist, craft_shop, pizzeria, bank, music_store, gelateria, jewelry_store, salon : 42224
Saved path: toy_store, clothing_store, barber_shop, jewelry_store, pet_store, bakery, party_store, pharmacy, gelateria, music_store, florist, craft_shop, pizzeria, gym, hardware_store : 46442
Saved path: florist, bank, pizzeria, bookstore, dentist, grocery_store, clothing_store, tech_shop, toy_store, barber_shop, bakery, bike_shop, party_store, hardware_store, gym : 41491
Saved path: florist, pizzeria, craft_shop, dentist, grocery_store, clothing_store, toy_store, tech_shop, burger_joint, gym, bakery, salon, party_store, gelateria, music_store : 36427
Saved path: jewelry_store, bakery, bike_shop, gym, burger_joint, noodle_house, toy_store, grocery_store, dentist, cafe, bookstore, pizzeria, bank, florist, pharmacy : 39841
Saved path: gelateria, florist, bank, craft_shop, dentist, bookstore, burger_joint, noodle_house, toy_store, hardware_store, salon, bike_shop, pet_store, bakery, barber_shop : 49010
Saved path: party_store, bike_shop, pet_store, bakery, barber_shop, toy_store, tech_shop, clothing_store, grocery_store, cafe, burger_joint, bookstore, pizzeria, music_store, gelateria : 46234
Saved path: salon, bike_shop, bakery, barber_shop, toy_store, tech_shop, bookstore, cafe, dentist, craft_shop, gym, bank, music_store, gelateria, party_store : 43134
Saved path: grocery_store, cafe, dentist, bank, florist, gelateria, party_store, salon, bakery, barber_shop, jewelry_store, hardware_store, gym, toy_store, noodle_house : 39043
Saved path: burger_joint, tech_shop, toy_store, clothing_store, grocery_store, dentist, craft_shop, bank, florist, gelateria, bakery, pet_store, bike_shop, jewelry_store, gym : 47775
Saved path: hardware_store, gym, toy_store, clothing_store, dentist, craft_shop, pizzeria, music_store, gelateria, party_store, barber_shop, jewelry_store, salon, bakery, pet_store : 51965
Saved path: bookstore, bank, florist, gelateria, pharmacy, party_store, salon, bakery, jewelry_store, burger_joint, noodle_house, toy_store, clothing_store, dentist, cafe : 35097
Saved path: toy_store, tech_shop, burger_joint, gym, pet_store, bike_shop, jewelry_store, party_store, gelateria, florist, pizzeria, bookstore, cafe, dentist, grocery_store : 50063
Saved path: dentist, grocery_store, tech_shop, noodle_house, toy_store, hardware_store, barber_shop, bakery, bike_shop, music_store, florist, craft_shop, pizzeria, bookstore, cafe : 43441
Saved path: noodle_house, toy_store, gym, hardware_store, jewelry_store, salon, bike_shop, pet_store, bakery, pharmacy, gelateria, florist, pizzeria, bookstore, dentist : 49043
