Saved path: barber_shop, toy_store, burger_joint, cafe, grocery_store, dentist, craft_shop, pizzeria, florist, music_store, gelateria, pharmacy, salon, pet_store, bakery : 48964
Saved path: music_store, florist, craft_shop, pizzeria, bookstore, burger_joint, tech_shop, grocery_store, clothing_store, toy_store, gym, bike_shop, pet_store, bakery, jewelry_store : 46743
Saved path: bank, pizzeria, cafe, grocery_store, clothing_store, tech_shop, noodle_house, toy_store, gym, hardware_store, jewelry_store, bike_shop, bakery, party_store, florist : 34699
Saved path: burger_joint, noodle_house, clothing_store, toy_store, barber_shop, bakery, pet_store, bike_shop, pharmacy, hardware_store, gym, pizzeria, craft_shop, dentist, cafe : 50752
Saved path: clothing_store, grocery_store, cafe, dentist, music_store, pharmacy, party_store, barber_shop, jewelry_store, salon, bakery, pet_store, hardware_store, toy_store, tech_shop : 49229
Saved path: bakery, barber_shop, toy_store, noodle_house, grocery_store, dentist, burger_joint, gym, craft_shop, bank, gelateria, music_store, salon, bike_shop, pet_store : 53199
Saved path: pizzeria, gym, hardware_store, tech_shop, clothing_store, toy_store, barber_shop, jewelry_store, bike_shop, pet_store, bakery, gelateria, music_store, bank, craft_shop : 48750
Saved path: cafe, dentist, grocery_store, toy_store, hardware_store, jewelry_store, bike_shop, party_store, pharmacy, gelateria, music_store, florist, craft_shop, pizzeria, bookstore : 40316
Saved path: gym, toy_store, clothing_store, grocery_store, cafe, burger_joint, bakery, pet_store, bike_shop, jewelry_store, pharmacy, gelateria, florist, craft_shop, pizzeria : 43727
Saved path: cafe, grocery_store, clothing_store, toy_store, barber_shop, bakery, bike_shop, salon, party_store, pharmacy, gelateria, gym, pizzeria, craft_shop, dentist : 40699
Saved path: bookstore, pizzeria, craft_shop, bank, florist, gelateria, bike_shop, pet_store, bakery, burger_joint, tech_shop, toy_store, clothing_store, grocery_store, dentist : 45221
Saved path: pharmacy, party_store, salon, bakery, jewelry_store, gym, burger_joint, noodle_house, toy_store, clothing_store, grocery_store, dentist, cafe, bookstore, bank : 36981
Saved path: pet_store, bakery, pharmacy, gelateria, music_store, florist, pizzeria, bookstore, dentist, grocery_store, tech_shop, toy_store, gym, hardware_store, bike_shop : 49621
Saved path: clothing_store, grocery_store, dentist, craft_shop, pizzeria, florist, music_store, party_store, bakery, barber_shop, jewelry_store, hardware_store, gym, burger_joint, toy_store : 41373
Saved path: burger_joint, tech_shop, toy_store, gym, hardware_store, pet_store, bakery, salon, barber_shop, party_store, gelateria, music_store, florist, pizzeria, bookstore : 47075
Saved path: music_store, gelateria, party_store, salon, bike_shop, bakery, jewelry_store, barber_shop, toy_store, gym, burger_joint, bookstore, dentist, craft_shop, bank : 43521
Saved path: cafe, bookstore, pizzeria, craft_shop, florist, music_store, pharmacy, party_store, salon, bike_shop, bakery, jewelry_store, hardware_store, toy_store, tech_shop : 33238
Saved path: bike_shop, bakery, party_store, pharmacy, florist, pizzeria, craft_shop, dentist, grocery_store, tech_shop, noodle_house, toy_store, hardware_store, jewelry_store, salon : 35881
Saved path: gelateria, pharmacy, party_store, jewelry_store, bakery, pet_store, gym, toy_store, clothing_store, dentist, cafe, bookstore, pizzeria, craft_shop, florist : 46859
Saved path: pizzeria, bank, gelateria, pharmacy, party_store, salon, bike_shop, pet_store, bakery, barber_shop, toy_store, clothing_store, grocery_store, cafe, gym : 44490
Saved path: burger_joint, cafe, bookstore, pizzeria, craft_shop, gym, bakery, pet_store, bike_shop, salon, jewelry_store, party_store, pharmacy, hardware_store, toy_store : 42722
Saved path: toy_store, tech_shop, pizzeria, bank, florist, gelateria, pharmacy, party_store, salon, bike_shop, pet_store, bakery, barber_shop, jewelry_store, hardware_store : 42425
Saved path: toy_store, tech_shop, burger_joint, jewelry_store, salon, bike_shop, pet_store, bakery, pharmacy, music_store, craft_shop, pizzeria, bookstore, dentist, grocery_store : 49866
Saved path: pet_store, gym, burger_joint, tech_shop, toy_store, grocery_store, dentist, bookstore, pizzeria, craft_shop, florist, music_store, party_store, jewelry_store, salon : 51114
Saved path: barber_shop, jewelry_store, bakery, bike_shop, party_store, pharmacy, gelateria, music_store, gym, pizzeria, bookstore, dentist, grocery_store, tech_shop, toy_store : 44812
Saved path: clothing_store, grocery_store, bookstore, pizzeria, craft_shop, gym, hardware_store, party_store, salon, bike_shop, bakery, burger_joint, tech_shop, noodle_house, toy_store : 28580
Saved path: party_store, pharmacy, bank, craft_shop, pizzeria, bookstore, cafe, grocery_store, tech_shop, toy_store, hardware_store, barber_shop, bakery, pet_store, salon : 42949
Saved path: bike_shop, bakery, gym, burger_joint, tech_shop, noodle_house, toy_store, clothing_store, cafe, dentist, pizzeria, bank, pharmacy, party_store, salon : 36644
Saved path: pharmacy, gelateria, pizzeria, gym, burger_joint, bookstore, cafe, dentist, clothing_store, tech_shop, toy_store, barber_shop, jewelry_store, pet_store, bakery : 50675
Saved path: hardware_store, burger_joint, tech_shop, toy_store, clothing_store, grocery_store, cafe, bookstore, craft_shop, bank, pharmacy, party_store, salon, bakery, pet_store : 38367
Saved path: jewelry_store, barber_shop, toy_store, noodle_house, tech_shop, dentist, craft_shop, bank, florist, music_store, pharmacy, salon, bike_shop, pet_store, bakery : 46498
Saved path: party_store, gelateria, craft_shop, pizzeria, bookstore, burger_joint, cafe, clothing_store, toy_store, gym, hardware_store, bakery, pet_store, bike_shop, salon : 42507
Saved path: noodle_house, toy_store, gym, hardware_store, jewelry_store, barber_shop, bakery, gelateria, florist, bank, craft_shop, pizzeria, bookstore, grocery_store, tech_shop : 35243
Saved path: hardware_store, gym, toy_store, noodle_house, tech_shop, burger_joint, dentist, florist, gelateria, barber_shop, jewelry_store, salon, bike_shop, pet_store, bakery : 50516
Saved path: pharmacy, party_store, bike_shop, bakery, barber_shop, toy_store, noodle_house, tech_shop, grocery_store, bookstore, burger_joint, gym, pizzeria, craft_shop, bank : 37376
Saved path: toy_store, gym, pet_store, bakery, pharmacy, music_store, gelateria, bank, pizzeria, bookstore, cafe, dentist, grocery_store, clothing_store, tech_shop : 47221
Saved path: pet_store, bakery, salon, gelateria, florist, bank, gym, burger_joint, bookstore, cafe, dentist, grocery_store, clothing_store, toy_store, barber_shop : 49258
Saved path: bank, craft_shop, dentist, cafe, bookstore, tech_shop, noodle_house, toy_store, gym, hardware_store, jewelry_store, bakery, pet_store, bike_shop, music_store : 50148
Saved path: pet_store, salon, jewelry_store, party_store, pharmacy, gelateria, florist, pizzeria, dentist, grocery_store, toy_store, tech_shop, burger_joint, gym, hardware_store : 48155
Saved path: burger_joint, hardware_store, salon, bike_shop, pet_store, bakery, barber_shop, pharmacy, gelateria, music_store, bank, dentist, cafe, grocery_store, toy_store : 51807
Saved path: toy_store, noodle_house, clothing_store, grocery_store, bookstore, cafe, dentist, craft_shop, florist, gelateria, pharmacy, bakery, barber_shop, jewelry_store, hardware_store : 38092
Saved path: hardware_store, jewelry_store, barber_shop, pet_store, bakery, music_store, florist, bank, pizzeria, craft_shop, dentist, burger_joint, tech_shop, toy_store, gym : 51203
Saved path: salon, bakery, hardware_store, gym, toy_store, grocery_store, dentist, burger_joint, bookstore, pizzeria, craft_shop, florist, gelateria, pharmacy, party_store : 35904
Saved path: noodle_house, toy_store, hardware_store, jewelry_store, barber_shop, bakery, bike_shop, pharmacy, gelateria, music_store, bank, craft_shop, pizzeria, cafe, burger_joint : 37583
Saved path: gym, hardware_store, pharmacy, music_store, salon, bike_shop, bakery, barber_shop, toy_store, noodle_house, tech_shop, clothing_store, dentist, bookstore, burger_joint : 45878
Saved path: bike_shop, hardware_store, toy_store, noodle_house, tech_shop, grocery_store, dentist, craft_shop, bank, florist, music_store, party_store, barber_shop, bakery, pet_store : 49900
Saved path: party_store, pharmacy, gelateria, music_store, florist, bank, burger_joint, cafe, clothing_store, toy_store, hardware_store, jewelry_store, barber_shop, bakery, bike_shop : 38416
Saved path: pet_store, bakery, pharmacy, florist, pizzeria, gym, hardware_store, burger_joint, bookstore, cafe, clothing_store, toy_store, barber_shop, jewelry_store, bike_shop : 46881
Saved path: pet_store, bakery, party_store, pharmacy, gelateria, bank, craft_shop, pizzeria, bookstore, cafe, burger_joint, tech_shop, noodle_house, toy_store, hardware_store : 36930
Saved path: craft_shop, pizzeria, bank, florist, gelateria, pharmacy, bakery, hardware_store, gym, toy_store, tech_shop, clothing_store, grocery_store, cafe, dentist : 33847
Saved path: dentist, burger_joint, bookstore, pizzeria, craft_shop, florist, gelateria, pharmacy, party_store, jewelry_store, pet_store, hardware_store, gym, toy_store, clothing_store : 48895
Saved path: clothing_store, tech_shop, cafe, dentist, craft_shop, pizzeria, bank, gelateria, music_store, salon, bike_shop, pet_store, bakery, barber_shop, toy_store : 49742
Saved path: bank, pizzeria, bookstore, dentist, clothing_store, noodle_house, toy_store, gym, hardware_store, jewelry_store, barber_shop, bakery, bike_shop, music_store, gelateria : 46327
Saved path: gelateria, florist, craft_shop, pizzeria, gym, burger_joint, cafe, tech_shop, noodle_house, toy_store, pet_store, bakery, jewelry_store, party_store, pharmacy : 41218
Saved path: gym, hardware_store, jewelry_store, bakery, bike_shop, salon, party_store, pharmacy, gelateria, florist, bank, bookstore, tech_shop, noodle_house, toy_store : 32966
Saved path: bookstore, cafe, dentist, clothing_store, toy_store, gym, gelateria, music_store, pharmacy, party_store, jewelry_store, salon, bike_shop, bakery, burger_joint : 42654
Saved path: music_store, pharmacy, party_store, barber_shop, bakery, pet_store, bike_shop, salon, hardware_store, toy_store, clothing_store, dentist, bookstore, bank, florist : 51328
Saved path: florist, music_store, pharmacy, party_store, bakery, pet_store, barber_shop, toy_store, clothing_store, grocery_store, noodle_house, gym, pizzeria, craft_shop, bank : 45697
Saved path: gym, craft_shop, florist, pharmacy, party_store, salon, bakery, jewelry_store, barber_shop, toy_store, noodle_house, tech_shop, clothing_store, grocery_store, cafe : 32437
Saved path: salon, barber_shop, party_store, gelateria, music_store, bank, craft_shop, bookstore, cafe, burger_joint, noodle_house, toy_store, hardware_store, pet_store, bakery : 45491
Saved path: grocery_store, clothing_store, noodle_house, toy_store, jewelry_store, pet_store, bakery, party_store, pharmacy, gelateria, florist, pizzeria, bookstore, cafe, dentist : 44574
Saved path: pizzeria, craft_shop, florist, music_store, party_store, bakery, pet_store, bike_shop, jewelry_store, hardware_store, toy_store, clothing_store, tech_shop, cafe, bookstore : 44306
Saved path: craft_shop, bank, florist, party_store, bike_shop, pet_store, bakery, gym, toy_store, noodle_house, tech_shop, clothing_store, grocery_store, cafe, dentist : 44214
Saved path: bakery, jewelry_store, barber_shop, toy_store, tech_shop, grocery_store, bookstore, burger_joint, hardware_store, gym, craft_shop, florist, music_store, pharmacy, party_store : 37120
Saved path: barber_shop, jewelry_store, bakery, bike_shop, party_store, pharmacy, gelateria, gym, pizzeria, craft_shop, dentist, bookstore, burger_joint, tech_shop, toy_store : 42176
Saved path: noodle_house, toy_store, clothing_store, grocery_store, bookstore, cafe, dentist, craft_shop, gelateria, pharmacy, party_store, jewelry_store, hardware_store, gym, burger_joint : 37045
Saved path: cafe, burger_joint, gym, hardware_store, barber_shop, bakery, bike_shop, party_store, pharmacy, gelateria, music_store, craft_shop, dentist, grocery_store, clothing_store : 43410
Saved path: jewelry_store, bakery, bike_shop, salon, party_store, pharmacy, music_store, florist, gym, burger_joint, cafe, grocery_store, clothing_store, noodle_house, toy_store : 35747
Saved path: dentist, bookstore, burger_joint, tech_shop, noodle_house, toy_store, gym, pet_store, bakery, salon, party_store, pharmacy, gelateria, music_store, craft_shop : 46669
Saved path: grocery_store, cafe, burger_joint, bookstore, craft_shop, bank, gelateria, music_store, party_store, bakery, jewelry_store, barber_shop, toy_store, noodle_house, tech_shop : 33928
Saved path: toy_store, noodle_house, clothing_store, dentist, cafe, bookstore, pizzeria, craft_shop, gym, bakery, pet_store, bike_shop, salon, party_store, hardware_store : 42303
Saved path: hardware_store, burger_joint, bookstore, tech_shop, toy_store, clothing_store, grocery_store, cafe, dentist, craft_shop, florist, gelateria, pharmacy, party_store, jewelry_store : 34333
Saved path: hardware_store, gym, toy_store, clothing_store, noodle_house, burger_joint, bookstore, pizzeria, craft_shop, bank, florist, music_store, bakery, barber_shop, jewelry_store : 37704
Saved path: salon, bakery, burger_joint, noodle_house, toy_store, clothing_store, grocery_store, cafe, dentist, bank, gelateria, music_store, pharmacy, party_store, jewelry_store : 36005
Saved path: bakery, pet_store, bike_shop, pharmacy, gelateria, music_store, florist, bank, pizzeria, bookstore, burger_joint, cafe, clothing_store, toy_store, hardware_store : 41959
Saved path: jewelry_store, hardware_store, gym, burger_joint, noodle_house, toy_store, clothing_store, cafe, dentist, florist, party_store, salon, bike_shop, pet_store, bakery : 48250
Saved path: hardware_store, toy_store, noodle_house, burger_joint, bookstore, pizzeria, bank, florist, pharmacy, party_store, bakery, pet_store, bike_shop, salon, jewelry_store : 39261
Saved path: grocery_store, toy_store, noodle_house, burger_joint, hardware_store, bike_shop, pet_store, bakery, gelateria, florist, bank, pizzeria, craft_shop, dentist, cafe : 44535
Saved path: pizzeria, bank, florist, gelateria, pharmacy, bakery, jewelry_store, hardware_store, gym, burger_joint, noodle_house, toy_store, clothing_store, grocery_store, dentist : 36686
Saved path: hardware_store, gym, pizzeria, florist, bank, dentist, cafe, clothing_store, toy_store, noodle_house, burger_joint, bakery, pet_store, bike_shop, jewelry_store : 45056
Saved path: bakery, bike_shop, hardware_store, burger_joint, tech_shop, noodle_house, toy_store, clothing_store, dentist, craft_shop, pizzeria, gelateria, pharmacy, party_store, barber_shop : 40812
Saved path: pet_store, bakery, salon, party_store, pharmacy, music_store, bank, craft_shop, gym, bookstore, cafe, grocery_store, tech_shop, toy_store, barber_shop : 46647
Saved path: craft_shop, bank, florist, gym, bakery, bike_shop, party_store, barber_shop, toy_store, noodle_house, tech_shop, burger_joint, bookstore, grocery_store, dentist : 41553
Saved path: cafe, grocery_store, clothing_store, toy_store, tech_shop, burger_joint, hardware_store, bike_shop, pet_store, bakery, pharmacy, gelateria, bank, craft_shop, pizzeria : 40513
Saved path: music_store, florist, bookstore, dentist, clothing_store, tech_shop, noodle_house, toy_store, gym, hardware_store, jewelry_store, pet_store, bike_shop, party_store, pharmacy : 52196
Saved path: bakery, toy_store, noodle_house, clothing_store, grocery_store, dentist, bookstore, pizzeria, bank, florist, gym, jewelry_store, salon, bike_shop, pet_store : 44264
Saved path: craft_shop, bank, music_store, pharmacy, party_store, bakery, pet_store, bike_shop, jewelry_store, barber_shop, toy_store, clothing_store, burger_joint, hardware_store, gym : 47462
Saved path: jewelry_store, music_store, bank, pizzeria, bookstore, cafe, dentist, grocery_store, clothing_store, noodle_house, toy_store, gym, bakery, pet_store, salon : 49634
Saved path: music_store, gelateria, pizzeria, craft_shop, dentist, cafe, grocery_store, toy_store, noodle_house, tech_shop, burger_joint, jewelry_store, bike_shop, party_store, pharmacy : 40142
Saved path: music_store, gelateria, pharmacy, salon, pet_store, hardware_store, gym, burger_joint, noodle_house, toy_store, grocery_store, dentist, craft_shop, pizzeria, florist : 47872
Saved path: cafe, clothing_store, tech_shop, noodle_house, toy_store, jewelry_store, pet_store, bakery, salon, party_store, gelateria, music_store, florist, bank, gym : 44710
Saved path: pet_store, bike_shop, party_store, pharmacy, music_store, florist, gym, bookstore, dentist, grocery_store, tech_shop, noodle_house, toy_store, barber_shop, bakery : 53242
Saved path: grocery_store, toy_store, noodle_house, tech_shop, burger_joint, bakery, bike_shop, jewelry_store, party_store, music_store, bank, pizzeria, craft_shop, dentist, cafe : 39407
Saved path: bike_shop, pet_store, bakery, gym, toy_store, grocery_store, dentist, cafe, bookstore, pizzeria, craft_shop, bank, florist, music_store, salon : 47914
Saved path: pharmacy, salon, pet_store, bakery, barber_shop, toy_store, noodle_house, clothing_store, bookstore, burger_joint, gym, bank, florist, music_store, gelateria : 47062
Saved path: barber_shop, jewelry_store, bakery, pet_store, bike_shop, pharmacy, gelateria, florist, craft_shop, pizzeria, gym, hardware_store, noodle_house, grocery_store, toy_store : 47349
Saved path: toy_store, tech_shop, clothing_store, grocery_store, dentist, bank, florist, gelateria, party_store, bakery, pet_store, bike_shop, salon, hardware_store, gym : 45060
Saved path: bike_shop, party_store, music_store, bank, pizzeria, craft_shop, dentist, cafe, bookstore, burger_joint, toy_store, hardware_store, barber_shop, bakery, pet_store : 51622
Saved path: clothing_store, toy_store, hardware_store, jewelry_store, barber_shop, bakery, bike_shop, salon, pharmacy, gelateria, bank, craft_shop, bookstore, cafe, grocery_store : 35137
Saved path: dentist, craft_shop, bank, florist, party_store, salon, bakery, pet_store, hardware_store, gym, burger_joint, bookstore, tech_shop, toy_store, clothing_store : 45652
Saved path: toy_store, noodle_house, grocery_store, cafe, dentist, bank, music_store, gelateria, party_store, bike_shop, pet_store, bakery, jewelry_store, hardware_store, gym : 50844
Saved path: dentist, burger_joint, gym, hardware_store, party_store, gelateria, bakery, pet_store, bike_shop, salon, jewelry_store, barber_shop, toy_store, tech_shop, clothing_store : 51580
Saved path: bookstore, music_store, gelateria, party_store, bakery, pet_store, bike_shop, salon, jewelry_store, hardware_store, gym, toy_store, grocery_store, tech_shop, burger_joint : 47790
Saved path: party_store, pharmacy, gelateria, craft_shop, pizzeria, cafe, grocery_store, clothing_store, toy_store, tech_shop, burger_joint, jewelry_store, bakery, pet_store, bike_shop : 42423
Saved path: burger_joint, cafe, dentist, craft_shop, music_store, gelateria, pet_store, bike_shop, jewelry_store, hardware_store, gym, toy_store, clothing_store, grocery_store, bookstore : 53347
Saved path: toy_store, pharmacy, party_store, bakery, bike_shop, jewelry_store, hardware_store, gym, pizzeria, bookstore, cafe, dentist, clothing_store, tech_shop, noodle_house : 40055
Saved path: tech_shop, noodle_house, toy_store, barber_shop, jewelry_store, bakery, salon, party_store, florist, bank, pizzeria, bookstore, cafe, dentist, clothing_store : 35247
Saved path: party_store, gelateria, florist, bank, pizzeria, gym, burger_joint, cafe, noodle_house, toy_store, barber_shop, jewelry_store, bakery, pet_store, bike_shop : 43928
Saved path: pet_store, bike_shop, party_store, gelateria, florist, craft_shop, pizzeria, bookstore, cafe, clothing_store, noodle_house, toy_store, gym, hardware_store, bakery : 42224
Saved path: jewelry_store, barber_shop, toy_store, clothing_store, grocery_store, tech_shop, burger_joint, hardware_store, gym, pizzeria, craft_shop, music_store, salon, bike_shop, bakery : 39712
Saved path: clothing_store, grocery_store, cafe, dentist, bank, florist, gelateria, pharmacy, party_store, bakery, bike_shop, salon, hardware_store, burger_joint, toy_store : 34110
Saved path: toy_store, hardware_store, jewelry_store, bakery, pet_store, party_store, pharmacy, gelateria, music_store, florist, bank, dentist, cafe, bookstore, burger_joint : 46526
Saved path: bookstore, burger_joint, tech_shop, noodle_house, toy_store, gym, hardware_store, bakery, salon, party_store, pharmacy, music_store, florist, bank, craft_shop : 30553
Saved path: pharmacy, party_store, bakery, hardware_store, gym, burger_joint, bookstore, tech_shop, noodle_house, toy_store, clothing_store, grocery_store, dentist, craft_shop, bank : 34556
Saved path: dentist, grocery_store, clothing_store, toy_store, barber_shop, bakery, pet_store, bike_shop, pharmacy, florist, bank, craft_shop, gym, pizzeria, bookstore : 50608
Saved path: burger_joint, bookstore, cafe, dentist, craft_shop, pizzeria, music_store, party_store, bakery, pet_store, bike_shop, hardware_store, gym, toy_store, noodle_house : 48706
Saved path: gym, bank, florist, music_store, salon, bakery, barber_shop, toy_store, noodle_house, tech_shop, clothing_store, grocery_store, dentist, cafe, burger_joint : 40104
Saved path: clothing_store, toy_store, tech_shop, burger_joint, pet_store, bakery, salon, jewelry_store, party_store, pharmacy, music_store, gelateria, pizzeria, bookstore, dentist : 48677
Saved path: bakery, pharmacy, music_store, florist, pizzeria, craft_shop, dentist, grocery_store, burger_joint, toy_store, barber_shop, jewelry_store, salon, bike_shop, pet_store : 49602
Saved path: noodle_house, tech_shop, clothing_store, toy_store, barber_shop, jewelry_store, salon, pet_store, bakery, pharmacy, music_store, craft_shop, pizzeria, gym, burger_joint : 46131
Saved path: hardware_store, gym, burger_joint, tech_shop, toy_store, clothing_store, dentist, bookstore, pizzeria, craft_shop, florist, music_store, pharmacy, bakery, bike_shop : 41297
Saved path: music_store, gelateria, pharmacy, bakery, pet_store, bike_shop, jewelry_store, barber_shop, clothing_store, grocery_store, bookstore, gym, craft_shop, bank, florist : 47448
Saved path: party_store, music_store, bookstore, cafe, dentist, grocery_store, clothing_store, toy_store, tech_shop, burger_joint, gym, jewelry_store, bakery, pet_store, bike_shop : 51952
Saved path: bakery, party_store, pharmacy, gelateria, music_store, bank, craft_shop, dentist, grocery_store, cafe, bookstore, burger_joint, toy_store, barber_shop, pet_store : 49013
Saved path: bakery, barber_shop, toy_store, noodle_house, clothing_store, dentist, cafe, bookstore, gym, craft_shop, bank, music_store, party_store, salon, pet_store : 52449
Saved path: bike_shop, bakery, barber_shop, jewelry_store, hardware_store, burger_joint, toy_store, grocery_store, dentist, craft_shop, pizzeria, gelateria, music_store, pharmacy, salon : 42880
Saved path: pizzeria, craft_shop, dentist, cafe, burger_joint, noodle_house, toy_store, barber_shop, jewelry_store, bakery, party_store, gelateria, music_store, bank, gym : 39753
Saved path: dentist, cafe, grocery_store, noodle_house, toy_store, gym, hardware_store, jewelry_store, pet_store, bakery, salon, pharmacy, florist, bank, craft_shop : 46056
Saved path: noodle_house, tech_shop, burger_joint, cafe, bookstore, pizzeria, craft_shop, gelateria, party_store, bakery, pet_store, bike_shop, jewelry_store, gym, toy_store : 43402
Saved path: pet_store, bike_shop, salon, party_store, pharmacy, music_store, florist, bank, bookstore, cafe, noodle_house, toy_store, gym, hardware_store, bakery : 42070
Saved path: toy_store, clothing_store, grocery_store, tech_shop, craft_shop, bank, gelateria, music_store, party_store, salon, bike_shop, bakery, barber_shop, jewelry_store, hardware_store : 38647
Saved path: clothing_store, toy_store, hardware_store, pet_store, bakery, party_store, music_store, bank, craft_shop, pizzeria, gym, burger_joint, noodle_house, tech_shop, grocery_store : 42907
Saved path: hardware_store, pet_store, bakery, barber_shop, jewelry_store, pharmacy, florist, bank, cafe, grocery_store, clothing_store, toy_store, noodle_house, tech_shop, burger_joint : 43241
Saved path: toy_store, clothing_store, grocery_store, cafe, dentist, bank, florist, gelateria, bakery, bike_shop, jewelry_store, gym, burger_joint, tech_shop, noodle_house : 39231
Saved path: gym, hardware_store, pet_store, bakery, jewelry_store, party_store, gelateria, bank, pizzeria, bookstore, cafe, dentist, grocery_store, clothing_store, toy_store : 47153
Saved path: burger_joint, gym, bakery, salon, party_store, pharmacy, gelateria, florist, craft_shop, dentist, grocery_store, toy_store, noodle_house, tech_shop, bookstore : 34995
Saved path: burger_joint, cafe, clothing_store, toy_store, hardware_store, bakery, pet_store, bike_shop, salon, pharmacy, gelateria, music_store, craft_shop, pizzeria, gym : 44460
Saved path: salon, bike_shop, bakery, jewelry_store, hardware_store, toy_store, noodle_house, clothing_store, grocery_store, cafe, pizzeria, craft_shop, music_store, gelateria, pharmacy : 35685
Saved path: bookstore, cafe, dentist, grocery_store, clothing_store, toy_store, noodle_house, tech_shop, burger_joint, gym, hardware_store, bakery, gelateria, music_store, florist : 38307
Saved path: toy_store, gym, craft_shop, bank, music_store, gelateria, pharmacy, party_store, bakery, bike_shop, jewelry_store, hardware_store, noodle_house, grocery_store, clothing_store : 37661
Saved path: party_store, pharmacy, music_store, florist, bank, dentist, cafe, grocery_store, clothing_store, noodle_house, burger_joint, hardware_store, jewelry_store, bike_shop, bakery : 37812
Saved path: bakery, pet_store, bike_shop, party_store, pharmacy, florist, gym, pizzeria, bookstore, dentist, clothing_store, tech_shop, noodle_house, toy_store, barber_shop : 51285
Saved path: music_store, gelateria, pharmacy, salon, jewelry_store, hardware_store, burger_joint, bookstore, cafe, dentist, grocery_store, clothing_store, toy_store, gym, florist : 40012
Saved path: jewelry_store, barber_shop, bakery, music_store, florist, bank, pizzeria, bookstore, burger_joint, cafe, dentist, grocery_store, clothing_store, toy_store, hardware_store : 39825
Saved path: bookstore, burger_joint, hardware_store, gym, pizzeria, craft_shop, music_store, pharmacy, party_store, salon, pet_store, bakery, barber_shop, toy_store, grocery_store : 48686
Saved path: bookstore, cafe, dentist, grocery_store, clothing_store, toy_store, noodle_house, tech_shop, burger_joint, hardware_store, salon, bike_shop, bakery, gelateria, music_store : 39061
Saved path: gym, pizzeria, craft_shop, florist, pharmacy, party_store, bakery, barber_shop, toy_store, noodle_house, tech_shop, clothing_store, grocery_store, cafe, burger_joint : 32850
Saved path: barber_shop, jewelry_store, salon, bike_shop, pet_store, bakery, pharmacy, gelateria, music_store, gym, pizzeria, bookstore, grocery_store, tech_shop, toy_store : 48554
Saved path: craft_shop, bank, florist, pharmacy, party_store, jewelry_store, salon, bakery, pet_store, toy_store, noodle_house, tech_shop, clothing_store, grocery_store, bookstore : 39674
Saved path: gym, pizzeria, bank, florist, gelateria, pharmacy, party_store, bike_shop, pet_store, bakery, hardware_store, burger_joint, cafe, grocery_store, toy_store : 41266
Saved path: toy_store, clothing_store, grocery_store, burger_joint, gym, craft_shop, bank, florist, gelateria, party_store, pet_store, bakery, salon, jewelry_store, barber_shop : 42752
Saved path: pet_store, bike_shop, salon, jewelry_store, gym, toy_store, noodle_house, clothing_store, bookstore, cafe, dentist, craft_shop, music_store, gelateria, bakery : 52028
Saved path: bakery, bike_shop, gym, toy_store, grocery_store, tech_shop, burger_joint, bookstore, pizzeria, craft_shop, bank, florist, music_store, pharmacy, party_store : 34689
Saved path: barber_shop, hardware_store, toy_store, noodle_house, tech_shop, grocery_store, dentist, pizzeria, music_store, gelateria, pharmacy, party_store, bike_shop, pet_store, bakery : 51578
Saved path: bakery, pet_store, party_store, pharmacy, florist, gym, burger_joint, bookstore, cafe, dentist, grocery_store, tech_shop, noodle_house, toy_store, barber_shop : 48830
Saved path: pet_store, bakery, jewelry_store, hardware_store, gym, burger_joint, toy_store, grocery_store, cafe, dentist, craft_shop, pizzeria, florist, music_store, gelateria : 50445
Saved path: pizzeria, craft_shop, music_store, party_store, salon, bike_shop, bakery, jewelry_store, hardware_store, gym, toy_store, noodle_house, clothing_store, grocery_store, bookstore : 37570
Saved path: clothing_store, toy_store, gym, bakery, pet_store, bike_shop, salon, jewelry_store, party_store, pharmacy, gelateria, music_store, pizzeria, bookstore, tech_shop : 45628
Saved path: dentist, burger_joint, tech_shop, noodle_house, toy_store, gym, jewelry_store, bike_shop, pet_store, pharmacy, gelateria, music_store, florist, pizzeria, craft_shop : 50236
Saved path: toy_store, noodle_house, tech_shop, dentist, craft_shop, florist, bank, pizzeria, bookstore, bakery, pet_store, bike_shop, salon, jewelry_store, hardware_store : 43404
Saved path: music_store, gelateria, pharmacy, bakery, jewelry_store, burger_joint, tech_shop, noodle_house, toy_store, clothing_store, dentist, cafe, bookstore, pizzeria, craft_shop : 38131
Saved path: party_store, pharmacy, gelateria, music_store, florist, bank, gym, dentist, bookstore, noodle_house, toy_store, barber_shop, pet_store, bakery, salon : 51245
Saved path: grocery_store, clothing_store, tech_shop, toy_store, barber_shop, jewelry_store, bike_shop, bakery, party_store, florist, bank, gym, hardware_store, burger_joint, cafe : 36183
Saved path: hardware_store, bakery, bike_shop, party_store, pharmacy, gelateria, music_store, florist, bookstore, cafe, grocery_store, clothing_store, toy_store, noodle_house, burger_joint : 33136
Saved path: gelateria, florist, craft_shop, pizzeria, bookstore, cafe, dentist, grocery_store, clothing_store, toy_store, noodle_house, burger_joint, gym, hardware_store, pet_store : 46613
Saved path: florist, bank, pizzeria, bookstore, grocery_store, toy_store, hardware_store, jewelry_store, barber_shop, bakery, pet_store, bike_shop, salon, pharmacy, gelateria : 43883
Saved path: cafe, grocery_store, clothing_store, toy_store, noodle_house, tech_shop, burger_joint, gym, hardware_store, pet_store, pharmacy, florist, craft_shop, pizzeria, bookstore : 40676
Saved path: toy_store, clothing_store, dentist, bookstore, pizzeria, craft_shop, bank, pharmacy, party_store, jewelry_store, bike_shop, bakery, gym, burger_joint, noodle_house : 40394
Saved path: hardware_store, gym, toy_store, clothing_store, tech_shop, burger_joint, cafe, bookstore, craft_shop, bank, pharmacy, bakery, bike_shop, salon, jewelry_store : 35761
Saved path: pizzeria, bank, florist, music_store, gelateria, pet_store, bakery, salon, jewelry_store, hardware_store, gym, toy_store, clothing_store, dentist, bookstore : 50328
Saved path: toy_store, noodle_house, gym, pizzeria, craft_shop, florist, music_store, pharmacy, party_store, salon, bike_shop, pet_store, bakery, jewelry_store, hardware_store : 43947
Saved path: pet_store, bakery, salon, jewelry_store, party_store, pharmacy, gelateria, florist, craft_shop, dentist, cafe, grocery_store, noodle_house, toy_store, gym : 45964
Saved path: dentist, cafe, burger_joint, gym, toy_store, barber_shop, jewelry_store, salon, bike_shop, pet_store, bakery, party_store, pharmacy, gelateria, craft_shop : 48672
Saved path: burger_joint, hardware_store, pet_store, bakery, barber_shop, pharmacy, music_store, gelateria, bank, dentist, grocery_store, clothing_store, toy_store, tech_shop, bookstore : 51635
Saved path: barber_shop, toy_store, tech_shop, grocery_store, cafe, burger_joint, gym, pizzeria, bank, florist, music_store, pharmacy, salon, bakery, pet_store : 45668
Saved path: barber_shop, jewelry_store, hardware_store, burger_joint, tech_shop, noodle_house, toy_store, clothing_store, cafe, craft_shop, florist, music_store, party_store, salon, bakery : 36201
Saved path: bakery, pet_store, hardware_store, burger_joint, tech_shop, toy_store, grocery_store, dentist, bookstore, pizzeria, craft_shop, bank, florist, gelateria, pharmacy : 44144
Saved path: tech_shop, noodle_house, toy_store, barber_shop, bakery, bike_shop, salon, party_store, gelateria, music_store, pizzeria, bookstore, burger_joint, dentist, grocery_store : 42322
Saved path: bakery, bike_shop, salon, pharmacy, gelateria, music_store, craft_shop, gym, hardware_store, burger_joint, cafe, dentist, clothing_store, toy_store, barber_shop : 44658
Saved path: hardware_store, gym, pizzeria, bank, music_store, pharmacy, party_store, bike_shop, pet_store, bakery, barber_shop, toy_store, clothing_store, tech_shop, burger_joint : 47903
Saved path: bookstore, cafe, grocery_store, clothing_store, tech_shop, noodle_house, toy_store, bakery, pet_store, bike_shop, salon, party_store, gym, bank, pizzeria : 37867
Saved path: gym, hardware_store, burger_joint, cafe, tech_shop, noodle_house, toy_store, barber_shop, jewelry_store, bakery, bike_shop, salon, party_store, pharmacy, craft_shop : 35122
Saved path: hardware_store, toy_store, clothing_store, tech_shop, burger_joint, cafe, pizzeria, craft_shop, music_store, salon, bike_shop, pet_store, bakery, barber_shop, jewelry_store : 48065
Saved path: pharmacy, gelateria, florist, bank, gym, hardware_store, burger_joint, bookstore, dentist, grocery_store, noodle_house, barber_shop, jewelry_store, bike_shop, bakery : 43144
Saved path: party_store, pharmacy, bank, gym, hardware_store, burger_joint, cafe, grocery_store, tech_shop, noodle_house, toy_store, barber_shop, jewelry_store, pet_store, bakery : 43390
Saved path: craft_shop, pizzeria, bookstore, burger_joint, tech_shop, noodle_house, toy_store, barber_shop, jewelry_store, pet_store, bakery, gelateria, music_store, florist, bank : 42150
Saved path: cafe, bookstore, pizzeria, craft_shop, florist, music_store, gelateria, party_store, salon, bakery, pet_store, hardware_store, gym, toy_store, clothing_store : 42569
Saved path: bakery, pet_store, jewelry_store, barber_shop, toy_store, noodle_house, bookstore, cafe, dentist, craft_shop, pizzeria, bank, florist, music_store, party_store : 47003
Saved path: bike_shop, bakery, jewelry_store, barber_shop, toy_store, tech_shop, hardware_store, gym, pizzeria, bank, florist, gelateria, pharmacy, party_store, salon : 34487
Saved path: pet_store, bike_shop, pharmacy, music_store, florist, bank, craft_shop, dentist, cafe, burger_joint, gym, hardware_store, jewelry_store, barber_shop, bakery : 49033
Saved path: noodle_house, tech_shop, bookstore, craft_shop, gelateria, pharmacy, party_store, bike_shop, pet_store, bakery, barber_shop, jewelry_store, hardware_store, gym, toy_store : 45818
Saved path: bike_shop, salon, jewelry_store, hardware_store, toy_store, clothing_store, cafe, burger_joint, bookstore, craft_shop, florist, pharmacy, party_store, bakery, pet_store : 41869
Saved path: hardware_store, jewelry_store, barber_shop, bakery, bike_shop, salon, pharmacy, florist, pizzeria, bookstore, cafe, grocery_store, clothing_store, noodle_house, toy_store : 34736
Saved path: burger_joint, tech_shop, noodle_house, toy_store, grocery_store, pizzeria, music_store, pharmacy, party_store, salon, bike_shop, bakery, barber_shop, jewelry_store, hardware_store : 38510
Saved path: toy_store, grocery_store, bookstore, pizzeria, bank, florist, music_store, gelateria, party_store, bakery, pet_store, bike_shop, salon, jewelry_store, hardware_store : 43525
Saved path: pizzeria, bank, florist, gelateria, party_store, salon, bike_shop, bakery, barber_shop, hardware_store, toy_store, noodle_house, grocery_store, dentist, bookstore : 41001
Saved path: gelateria, pharmacy, jewelry_store, salon, bike_shop, pet_store, hardware_store, toy_store, clothing_store, tech_shop, burger_joint, cafe, dentist, pizzeria, florist : 47367
Saved path: noodle_house, toy_store, barber_shop, pet_store, bakery, salon, gelateria, florist, bank, gym, hardware_store, burger_joint, bookstore, cafe, grocery_store : 46182
Saved path: pizzeria, gym, burger_joint, cafe, dentist, grocery_store, clothing_store, noodle_house, toy_store, barber_shop, jewelry_store, bakery, party_store, gelateria, craft_shop : 38835
Saved path: jewelry_store, gym, toy_store, noodle_house, tech_shop, grocery_store, dentist, craft_shop, bank, florist, music_store, pharmacy, salon, bakery, pet_store : 47300
