Saved path: music_store, pharmacy, party_store, salon, bike_shop, bakery, barber_shop, hardware_store, gym, toy_store, noodle_house, clothing_store, grocery_store, dentist, bank : 43286
Saved path: jewelry_store, hardware_store, gym, toy_store, noodle_house, clothing_store, dentist, craft_shop, bank, gelateria, music_store, pharmacy, bike_shop, bakery, barber_shop : 44039
Saved path: toy_store, noodle_house, grocery_store, cafe, dentist, florist, music_store, gelateria, pharmacy, party_store, salon, bakery, pet_store, hardware_store, gym : 46697
Saved path: bakery, salon, party_store, gelateria, florist, craft_shop, pizzeria, gym, burger_joint, grocery_store, tech_shop, noodle_house, toy_store, barber_shop, pet_store : 44534
Saved path: bookstore, cafe, dentist, craft_shop, gym, pizzeria, bank, gelateria, pharmacy, bakery, pet_store, barber_shop, toy_store, noodle_house, burger_joint : 49381
Saved path: bakery, salon, hardware_store, toy_store, noodle_house, tech_shop, burger_joint, cafe, bookstore, pizzeria, craft_shop, music_store, gelateria, pharmacy, party_store : 29339
Saved path: pharmacy, gelateria, music_store, florist, bank, pizzeria, dentist, clothing_store, toy_store, burger_joint, hardware_store, jewelry_store, bakery, pet_store, bike_shop : 49178
Saved path: grocery_store, toy_store, tech_shop, burger_joint, gym, bakery, bike_shop, salon, party_store, gelateria, music_store, craft_shop, pizzeria, bookstore, dentist : 41203
Saved path: party_store, pharmacy, florist, bank, pizzeria, craft_shop, dentist, clothing_store, toy_store, tech_shop, burger_joint, hardware_store, jewelry_store, bakery, salon : 33995
Saved path: gelateria, pharmacy, party_store, bakery, bike_shop, gym, toy_store, noodle_house, tech_shop, bookstore, cafe, grocery_store, dentist, craft_shop, music_store : 39995
Saved path: tech_shop, noodle_house, toy_store, clothing_store, grocery_store, dentist, cafe, bookstore, gelateria, pharmacy, pet_store, bike_shop, jewelry_store, gym, burger_joint : 50265
Saved path: hardware_store, gym, toy_store, tech_shop, burger_joint, dentist, cafe, bookstore, pizzeria, bank, gelateria, barber_shop, bakery, pet_store, bike_shop : 52601
Saved path: tech_shop, noodle_house, toy_store, barber_shop, jewelry_store, bakery, party_store, pharmacy, florist, bank, pizzeria, bookstore, burger_joint, cafe, grocery_store : 29979
Saved path: bank, florist, gelateria, pharmacy, bike_shop, pet_store, bakery, barber_shop, hardware_store, toy_store, noodle_house, tech_shop, burger_joint, pizzeria, craft_shop : 43940
Saved path: party_store, bike_shop, bakery, jewelry_store, barber_shop, toy_store, noodle_house, tech_shop, dentist, gym, pizzeria, bank, florist, music_store, pharmacy : 42004
Saved path: bakery, salon, pharmacy, gelateria, florist, bank, craft_shop, gym, hardware_store, noodle_house, tech_shop, clothing_store, toy_store, barber_shop, pet_store : 44478
Saved path: florist, bank, dentist, grocery_store, clothing_store, toy_store, burger_joint, gym, hardware_store, jewelry_store, bakery, bike_shop, salon, party_store, pharmacy : 38197
Saved path: florist, bank, gym, pizzeria, craft_shop, dentist, grocery_store, tech_shop, toy_store, barber_shop, jewelry_store, salon, bike_shop, bakery, music_store : 42693
Saved path: grocery_store, clothing_store, toy_store, noodle_house, burger_joint, gym, hardware_store, bakery, barber_shop, pharmacy, gelateria, music_store, florist, pizzeria, bookstore : 38138
Saved path: bookstore, burger_joint, pet_store, bakery, salon, pharmacy, gelateria, florist, bank, craft_shop, dentist, grocery_store, clothing_store, toy_store, noodle_house : 43125
Saved path: cafe, dentist, grocery_store, clothing_store, toy_store, gym, jewelry_store, salon, bakery, gelateria, music_store, florist, pizzeria, bookstore, burger_joint : 39902
Saved path: jewelry_store, salon, bike_shop, bakery, gelateria, bank, craft_shop, gym, hardware_store, burger_joint, cafe, grocery_store, clothing_store, toy_store, barber_shop : 36461
Saved path: hardware_store, toy_store, clothing_store, tech_shop, bookstore, cafe, dentist, craft_shop, music_store, gelateria, pharmacy, bike_shop, bakery, barber_shop, jewelry_store : 43532
Saved path: noodle_house, tech_shop, clothing_store, grocery_store, dentist, bookstore, florist, music_store, pharmacy, pet_store, bakery, salon, jewelry_store, barber_shop, toy_store : 48658
Saved path: florist, music_store, pharmacy, party_store, salon, bakery, gym, burger_joint, toy_store, clothing_store, cafe, dentist, craft_shop, pizzeria, bank : 35855
Saved path: music_store, pizzeria, dentist, burger_joint, noodle_house, toy_store, gym, hardware_store, pet_store, bike_shop, salon, jewelry_store, party_store, pharmacy, gelateria : 50711
Saved path: toy_store, noodle_house, clothing_store, cafe, dentist, pizzeria, gym, music_store, gelateria, pharmacy, party_store, salon, bakery, pet_store, barber_shop : 52155
Saved path: bakery, barber_shop, gelateria, florist, bank, craft_shop, pizzeria, bookstore, burger_joint, noodle_house, toy_store, hardware_store, salon, bike_shop, pet_store : 43568
Saved path: jewelry_store, bakery, bike_shop, party_store, gelateria, bank, pizzeria, bookstore, dentist, grocery_store, clothing_store, toy_store, tech_shop, burger_joint, hardware_store : 38973
Saved path: clothing_store, grocery_store, cafe, dentist, bank, music_store, gelateria, pharmacy, bakery, pet_store, bike_shop, jewelry_store, hardware_store, toy_store, noodle_house : 48251
Saved path: noodle_house, toy_store, gym, hardware_store, jewelry_store, bike_shop, pet_store, bakery, gelateria, music_store, florist, bank, bookstore, dentist, clothing_store : 52624
Saved path: salon, jewelry_store, gelateria, music_store, florist, pizzeria, craft_shop, dentist, cafe, burger_joint, tech_shop, noodle_house, toy_store, hardware_store, pet_store : 47052
Saved path: bookstore, dentist, grocery_store, tech_shop, noodle_house, toy_store, hardware_store, jewelry_store, barber_shop, bakery, salon, party_store, pharmacy, gelateria, bank : 38140
Saved path: jewelry_store, salon, bakery, pharmacy, gelateria, music_store, florist, pizzeria, bookstore, cafe, grocery_store, clothing_store, toy_store, gym, hardware_store : 34006
Saved path: gym, pizzeria, bank, florist, gelateria, pharmacy, pet_store, bakery, barber_shop, toy_store, noodle_house, tech_shop, grocery_store, dentist, burger_joint : 49004
Saved path: bank, florist, music_store, bakery, jewelry_store, hardware_store, gym, toy_store, clothing_store, grocery_store, cafe, burger_joint, bookstore, pizzeria, craft_shop : 34461
Saved path: grocery_store, tech_shop, toy_store, gym, hardware_store, barber_shop, bakery, salon, party_store, pharmacy, gelateria, florist, bank, craft_shop, bookstore : 35574
Saved path: music_store, florist, bank, gym, burger_joint, bookstore, grocery_store, clothing_store, tech_shop, noodle_house, toy_store, barber_shop, jewelry_store, bakery, salon : 36054
Saved path: noodle_house, toy_store, gym, hardware_store, jewelry_store, bike_shop, bakery, gelateria, florist, bank, pizzeria, craft_shop, dentist, cafe, grocery_store : 39827
Saved path: toy_store, gym, hardware_store, salon, bakery, party_store, pharmacy, gelateria, florist, pizzeria, bookstore, dentist, grocery_store, clothing_store, tech_shop : 35191
Saved path: party_store, pharmacy, gelateria, florist, bank, craft_shop, dentist, grocery_store, clothing_store, bookstore, gym, hardware_store, bakery, pet_store, bike_shop : 45470
Saved path: bakery, salon, jewelry_store, barber_shop, toy_store, noodle_house, burger_joint, cafe, clothing_store, grocery_store, dentist, craft_shop, pizzeria, gym, hardware_store : 30476
Saved path: gelateria, music_store, craft_shop, dentist, cafe, bookstore, burger_joint, noodle_house, toy_store, gym, hardware_store, barber_shop, bakery, bike_shop, party_store : 44993
Saved path: jewelry_store, barber_shop, bakery, salon, pharmacy, gelateria, bank, dentist, cafe, grocery_store, clothing_store, tech_shop, noodle_house, toy_store, hardware_store : 36774
Saved path: toy_store, noodle_house, tech_shop, grocery_store, cafe, pizzeria, craft_shop, florist, music_store, pharmacy, salon, bike_shop, bakery, jewelry_store, gym : 36677
Saved path: toy_store, clothing_store, grocery_store, dentist, bookstore, pizzeria, craft_shop, music_store, bike_shop, jewelry_store, hardware_store, gym, burger_joint, tech_shop, noodle_house : 44237
Saved path: salon, bike_shop, pet_store, bakery, jewelry_store, hardware_store, gym, burger_joint, noodle_house, toy_store, clothing_store, dentist, craft_shop, gelateria, pharmacy : 48452
Saved path: dentist, clothing_store, toy_store, noodle_house, tech_shop, burger_joint, hardware_store, jewelry_store, bakery, bike_shop, salon, pharmacy, florist, pizzeria, bookstore : 38420
Saved path: florist, music_store, gelateria, party_store, salon, bakery, barber_shop, toy_store, clothing_store, burger_joint, cafe, dentist, craft_shop, pizzeria, bank : 38273
Saved path: craft_shop, pizzeria, clothing_store, tech_shop, noodle_house, toy_store, hardware_store, salon, bike_shop, pet_store, bakery, party_store, music_store, florist, bank : 41610
Saved path: bakery, jewelry_store, barber_shop, toy_store, tech_shop, clothing_store, grocery_store, dentist, cafe, bookstore, gym, hardware_store, pharmacy, gelateria, music_store : 42882
Saved path: bank, pharmacy, party_store, bike_shop, bakery, gym, toy_store, noodle_house, tech_shop, clothing_store, grocery_store, dentist, cafe, bookstore, pizzeria : 36651
Saved path: tech_shop, burger_joint, hardware_store, jewelry_store, barber_shop, bakery, pet_store, bike_shop, pharmacy, music_store, florist, craft_shop, grocery_store, toy_store, noodle_house : 48360
Saved path: clothing_store, grocery_store, bookstore, pizzeria, craft_shop, bank, florist, gelateria, pharmacy, party_store, bakery, pet_store, gym, toy_store, noodle_house : 39454
Saved path: salon, bakery, barber_shop, toy_store, noodle_house, tech_shop, grocery_store, dentist, bookstore, burger_joint, hardware_store, gym, pizzeria, florist, music_store : 43780
Saved path: hardware_store, gym, burger_joint, noodle_house, toy_store, clothing_store, grocery_store, cafe, bookstore, craft_shop, florist, gelateria, party_store, bike_shop, jewelry_store : 36421
Saved path: dentist, grocery_store, bookstore, tech_shop, noodle_house, toy_store, gym, hardware_store, salon, bike_shop, bakery, pharmacy, gelateria, bank, craft_shop : 38198
Saved path: pizzeria, craft_shop, music_store, pharmacy, party_store, salon, jewelry_store, hardware_store, gym, toy_store, noodle_house, clothing_store, grocery_store, dentist, bookstore : 39638
Saved path: grocery_store, cafe, bookstore, pizzeria, craft_shop, florist, music_store, pharmacy, party_store, barber_shop, bakery, bike_shop, hardware_store, toy_store, noodle_house : 37888
Saved path: florist, craft_shop, bookstore, cafe, clothing_store, toy_store, noodle_house, burger_joint, gym, hardware_store, pet_store, bakery, salon, pharmacy, music_store : 43479
Saved path: jewelry_store, hardware_store, gym, toy_store, clothing_store, tech_shop, bookstore, cafe, dentist, craft_shop, music_store, gelateria, pharmacy, pet_store, bakery : 50545
Saved path: florist, bank, craft_shop, dentist, cafe, clothing_store, noodle_house, toy_store, gym, hardware_store, barber_shop, bakery, bike_shop, party_store, pharmacy : 41195
Saved path: gym, florist, music_store, gelateria, pharmacy, pet_store, bakery, salon, jewelry_store, barber_shop, toy_store, noodle_house, grocery_store, cafe, dentist : 51186
Saved path: bookstore, grocery_store, clothing_store, tech_shop, noodle_house, toy_store, hardware_store, barber_shop, bakery, bike_shop, pharmacy, florist, bank, craft_shop, pizzeria : 35614
Saved path: grocery_store, clothing_store, toy_store, gym, hardware_store, jewelry_store, bike_shop, party_store, pharmacy, gelateria, craft_shop, pizzeria, bookstore, cafe, dentist : 40313
Saved path: barber_shop, party_store, gelateria, craft_shop, pizzeria, bookstore, cafe, dentist, grocery_store, clothing_store, noodle_house, toy_store, hardware_store, pet_store, bakery : 48973
Saved path: cafe, bank, pharmacy, party_store, bike_shop, pet_store, bakery, barber_shop, jewelry_store, hardware_store, burger_joint, tech_shop, toy_store, clothing_store, grocery_store : 44962
Saved path: cafe, grocery_store, tech_shop, noodle_house, toy_store, barber_shop, jewelry_store, pet_store, bakery, party_store, pharmacy, music_store, florist, pizzeria, gym : 45316
Saved path: barber_shop, jewelry_store, party_store, salon, bakery, pet_store, hardware_store, burger_joint, bookstore, craft_shop, dentist, cafe, clothing_store, noodle_house, toy_store : 44394
Saved path: music_store, gelateria, pharmacy, pet_store, bakery, jewelry_store, hardware_store, gym, toy_store, clothing_store, grocery_store, cafe, dentist, pizzeria, bank : 48985
Saved path: salon, bike_shop, party_store, pharmacy, music_store, florist, pizzeria, craft_shop, dentist, cafe, bookstore, noodle_house, toy_store, gym, jewelry_store : 40909
Saved path: bookstore, cafe, dentist, craft_shop, pizzeria, bank, florist, gelateria, bakery, pet_store, bike_shop, salon, toy_store, noodle_house, burger_joint : 43331
Saved path: bookstore, cafe, burger_joint, tech_shop, clothing_store, toy_store, hardware_store, pet_store, bakery, jewelry_store, barber_shop, pharmacy, gelateria, florist, bank : 43701
Saved path: barber_shop, jewelry_store, bakery, pharmacy, music_store, craft_shop, gym, pizzeria, bookstore, cafe, grocery_store, clothing_store, tech_shop, noodle_house, toy_store : 36236
Saved path: pizzeria, bookstore, cafe, dentist, grocery_store, clothing_store, toy_store, noodle_house, burger_joint, jewelry_store, bike_shop, pet_store, bakery, party_store, florist : 46501
Saved path: bike_shop, salon, jewelry_store, pharmacy, music_store, florist, craft_shop, bookstore, burger_joint, noodle_house, tech_shop, clothing_store, toy_store, gym, pet_store : 46872
Saved path: cafe, bookstore, pizzeria, bank, music_store, gelateria, pharmacy, party_store, bakery, barber_shop, jewelry_store, hardware_store, toy_store, clothing_store, tech_shop : 34818
Saved path: bakery, jewelry_store, barber_shop, toy_store, clothing_store, bookstore, burger_joint, hardware_store, gym, pizzeria, craft_shop, bank, music_store, pharmacy, party_store : 37199
Saved path: toy_store, noodle_house, burger_joint, bookstore, cafe, dentist, craft_shop, pizzeria, music_store, pharmacy, barber_shop, bakery, pet_store, hardware_store, gym : 52538
Saved path: florist, pizzeria, bookstore, cafe, clothing_store, noodle_house, toy_store, gym, hardware_store, barber_shop, bakery, salon, party_store, pharmacy, music_store : 37159
Saved path: party_store, bike_shop, bakery, jewelry_store, barber_shop, toy_store, gym, burger_joint, bookstore, cafe, dentist, craft_shop, bank, gelateria, pharmacy : 40878
Saved path: music_store, gelateria, pharmacy, party_store, salon, bakery, jewelry_store, toy_store, noodle_house, tech_shop, clothing_store, cafe, pizzeria, craft_shop, bank : 32304
Saved path: gelateria, pharmacy, party_store, salon, bakery, jewelry_store, barber_shop, toy_store, clothing_store, noodle_house, burger_joint, gym, pizzeria, craft_shop, bank : 33150
Saved path: toy_store, clothing_store, grocery_store, cafe, burger_joint, hardware_store, bakery, bike_shop, salon, pharmacy, music_store, florist, craft_shop, pizzeria, gym : 34408
Saved path: jewelry_store, salon, bike_shop, pet_store, bakery, toy_store, noodle_house, clothing_store, grocery_store, dentist, craft_shop, florist, bank, bookstore, burger_joint : 43650
Saved path: burger_joint, cafe, craft_shop, bank, music_store, gelateria, pharmacy, party_store, bike_shop, bakery, barber_shop, jewelry_store, hardware_store, toy_store, tech_shop : 37752
Saved path: gelateria, music_store, florist, pizzeria, craft_shop, dentist, grocery_store, tech_shop, noodle_house, toy_store, jewelry_store, pet_store, bike_shop, salon, party_store : 47730
Saved path: toy_store, noodle_house, burger_joint, cafe, dentist, bookstore, pizzeria, bank, florist, music_store, party_store, bakery, jewelry_store, hardware_store, gym : 38630
Saved path: music_store, pharmacy, bakery, pet_store, bike_shop, jewelry_store, hardware_store, burger_joint, tech_shop, toy_store, grocery_store, dentist, cafe, bookstore, pizzeria : 50160
Saved path: grocery_store, clothing_store, noodle_house, toy_store, barber_shop, jewelry_store, salon, bakery, pet_store, hardware_store, gym, florist, bank, pizzeria, burger_joint : 40692
Saved path: florist, craft_shop, dentist, grocery_store, clothing_store, tech_shop, noodle_house, toy_store, jewelry_store, bakery, bike_shop, salon, party_store, gelateria, music_store : 37877
Saved path: music_store, gelateria, pharmacy, salon, bike_shop, bakery, jewelry_store, barber_shop, toy_store, tech_shop, cafe, pizzeria, craft_shop, bank, florist : 34483
Saved path: noodle_house, burger_joint, cafe, dentist, pizzeria, music_store, gelateria, pharmacy, salon, bike_shop, pet_store, bakery, barber_shop, toy_store, clothing_store : 50862
Saved path: gym, pizzeria, bookstore, cafe, tech_shop, noodle_house, toy_store, barber_shop, pet_store, bakery, salon, party_store, music_store, florist, bank : 45167
Saved path: pizzeria, gym, burger_joint, cafe, grocery_store, tech_shop, toy_store, barber_shop, jewelry_store, salon, bakery, party_store, pharmacy, gelateria, music_store : 35655
Saved path: pet_store, gym, toy_store, tech_shop, grocery_store, dentist, bookstore, pizzeria, craft_shop, florist, music_store, gelateria, pharmacy, party_store, bakery : 47403
Saved path: dentist, noodle_house, toy_store, gym, hardware_store, jewelry_store, salon, bike_shop, pet_store, bakery, pharmacy, music_store, florist, bank, pizzeria : 49568
Saved path: bank, pizzeria, burger_joint, cafe, grocery_store, tech_shop, toy_store, barber_shop, jewelry_store, party_store, salon, bike_shop, pet_store, bakery, gym : 42577
Saved path: tech_shop, toy_store, barber_shop, bakery, pet_store, bike_shop, salon, pharmacy, florist, gym, pizzeria, bookstore, cafe, dentist, grocery_store : 50711
Saved path: pizzeria, bookstore, grocery_store, clothing_store, tech_shop, noodle_house, toy_store, barber_shop, salon, bakery, pet_store, hardware_store, gym, craft_shop, florist : 40380
Saved path: bank, florist, gelateria, party_store, bike_shop, pet_store, bakery, jewelry_store, barber_shop, toy_store, clothing_store, grocery_store, tech_shop, burger_joint, gym : 44028
Saved path: salon, party_store, pharmacy, florist, craft_shop, cafe, grocery_store, clothing_store, noodle_house, toy_store, barber_shop, jewelry_store, bakery, pet_store, bike_shop : 42078
Saved path: pet_store, bakery, jewelry_store, party_store, pharmacy, gelateria, florist, bank, craft_shop, dentist, cafe, bookstore, burger_joint, gym, hardware_store : 43725
Saved path: pizzeria, bank, music_store, party_store, jewelry_store, bike_shop, pet_store, bakery, burger_joint, tech_shop, noodle_house, toy_store, clothing_store, dentist, craft_shop : 48153
Saved path: bakery, barber_shop, toy_store, clothing_store, grocery_store, dentist, bookstore, pizzeria, bank, music_store, gelateria, party_store, salon, bike_shop, pet_store : 49573
Saved path: barber_shop, jewelry_store, pet_store, bakery, salon, party_store, pharmacy, music_store, bank, dentist, cafe, burger_joint, grocery_store, clothing_store, toy_store : 47553
Saved path: gym, hardware_store, jewelry_store, barber_shop, bakery, salon, party_store, pharmacy, music_store, bank, craft_shop, dentist, bookstore, grocery_store, toy_store : 42248
Saved path: music_store, pharmacy, pet_store, bakery, jewelry_store, barber_shop, toy_store, clothing_store, grocery_store, tech_shop, noodle_house, burger_joint, gym, craft_shop, bank : 45232
Saved path: bakery, burger_joint, tech_shop, toy_store, clothing_store, dentist, bookstore, pizzeria, florist, music_store, gelateria, jewelry_store, salon, bike_shop, pet_store : 50066
Saved path: bookstore, pizzeria, florist, pharmacy, party_store, bike_shop, jewelry_store, hardware_store, gym, burger_joint, tech_shop, noodle_house, toy_store, clothing_store, dentist : 41041
Saved path: music_store, gelateria, bakery, bike_shop, jewelry_store, barber_shop, toy_store, noodle_house, tech_shop, grocery_store, cafe, bookstore, pizzeria, bank, florist : 35579
Saved path: party_store, pharmacy, gelateria, music_store, bank, craft_shop, gym, bookstore, grocery_store, clothing_store, toy_store, barber_shop, pet_store, bakery, salon : 46743
Saved path: barber_shop, bakery, bike_shop, party_store, pharmacy, gelateria, florist, bank, craft_shop, dentist, grocery_store, cafe, bookstore, noodle_house, toy_store : 38809
Saved path: toy_store, clothing_store, grocery_store, tech_shop, bookstore, cafe, dentist, craft_shop, bank, music_store, pharmacy, bakery, pet_store, bike_shop, gym : 48669
Saved path: bakery, bike_shop, jewelry_store, hardware_store, toy_store, noodle_house, tech_shop, burger_joint, bookstore, cafe, dentist, craft_shop, pizzeria, music_store, pharmacy : 39896
Saved path: clothing_store, toy_store, barber_shop, jewelry_store, salon, bike_shop, pet_store, bakery, gym, florist, bank, craft_shop, dentist, bookstore, grocery_store : 45136
Saved path: party_store, pharmacy, gelateria, florist, bank, craft_shop, gym, noodle_house, grocery_store, clothing_store, toy_store, hardware_store, bike_shop, pet_store, bakery : 41561
Saved path: toy_store, clothing_store, dentist, bookstore, pizzeria, craft_shop, florist, music_store, gelateria, pharmacy, salon, bike_shop, hardware_store, burger_joint, tech_shop : 39393
Saved path: toy_store, clothing_store, cafe, dentist, bank, florist, music_store, party_store, bakery, jewelry_store, hardware_store, gym, burger_joint, tech_shop, noodle_house : 38574
Saved path: bookstore, florist, music_store, gelateria, pharmacy, salon, pet_store, bakery, jewelry_store, hardware_store, toy_store, clothing_store, grocery_store, tech_shop, burger_joint : 43761
Saved path: party_store, gelateria, music_store, florist, pizzeria, cafe, grocery_store, toy_store, tech_shop, burger_joint, hardware_store, jewelry_store, salon, bakery, pet_store : 43967
Saved path: music_store, florist, bank, pizzeria, bookstore, grocery_store, toy_store, noodle_house, tech_shop, burger_joint, gym, jewelry_store, salon, bakery, gelateria : 35194
Saved path: tech_shop, noodle_house, toy_store, hardware_store, barber_shop, bakery, pet_store, bike_shop, gelateria, music_store, florist, bank, craft_shop, bookstore, burger_joint : 46582
Saved path: salon, music_store, bank, craft_shop, pizzeria, grocery_store, toy_store, noodle_house, burger_joint, hardware_store, jewelry_store, barber_shop, bakery, pet_store, bike_shop : 47989
Saved path: pizzeria, bookstore, dentist, grocery_store, clothing_store, noodle_house, toy_store, bakery, pet_store, bike_shop, salon, pharmacy, music_store, florist, craft_shop : 46182
Saved path: gelateria, pharmacy, salon, bike_shop, pet_store, burger_joint, tech_shop, noodle_house, toy_store, clothing_store, dentist, bookstore, pizzeria, florist, music_store : 47513
Saved path: dentist, grocery_store, clothing_store, toy_store, gym, hardware_store, pet_store, bakery, pharmacy, florist, bank, craft_shop, pizzeria, bookstore, burger_joint : 45384
Saved path: salon, bakery, barber_shop, jewelry_store, hardware_store, burger_joint, noodle_house, toy_store, clothing_store, dentist, cafe, bookstore, florist, gelateria, party_store : 38943
Saved path: party_store, pharmacy, music_store, gelateria, bank, craft_shop, gym, hardware_store, noodle_house, grocery_store, toy_store, barber_shop, jewelry_store, bike_shop, bakery : 39771
Saved path: bookstore, burger_joint, gym, bank, florist, music_store, bakery, salon, jewelry_store, barber_shop, toy_store, tech_shop, clothing_store, dentist, cafe : 41406
Saved path: bakery, bike_shop, salon, music_store, gelateria, pizzeria, bookstore, cafe, dentist, grocery_store, toy_store, gym, hardware_store, jewelry_store, barber_shop : 45420
Saved path: gym, hardware_store, barber_shop, bakery, salon, party_store, pharmacy, music_store, craft_shop, pizzeria, bookstore, cafe, grocery_store, tech_shop, toy_store : 37464
Saved path: toy_store, clothing_store, grocery_store, dentist, bookstore, pizzeria, craft_shop, music_store, pharmacy, bakery, pet_store, gym, burger_joint, tech_shop, noodle_house : 48028
Saved path: salon, bike_shop, bakery, hardware_store, burger_joint, bookstore, tech_shop, toy_store, clothing_store, grocery_store, dentist, bank, florist, gelateria, pharmacy : 35861
Saved path: barber_shop, bakery, bike_shop, hardware_store, gym, toy_store, noodle_house, clothing_store, bookstore, pizzeria, craft_shop, florist, music_store, pharmacy, party_store : 40383
Saved path: bakery, salon, party_store, pharmacy, gelateria, pizzeria, gym, hardware_store, burger_joint, bookstore, dentist, grocery_store, toy_store, barber_shop, jewelry_store : 41032
Saved path: toy_store, noodle_house, clothing_store, grocery_store, bookstore, pizzeria, craft_shop, bank, pharmacy, party_store, barber_shop, bakery, pet_store, hardware_store, gym : 45302
Saved path: pharmacy, gelateria, bank, pizzeria, craft_shop, dentist, cafe, bookstore, tech_shop, toy_store, gym, hardware_store, pet_store, bakery, party_store : 44301
Saved path: music_store, pharmacy, party_store, salon, bike_shop, bakery, barber_shop, jewelry_store, hardware_store, toy_store, noodle_house, bookstore, cafe, dentist, bank : 41212
Saved path: burger_joint, gym, pizzeria, bank, florist, gelateria, bakery, pet_store, barber_shop, toy_store, noodle_house, clothing_store, grocery_store, dentist, cafe : 49049
Saved path: noodle_house, tech_shop, burger_joint, bakery, bike_shop, jewelry_store, party_store, pharmacy, music_store, florist, bank, craft_shop, cafe, grocery_store, toy_store : 35215
Saved path: dentist, music_store, gelateria, pharmacy, salon, pet_store, bakery, barber_shop, jewelry_store, hardware_store, toy_store, noodle_house, tech_shop, clothing_store, cafe : 50184
Saved path: pizzeria, dentist, cafe, tech_shop, noodle_house, toy_store, gym, jewelry_store, bike_shop, pet_store, bakery, party_store, pharmacy, florist, bank : 46079
Saved path: pizzeria, craft_shop, bank, florist, pharmacy, party_store, salon, bike_shop, pet_store, bakery, gym, toy_store, grocery_store, dentist, bookstore : 45272
Saved path: bookstore, cafe, dentist, grocery_store, clothing_store, tech_shop, noodle_house, toy_store, hardware_store, jewelry_store, bakery, pet_store, bike_shop, music_store, gelateria : 50310
Saved path: pizzeria, craft_shop, bank, florist, music_store, party_store, bike_shop, bakery, barber_shop, hardware_store, toy_store, tech_shop, clothing_store, dentist, bookstore : 43610
Saved path: salon, pharmacy, music_store, gelateria, pizzeria, craft_shop, dentist, burger_joint, tech_shop, toy_store, hardware_store, jewelry_store, barber_shop, bakery, pet_store : 49851
Saved path: bank, florist, music_store, gelateria, pharmacy, salon, bike_shop, bakery, jewelry_store, hardware_store, toy_store, noodle_house, tech_shop, pizzeria, craft_shop : 33523
Saved path: gelateria, pharmacy, party_store, bakery, barber_shop, jewelry_store, hardware_store, toy_store, noodle_house, tech_shop, burger_joint, bookstore, pizzeria, craft_shop, bank : 31249
Saved path: bookstore, bank, florist, music_store, pharmacy, party_store, bike_shop, bakery, barber_shop, jewelry_store, hardware_store, toy_store, clothing_store, tech_shop, burger_joint : 37545
Saved path: clothing_store, grocery_store, bookstore, craft_shop, bank, florist, gelateria, pharmacy, barber_shop, bakery, pet_store, bike_shop, salon, hardware_store, toy_store : 44436
Saved path: hardware_store, gym, toy_store, tech_shop, clothing_store, grocery_store, dentist, bookstore, florist, music_store, gelateria, barber_shop, pet_store, bakery, salon : 54356
Saved path: bakery, pet_store, bike_shop, party_store, pharmacy, florist, pizzeria, dentist, cafe, clothing_store, noodle_house, toy_store, gym, hardware_store, jewelry_store : 48416
Saved path: dentist, grocery_store, clothing_store, toy_store, pet_store, jewelry_store, party_store, pharmacy, gelateria, music_store, florist, craft_shop, pizzeria, bookstore, burger_joint : 48053
Saved path: grocery_store, dentist, cafe, bookstore, pizzeria, gelateria, bakery, pet_store, bike_shop, salon, jewelry_store, hardware_store, gym, toy_store, noodle_house : 49935
Saved path: cafe, dentist, craft_shop, pizzeria, florist, gelateria, music_store, salon, bike_shop, pet_store, bakery, barber_shop, toy_store, clothing_store, tech_shop : 49742
Saved path: florist, bank, pizzeria, cafe, burger_joint, tech_shop, clothing_store, toy_store, hardware_store, bakery, bike_shop, salon, party_store, gelateria, music_store : 33212
Saved path: clothing_store, toy_store, party_store, pet_store, bakery, salon, jewelry_store, hardware_store, gym, bank, craft_shop, dentist, cafe, burger_joint, bookstore : 45843
Saved path: clothing_store, grocery_store, dentist, cafe, bookstore, gelateria, pharmacy, bakery, bike_shop, jewelry_store, hardware_store, gym, toy_store, noodle_house, tech_shop : 41007
Saved path: craft_shop, pizzeria, bookstore, burger_joint, party_store, bakery, bike_shop, jewelry_store, barber_shop, toy_store, noodle_house, tech_shop, clothing_store, cafe, dentist : 35965
Saved path: bike_shop, bakery, barber_shop, jewelry_store, hardware_store, toy_store, tech_shop, bookstore, dentist, craft_shop, pizzeria, bank, florist, pharmacy, party_store : 39291
Saved path: bike_shop, salon, gelateria, music_store, florist, bank, gym, bookstore, dentist, grocery_store, clothing_store, toy_store, barber_shop, bakery, pet_store : 53136
Saved path: noodle_house, toy_store, gym, hardware_store, bike_shop, pet_store, bakery, party_store, pharmacy, gelateria, music_store, florist, bank, bookstore, clothing_store : 44126
Saved path: florist, bank, pizzeria, gym, bike_shop, bakery, barber_shop, toy_store, clothing_store, tech_shop, noodle_house, burger_joint, cafe, dentist, craft_shop : 37012
Saved path: bank, pizzeria, craft_shop, dentist, grocery_store, clothing_store, toy_store, noodle_house, burger_joint, gym, hardware_store, pet_store, bakery, pharmacy, music_store : 46587
Saved path: clothing_store, grocery_store, dentist, cafe, bookstore, pizzeria, bank, music_store, pharmacy, bakery, bike_shop, hardware_store, burger_joint, tech_shop, toy_store : 38107
Saved path: jewelry_store, hardware_store, toy_store, clothing_store, tech_shop, cafe, dentist, craft_shop, pizzeria, bank, pharmacy, salon, bike_shop, pet_store, bakery : 45853
Saved path: noodle_house, toy_store, barber_shop, pet_store, bakery, party_store, pharmacy, music_store, florist, gym, hardware_store, burger_joint, bookstore, cafe, clothing_store : 47583
Saved path: music_store, gelateria, pharmacy, party_store, pet_store, bike_shop, jewelry_store, hardware_store, toy_store, noodle_house, tech_shop, bookstore, dentist, craft_shop, pizzeria : 49189
Saved path: toy_store, tech_shop, grocery_store, cafe, pizzeria, bank, music_store, gelateria, pharmacy, bakery, pet_store, bike_shop, salon, jewelry_store, gym : 45975
Saved path: pet_store, bike_shop, pharmacy, music_store, gelateria, bank, craft_shop, pizzeria, bookstore, cafe, tech_shop, clothing_store, toy_store, barber_shop, bakery : 45552
Saved path: party_store, salon, jewelry_store, hardware_store, gym, toy_store, noodle_house, tech_shop, burger_joint, bookstore, cafe, dentist, craft_shop, music_store, gelateria : 38875
Saved path: clothing_store, cafe, burger_joint, craft_shop, bank, florist, music_store, gelateria, pharmacy, party_store, salon, bakery, barber_shop, hardware_store, toy_store : 36109
Saved path: salon, pet_store, bakery, barber_shop, toy_store, tech_shop, grocery_store, cafe, dentist, craft_shop, bank, pizzeria, gym, hardware_store, party_store : 45587
Saved path: bookstore, burger_joint, gym, bank, florist, pharmacy, party_store, salon, bakery, barber_shop, toy_store, noodle_house, tech_shop, grocery_store, dentist : 38596
Saved path: burger_joint, cafe, bookstore, pizzeria, craft_shop, music_store, gelateria, party_store, bakery, pet_store, bike_shop, jewelry_store, hardware_store, toy_store, tech_shop : 44050
Saved path: bookstore, pizzeria, craft_shop, music_store, pharmacy, party_store, bakery, bike_shop, jewelry_store, hardware_store, gym, toy_store, noodle_house, tech_shop, grocery_store : 37525
Saved path: bike_shop, jewelry_store, gym, toy_store, noodle_house, tech_shop, clothing_store, grocery_store, dentist, bookstore, pizzeria, craft_shop, florist, gelateria, party_store : 40696
Saved path: noodle_house, tech_shop, burger_joint, gym, hardware_store, jewelry_store, bike_shop, bakery, pharmacy, music_store, bookstore, cafe, dentist, clothing_store, toy_store : 43702
Saved path: hardware_store, jewelry_store, barber_shop, bakery, pet_store, bike_shop, party_store, pharmacy, music_store, florist, dentist, cafe, bookstore, tech_shop, toy_store : 50308
Saved path: music_store, gelateria, pharmacy, party_store, bakery, bike_shop, jewelry_store, burger_joint, noodle_house, toy_store, clothing_store, grocery_store, dentist, pizzeria, bank : 39237
Saved path: noodle_house, toy_store, gym, hardware_store, pet_store, bakery, salon, gelateria, florist, bank, craft_shop, pizzeria, bookstore, dentist, clothing_store : 46388
Saved path: jewelry_store, barber_shop, bakery, bike_shop, gelateria, music_store, florist, bank, pizzeria, bookstore, clothing_store, tech_shop, noodle_house, toy_store, hardware_store : 38269
Saved path: music_store, gelateria, bakery, pet_store, bike_shop, salon, jewelry_store, barber_shop, hardware_store, toy_store, noodle_house, grocery_store, cafe, pizzeria, craft_shop : 47939
Saved path: pet_store, bakery, salon, jewelry_store, gym, toy_store, clothing_store, tech_shop, burger_joint, cafe, bookstore, pizzeria, craft_shop, florist, pharmacy : 42823
Saved path: clothing_store, dentist, bookstore, pizzeria, craft_shop, bank, florist, music_store, pharmacy, salon, bakery, pet_store, burger_joint, tech_shop, toy_store : 45719
Saved path: toy_store, hardware_store, jewelry_store, barber_shop, bakery, salon, party_store, pharmacy, florist, bank, pizzeria, craft_shop, dentist, cafe, burger_joint : 35315
Saved path: pizzeria, craft_shop, bank, florist, music_store, gelateria, pharmacy, salon, bike_shop, pet_store, bakery, toy_store, grocery_store, burger_joint, bookstore : 41664
Saved path: burger_joint, gym, pizzeria, florist, music_store, party_store, bike_shop, bakery, barber_shop, toy_store, noodle_house, clothing_store, grocery_store, cafe, bookstore : 39513
Saved path: craft_shop, dentist, bookstore, grocery_store, clothing_store, noodle_house, toy_store, gym, hardware_store, pet_store, bakery, salon, music_store, florist, bank : 48163
Saved path: pizzeria, florist, gelateria, pharmacy, party_store, salon, pet_store, hardware_store, burger_joint, noodle_house, toy_store, grocery_store, dentist, cafe, bookstore : 43955
Saved path: florist, gelateria, pharmacy, salon, bike_shop, bakery, gym, toy_store, burger_joint, bookstore, cafe, grocery_store, dentist, craft_shop, bank : 37538
Saved path: burger_joint, bookstore, cafe, dentist, craft_shop, pizzeria, florist, music_store, gelateria, bakery, pet_store, barber_shop, toy_store, clothing_store, tech_shop : 50082
Saved path: noodle_house, tech_shop, grocery_store, bookstore, burger_joint, hardware_store, gym, florist, music_store, gelateria, bakery, bike_shop, jewelry_store, barber_shop, toy_store : 40915
Saved path: cafe, grocery_store, tech_shop, noodle_house, toy_store, barber_shop, jewelry_store, bakery, salon, music_store, florist, bank, craft_shop, gym, bookstore : 36081
Saved path: dentist, burger_joint, gym, pizzeria, craft_shop, bank, music_store, party_store, salon, pet_store, bakery, barber_shop, toy_store, noodle_house, clothing_store : 52024
Saved path: toy_store, clothing_store, grocery_store, cafe, dentist, craft_shop, hardware_store, jewelry_store, bike_shop, pet_store, bakery, party_store, burger_joint, tech_shop, noodle_house : 43902
Saved path: hardware_store, gym, toy_store, tech_shop, bookstore, cafe, dentist, florist, music_store, gelateria, party_store, salon, bike_shop, bakery, jewelry_store : 41400
Saved path: craft_shop, pizzeria, gym, burger_joint, cafe, grocery_store, noodle_house, toy_store, barber_shop, bakery, pet_store, bike_shop, salon, gelateria, bank : 45925
Saved path: bookstore, grocery_store, toy_store, hardware_store, jewelry_store, barber_shop, bakery, pet_store, bike_shop, salon, pharmacy, gelateria, music_store, bank, craft_shop : 47078
