Saved path: toy_store, gym, hardware_store, salon, bike_shop, pet_store, bakery, barber_shop, pharmacy, florist, bank, pizzeria, dentist, cafe, tech_shop : 49723
Saved path: grocery_store, tech_shop, noodle_house, gym, florist, music_store, gelateria, pharmacy, bakery, pet_store, bike_shop, salon, jewelry_store, barber_shop, toy_store : 46896
Saved path: noodle_house, tech_shop, clothing_store, dentist, craft_shop, music_store, gelateria, party_store, salon, bakery, barber_shop, jewelry_store, hardware_store, gym, toy_store : 41503
Saved path: cafe, dentist, craft_shop, bank, florist, party_store, bike_shop, pet_store, bakery, barber_shop, toy_store, clothing_store, grocery_store, tech_shop, burger_joint : 46737
Saved path: florist, music_store, gelateria, salon, bike_shop, bakery, barber_shop, toy_store, tech_shop, grocery_store, cafe, burger_joint, pizzeria, craft_shop, bank : 37117
Saved path: grocery_store, bookstore, pizzeria, bank, music_store, party_store, salon, pet_store, bakery, barber_shop, hardware_store, gym, burger_joint, noodle_house, toy_store : 48685
Saved path: toy_store, noodle_house, clothing_store, dentist, cafe, burger_joint, gym, hardware_store, pharmacy, gelateria, party_store, bike_shop, bakery, jewelry_store, barber_shop : 42160
Saved path: toy_store, grocery_store, dentist, bookstore, pizzeria, craft_shop, florist, pharmacy, salon, bike_shop, bakery, jewelry_store, gym, burger_joint, tech_shop : 40562
Saved path: pharmacy, party_store, pet_store, bakery, salon, jewelry_store, gym, toy_store, clothing_store, grocery_store, tech_shop, bookstore, pizzeria, florist, music_store : 44040
Saved path: barber_shop, bakery, party_store, pharmacy, music_store, gelateria, bank, gym, burger_joint, bookstore, cafe, dentist, clothing_store, tech_shop, toy_store : 41628
Saved path: noodle_house, toy_store, gym, jewelry_store, bike_shop, bakery, gelateria, florist, bank, craft_shop, dentist, grocery_store, cafe, bookstore, burger_joint : 40497
Saved path: jewelry_store, barber_shop, toy_store, clothing_store, grocery_store, tech_shop, bookstore, bank, music_store, gelateria, party_store, salon, bike_shop, pet_store, bakery : 44884
Saved path: bank, florist, gelateria, pharmacy, party_store, salon, bakery, hardware_store, burger_joint, tech_shop, noodle_house, toy_store, clothing_store, grocery_store, bookstore : 28005
Saved path: jewelry_store, barber_shop, toy_store, noodle_house, tech_shop, bookstore, burger_joint, hardware_store, gym, bank, gelateria, music_store, pharmacy, bakery, pet_store : 46175
Saved path: party_store, gelateria, florist, dentist, grocery_store, burger_joint, tech_shop, noodle_house, toy_store, barber_shop, jewelry_store, salon, bike_shop, pet_store, bakery : 47363
Saved path: pharmacy, gelateria, florist, bank, pizzeria, dentist, cafe, grocery_store, tech_shop, noodle_house, toy_store, hardware_store, salon, bakery, barber_shop : 37329
Saved path: party_store, pharmacy, gelateria, florist, craft_shop, pizzeria, bookstore, grocery_store, clothing_store, toy_store, noodle_house, tech_shop, burger_joint, gym, jewelry_store : 31128
Saved path: noodle_house, tech_shop, grocery_store, cafe, burger_joint, gym, bank, florist, music_store, pharmacy, party_store, salon, bakery, barber_shop, toy_store : 34180
Saved path: hardware_store, burger_joint, cafe, noodle_house, toy_store, barber_shop, bakery, pet_store, bike_shop, salon, party_store, pharmacy, gelateria, craft_shop, gym : 45175
Saved path: pet_store, jewelry_store, gym, burger_joint, noodle_house, toy_store, clothing_store, grocery_store, dentist, bookstore, pizzeria, bank, florist, music_store, bakery : 49860
Saved path: party_store, pharmacy, gelateria, florist, bank, dentist, clothing_store, tech_shop, noodle_house, toy_store, hardware_store, jewelry_store, bakery, pet_store, bike_shop : 45380
Saved path: bank, florist, gym, bakery, pet_store, hardware_store, burger_joint, noodle_house, toy_store, grocery_store, dentist, cafe, bookstore, pizzeria, craft_shop : 41741
Saved path: toy_store, tech_shop, burger_joint, bookstore, cafe, grocery_store, dentist, florist, gelateria, barber_shop, jewelry_store, salon, bakery, pet_store, hardware_store : 49782
Saved path: dentist, grocery_store, clothing_store, tech_shop, noodle_house, toy_store, barber_shop, pet_store, bakery, gelateria, music_store, florist, bank, gym, craft_shop : 50471
Saved path: clothing_store, grocery_store, cafe, dentist, craft_shop, bank, florist, pharmacy, pet_store, bakery, barber_shop, jewelry_store, hardware_store, toy_store, noodle_house : 45931
Saved path: salon, bakery, jewelry_store, gym, toy_store, clothing_store, grocery_store, tech_shop, burger_joint, bookstore, craft_shop, bank, florist, music_store, pharmacy : 34585
Saved path: gym, hardware_store, party_store, salon, bike_shop, pet_store, bakery, barber_shop, toy_store, noodle_house, bookstore, dentist, craft_shop, florist, pizzeria : 49867
Saved path: salon, bakery, barber_shop, toy_store, noodle_house, tech_shop, clothing_store, bookstore, burger_joint, gym, craft_shop, bank, music_store, gelateria, pharmacy : 37172
Saved path: bank, pharmacy, party_store, salon, bakery, barber_shop, hardware_store, burger_joint, toy_store, clothing_store, grocery_store, cafe, dentist, craft_shop, pizzeria : 37177
Saved path: burger_joint, noodle_house, toy_store, grocery_store, cafe, dentist, florist, gelateria, pharmacy, party_store, bakery, pet_store, bike_shop, salon, jewelry_store : 45520
Saved path: craft_shop, dentist, cafe, tech_shop, noodle_house, toy_store, bakery, pet_store, bike_shop, salon, party_store, gelateria, music_store, bank, pizzeria : 44081
Saved path: bakery, pet_store, bike_shop, jewelry_store, hardware_store, gym, burger_joint, noodle_house, clothing_store, bookstore, cafe, dentist, craft_shop, bank, pharmacy : 49091
Saved path: salon, bike_shop, pet_store, hardware_store, gym, burger_joint, tech_shop, noodle_house, toy_store, clothing_store, dentist, craft_shop, pizzeria, florist, party_store : 46237
Saved path: bakery, pet_store, bike_shop, jewelry_store, barber_shop, toy_store, clothing_store, grocery_store, cafe, bookstore, burger_joint, hardware_store, gym, florist, pharmacy : 45958
Saved path: bike_shop, salon, pharmacy, gelateria, music_store, florist, craft_shop, burger_joint, noodle_house, clothing_store, toy_store, hardware_store, jewelry_store, bakery, pet_store : 45508
Saved path: cafe, burger_joint, hardware_store, bakery, pet_store, bike_shop, pharmacy, gelateria, craft_shop, pizzeria, gym, toy_store, noodle_house, tech_shop, grocery_store : 42678
Saved path: florist, music_store, gelateria, pharmacy, pet_store, bakery, salon, jewelry_store, toy_store, noodle_house, tech_shop, grocery_store, cafe, pizzeria, bank : 42148
Saved path: pharmacy, music_store, craft_shop, bookstore, cafe, burger_joint, tech_shop, noodle_house, toy_store, barber_shop, jewelry_store, salon, bike_shop, pet_store, bakery : 43990
Saved path: gym, hardware_store, pharmacy, gelateria, bakery, bike_shop, salon, jewelry_store, barber_shop, toy_store, noodle_house, tech_shop, clothing_store, cafe, burger_joint : 36929
Saved path: bookstore, pizzeria, craft_shop, bank, florist, pharmacy, salon, bakery, jewelry_store, hardware_store, gym, toy_store, clothing_store, dentist, burger_joint : 37905
Saved path: toy_store, barber_shop, bakery, bike_shop, salon, pharmacy, gelateria, florist, gym, burger_joint, cafe, dentist, grocery_store, clothing_store, noodle_house : 40750
Saved path: clothing_store, grocery_store, cafe, bookstore, pizzeria, bank, gelateria, barber_shop, bakery, hardware_store, gym, burger_joint, tech_shop, noodle_house, toy_store : 35867
Saved path: hardware_store, barber_shop, jewelry_store, salon, bakery, gelateria, music_store, florist, pizzeria, bookstore, cafe, dentist, grocery_store, toy_store, gym : 42561
Saved path: clothing_store, tech_shop, noodle_house, toy_store, barber_shop, jewelry_store, salon, bike_shop, pet_store, bakery, music_store, florist, craft_shop, gym, bookstore : 48420
Saved path: hardware_store, jewelry_store, bakery, pet_store, bike_shop, party_store, pharmacy, florist, dentist, cafe, grocery_store, toy_store, noodle_house, burger_joint, gym : 48251
Saved path: toy_store, barber_shop, jewelry_store, pet_store, bakery, party_store, gelateria, florist, gym, pizzeria, craft_shop, dentist, bookstore, tech_shop, noodle_house : 48993
Saved path: pizzeria, bookstore, tech_shop, clothing_store, toy_store, gym, pet_store, bakery, salon, party_store, pharmacy, gelateria, florist, bank, craft_shop : 39391
Saved path: dentist, grocery_store, clothing_store, toy_store, gym, hardware_store, bakery, salon, pharmacy, gelateria, music_store, florist, bank, pizzeria, craft_shop : 35442
Saved path: salon, gelateria, music_store, florist, cafe, burger_joint, tech_shop, clothing_store, toy_store, hardware_store, jewelry_store, barber_shop, bakery, pet_store, bike_shop : 48267
Saved path: jewelry_store, bakery, gelateria, music_store, florist, bank, craft_shop, dentist, grocery_store, clothing_store, toy_store, tech_shop, bookstore, burger_joint, gym : 39659
Saved path: noodle_house, tech_shop, clothing_store, grocery_store, dentist, cafe, bookstore, pizzeria, craft_shop, florist, gelateria, pharmacy, jewelry_store, hardware_store, toy_store : 34085
Saved path: gym, craft_shop, dentist, bookstore, tech_shop, noodle_house, toy_store, barber_shop, jewelry_store, bike_shop, pet_store, bakery, gelateria, florist, bank : 49993
Saved path: music_store, florist, bank, craft_shop, pizzeria, grocery_store, clothing_store, noodle_house, toy_store, gym, bakery, bike_shop, salon, party_store, gelateria : 34721
Saved path: pharmacy, party_store, bakery, bike_shop, jewelry_store, toy_store, noodle_house, grocery_store, cafe, burger_joint, gym, pizzeria, craft_shop, bank, music_store : 37179
Saved path: toy_store, noodle_house, clothing_store, grocery_store, dentist, cafe, bookstore, pizzeria, craft_shop, gym, hardware_store, party_store, bakery, jewelry_store, barber_shop : 33708
Saved path: pizzeria, craft_shop, music_store, pharmacy, jewelry_store, salon, pet_store, bakery, gym, toy_store, clothing_store, grocery_store, dentist, burger_joint, bookstore : 50470
Saved path: bookstore, burger_joint, gym, bank, florist, pharmacy, party_store, salon, bakery, jewelry_store, barber_shop, toy_store, clothing_store, grocery_store, dentist : 37737
Saved path: florist, gelateria, party_store, salon, bike_shop, bakery, barber_shop, toy_store, tech_shop, grocery_store, dentist, burger_joint, hardware_store, gym, pizzeria : 43044
Saved path: cafe, burger_joint, bookstore, bank, gelateria, pharmacy, party_store, bike_shop, bakery, barber_shop, jewelry_store, hardware_store, toy_store, grocery_store, dentist : 41328
Saved path: noodle_house, burger_joint, gym, hardware_store, pet_store, bakery, barber_shop, pharmacy, music_store, florist, craft_shop, pizzeria, bookstore, grocery_store, toy_store : 48703
Saved path: pharmacy, party_store, salon, bike_shop, pet_store, jewelry_store, gym, burger_joint, toy_store, clothing_store, grocery_store, dentist, pizzeria, gelateria, music_store : 50971
Saved path: tech_shop, bookstore, burger_joint, hardware_store, pet_store, bakery, barber_shop, party_store, gelateria, bank, craft_shop, dentist, grocery_store, toy_store, noodle_house : 49194
Saved path: bakery, pet_store, bike_shop, party_store, florist, bank, pizzeria, bookstore, burger_joint, cafe, dentist, clothing_store, noodle_house, toy_store, barber_shop : 48269
Saved path: grocery_store, noodle_house, toy_store, hardware_store, jewelry_store, barber_shop, bakery, bike_shop, party_store, gelateria, music_store, florist, bank, craft_shop, bookstore : 38640
Saved path: bookstore, pizzeria, florist, music_store, pharmacy, bakery, bike_shop, jewelry_store, hardware_store, gym, toy_store, tech_shop, grocery_store, dentist, cafe : 42324
Saved path: jewelry_store, party_store, pharmacy, music_store, pizzeria, dentist, cafe, grocery_store, tech_shop, toy_store, gym, bakery, pet_store, bike_shop, salon : 49965
Saved path: pet_store, bike_shop, hardware_store, toy_store, clothing_store, tech_shop, cafe, dentist, craft_shop, pizzeria, florist, music_store, party_store, barber_shop, bakery : 51498
Saved path: bike_shop, pet_store, gym, burger_joint, noodle_house, toy_store, clothing_store, dentist, bookstore, pizzeria, craft_shop, florist, music_store, party_store, salon : 49579
Saved path: toy_store, noodle_house, tech_shop, grocery_store, bookstore, pizzeria, bank, florist, pharmacy, party_store, barber_shop, bakery, pet_store, hardware_store, gym : 44704
Saved path: barber_shop, toy_store, noodle_house, tech_shop, bookstore, cafe, dentist, burger_joint, gym, florist, music_store, party_store, pet_store, bakery, jewelry_store : 50580
Saved path: salon, bike_shop, jewelry_store, hardware_store, gym, toy_store, noodle_house, dentist, craft_shop, pizzeria, florist, music_store, gelateria, pharmacy, party_store : 41005
Saved path: music_store, pharmacy, bike_shop, bakery, gym, toy_store, noodle_house, tech_shop, clothing_store, grocery_store, cafe, pizzeria, craft_shop, bank, florist : 34292
Saved path: barber_shop, bakery, pet_store, salon, pharmacy, music_store, florist, pizzeria, dentist, burger_joint, tech_shop, toy_store, gym, hardware_store, jewelry_store : 51735
Saved path: gym, music_store, gelateria, pharmacy, salon, bike_shop, pet_store, bakery, barber_shop, toy_store, noodle_house, tech_shop, cafe, bookstore, pizzeria : 47311
Saved path: bookstore, burger_joint, tech_shop, toy_store, barber_shop, jewelry_store, bakery, music_store, gelateria, bank, pizzeria, gym, craft_shop, dentist, cafe : 41426
Saved path: clothing_store, tech_shop, cafe, dentist, pizzeria, florist, gelateria, pharmacy, party_store, salon, bike_shop, jewelry_store, hardware_store, gym, toy_store : 39929
Saved path: gym, pizzeria, craft_shop, bank, music_store, gelateria, pharmacy, pet_store, bakery, barber_shop, toy_store, clothing_store, grocery_store, burger_joint, hardware_store : 47404
Saved path: craft_shop, bank, florist, music_store, pharmacy, barber_shop, bakery, pet_store, hardware_store, toy_store, noodle_house, grocery_store, dentist, bookstore, pizzeria : 50817
Saved path: toy_store, noodle_house, tech_shop, grocery_store, dentist, craft_shop, pizzeria, florist, music_store, gelateria, pharmacy, party_store, salon, bike_shop, hardware_store : 36504
Saved path: hardware_store, toy_store, tech_shop, clothing_store, dentist, bookstore, pizzeria, craft_shop, music_store, gelateria, pharmacy, party_store, bike_shop, bakery, barber_shop : 44364
Saved path: bank, pizzeria, gym, hardware_store, tech_shop, noodle_house, toy_store, barber_shop, bakery, bike_shop, salon, party_store, gelateria, music_store, florist : 37331
Saved path: florist, bank, bookstore, cafe, dentist, grocery_store, clothing_store, toy_store, noodle_house, tech_shop, burger_joint, bakery, salon, pharmacy, gelateria : 32712
Saved path: craft_shop, florist, music_store, gelateria, bakery, pet_store, bike_shop, gym, toy_store, clothing_store, noodle_house, burger_joint, bookstore, cafe, dentist : 49986
Saved path: toy_store, tech_shop, cafe, bookstore, pizzeria, gym, bank, music_store, gelateria, pharmacy, party_store, bike_shop, pet_store, bakery, barber_shop : 47110
Saved path: pharmacy, music_store, florist, burger_joint, cafe, grocery_store, clothing_store, tech_shop, noodle_house, toy_store, barber_shop, bakery, pet_store, bike_shop, party_store : 45682
Saved path: pizzeria, cafe, grocery_store, toy_store, tech_shop, burger_joint, hardware_store, salon, bike_shop, bakery, barber_shop, party_store, gelateria, florist, craft_shop : 36970
Saved path: music_store, pharmacy, bakery, barber_shop, toy_store, noodle_house, tech_shop, clothing_store, cafe, burger_joint, hardware_store, gym, pizzeria, craft_shop, florist : 37111
Saved path: florist, bank, pizzeria, craft_shop, dentist, burger_joint, toy_store, gym, hardware_store, jewelry_store, bakery, pet_store, bike_shop, salon, music_store : 49754
Saved path: burger_joint, tech_shop, noodle_house, toy_store, bakery, bike_shop, salon, jewelry_store, gym, pizzeria, florist, bank, craft_shop, dentist, bookstore : 34926
Saved path: hardware_store, cafe, grocery_store, clothing_store, toy_store, barber_shop, bakery, pet_store, bike_shop, salon, pharmacy, gelateria, bank, craft_shop, gym : 45738
Saved path: gelateria, florist, bank, pizzeria, gym, burger_joint, cafe, dentist, grocery_store, noodle_house, toy_store, barber_shop, jewelry_store, bakery, party_store : 38237
Saved path: pizzeria, craft_shop, bank, gelateria, music_store, bakery, pet_store, gym, burger_joint, noodle_house, toy_store, grocery_store, dentist, cafe, bookstore : 48409
Saved path: tech_shop, noodle_house, toy_store, hardware_store, jewelry_store, barber_shop, bakery, pet_store, party_store, gelateria, music_store, bank, craft_shop, bookstore, clothing_store : 46197
Saved path: pet_store, bike_shop, party_store, gelateria, music_store, florist, craft_shop, pizzeria, cafe, clothing_store, toy_store, noodle_house, burger_joint, hardware_store, bakery : 42986
Saved path: pet_store, bakery, salon, jewelry_store, hardware_store, burger_joint, tech_shop, clothing_store, toy_store, gym, pizzeria, florist, gelateria, pharmacy, party_store : 42512
Saved path: toy_store, noodle_house, tech_shop, burger_joint, bookstore, pizzeria, florist, music_store, gelateria, pharmacy, party_store, salon, bike_shop, bakery, hardware_store : 30975
Saved path: toy_store, barber_shop, jewelry_store, bakery, pet_store, salon, party_store, gelateria, music_store, pizzeria, gym, burger_joint, dentist, grocery_store, noodle_house : 52180
Saved path: dentist, grocery_store, toy_store, barber_shop, bakery, bike_shop, salon, party_store, pharmacy, music_store, florist, bank, pizzeria, bookstore, cafe : 39520
Saved path: jewelry_store, bakery, bike_shop, pharmacy, florist, bank, dentist, cafe, grocery_store, clothing_store, toy_store, noodle_house, tech_shop, burger_joint, hardware_store : 36685
Saved path: toy_store, noodle_house, tech_shop, burger_joint, jewelry_store, bike_shop, pet_store, pharmacy, gelateria, music_store, bookstore, cafe, dentist, grocery_store, clothing_store : 50270
Saved path: toy_store, barber_shop, jewelry_store, salon, bike_shop, bakery, gelateria, florist, craft_shop, pizzeria, bookstore, dentist, grocery_store, tech_shop, noodle_house : 39043
Saved path: pet_store, bakery, salon, hardware_store, burger_joint, tech_shop, noodle_house, toy_store, clothing_store, dentist, craft_shop, pizzeria, florist, music_store, barber_shop : 50608
Saved path: pharmacy, gelateria, music_store, florist, bank, pizzeria, cafe, tech_shop, clothing_store, toy_store, gym, hardware_store, salon, bike_shop, bakery : 35091
Saved path: jewelry_store, hardware_store, toy_store, clothing_store, tech_shop, cafe, bookstore, pizzeria, craft_shop, bank, florist, pharmacy, bakery, pet_store, bike_shop : 41663
Saved path: craft_shop, pizzeria, florist, music_store, gelateria, party_store, salon, bike_shop, bakery, hardware_store, toy_store, noodle_house, tech_shop, clothing_store, dentist : 36892
Saved path: party_store, pharmacy, gelateria, craft_shop, dentist, cafe, bookstore, tech_shop, grocery_store, clothing_store, toy_store, gym, jewelry_store, salon, bike_shop : 40219
Saved path: bookstore, tech_shop, noodle_house, toy_store, clothing_store, grocery_store, dentist, florist, music_store, pharmacy, party_store, bike_shop, jewelry_store, hardware_store, burger_joint : 40691
Saved path: toy_store, noodle_house, tech_shop, clothing_store, grocery_store, cafe, burger_joint, hardware_store, bike_shop, bakery, music_store, florist, bank, pizzeria, gym : 35086
Saved path: bank, pizzeria, bookstore, grocery_store, tech_shop, noodle_house, toy_store, gym, hardware_store, jewelry_store, barber_shop, bakery, bike_shop, salon, music_store : 39972
Saved path: bakery, bike_shop, salon, gelateria, florist, bank, craft_shop, pizzeria, bookstore, cafe, grocery_store, clothing_store, toy_store, noodle_house, burger_joint : 30199
Saved path: toy_store, gym, hardware_store, jewelry_store, salon, bakery, party_store, gelateria, music_store, craft_shop, pizzeria, bookstore, cafe, tech_shop, clothing_store : 35540
Saved path: florist, pizzeria, gym, hardware_store, burger_joint, cafe, clothing_store, toy_store, barber_shop, jewelry_store, pet_store, bakery, party_store, gelateria, music_store : 46850
Saved path: bike_shop, bakery, barber_shop, toy_store, tech_shop, clothing_store, grocery_store, dentist, bookstore, burger_joint, gym, hardware_store, pharmacy, gelateria, music_store : 46430
Saved path: clothing_store, grocery_store, cafe, dentist, pizzeria, bank, music_store, pharmacy, barber_shop, bakery, bike_shop, hardware_store, burger_joint, tech_shop, toy_store : 43052
Saved path: grocery_store, cafe, bookstore, burger_joint, toy_store, barber_shop, jewelry_store, pet_store, bakery, party_store, gym, florist, bank, craft_shop, dentist : 48355
Saved path: florist, gelateria, pharmacy, pet_store, bike_shop, jewelry_store, toy_store, noodle_house, tech_shop, clothing_store, grocery_store, dentist, cafe, bookstore, pizzeria : 46822
Saved path: craft_shop, pizzeria, bookstore, dentist, grocery_store, noodle_house, toy_store, hardware_store, barber_shop, bakery, party_store, pharmacy, gelateria, florist, bank : 38162
Saved path: bookstore, pizzeria, bank, florist, music_store, salon, bakery, barber_shop, jewelry_store, hardware_store, toy_store, tech_shop, burger_joint, cafe, dentist : 39693
Saved path: jewelry_store, hardware_store, gym, toy_store, grocery_store, dentist, bookstore, bank, gelateria, music_store, salon, bike_shop, pet_store, bakery, barber_shop : 54719
Saved path: clothing_store, grocery_store, cafe, pizzeria, florist, gelateria, pharmacy, party_store, salon, bike_shop, bakery, jewelry_store, hardware_store, gym, toy_store : 34223
Saved path: salon, bakery, barber_shop, party_store, gelateria, music_store, florist, bank, dentist, cafe, grocery_store, clothing_store, toy_store, gym, hardware_store : 40826
Saved path: florist, bank, pizzeria, dentist, cafe, grocery_store, toy_store, noodle_house, tech_shop, burger_joint, hardware_store, pet_store, bakery, gelateria, music_store : 45624
Saved path: cafe, bookstore, pizzeria, music_store, pharmacy, salon, bike_shop, pet_store, jewelry_store, hardware_store, burger_joint, tech_shop, noodle_house, toy_store, clothing_store : 44808
Saved path: bank, craft_shop, dentist, cafe, tech_shop, clothing_store, toy_store, gym, hardware_store, jewelry_store, barber_shop, bakery, salon, music_store, gelateria : 41807
Saved path: jewelry_store, hardware_store, toy_store, clothing_store, grocery_store, dentist, bookstore, bank, music_store, gelateria, party_store, salon, bike_shop, pet_store, bakery : 49081
Saved path: pharmacy, gelateria, craft_shop, dentist, grocery_store, clothing_store, toy_store, noodle_house, tech_shop, bookstore, gym, hardware_store, jewelry_store, salon, bakery : 38443
Saved path: salon, bike_shop, bakery, barber_shop, jewelry_store, hardware_store, toy_store, noodle_house, tech_shop, bookstore, dentist, craft_shop, bank, florist, gelateria : 39323
Saved path: pizzeria, bookstore, cafe, burger_joint, tech_shop, clothing_store, toy_store, pet_store, bike_shop, salon, jewelry_store, pharmacy, gelateria, music_store, craft_shop : 44973
Saved path: hardware_store, gym, toy_store, noodle_house, clothing_store, bookstore, cafe, dentist, craft_shop, bank, gelateria, pharmacy, bike_shop, bakery, barber_shop : 43935
Saved path: pet_store, bakery, jewelry_store, barber_shop, toy_store, clothing_store, tech_shop, burger_joint, cafe, bookstore, bank, music_store, gelateria, pharmacy, party_store : 43836
Saved path: bookstore, burger_joint, tech_shop, noodle_house, toy_store, barber_shop, jewelry_store, bike_shop, bakery, party_store, gelateria, florist, bank, dentist, grocery_store : 39568
Saved path: party_store, pharmacy, gelateria, music_store, pizzeria, gym, toy_store, clothing_store, grocery_store, tech_shop, noodle_house, jewelry_store, bakery, pet_store, bike_shop : 46483
Saved path: bakery, jewelry_store, gym, toy_store, noodle_house, tech_shop, bookstore, dentist, craft_shop, bank, music_store, gelateria, party_store, salon, bike_shop : 40757
Saved path: cafe, clothing_store, grocery_store, dentist, bank, florist, music_store, gelateria, pharmacy, bakery, barber_shop, jewelry_store, hardware_store, burger_joint, bookstore : 38882
Saved path: toy_store, noodle_house, tech_shop, clothing_store, cafe, bookstore, burger_joint, gym, pizzeria, florist, gelateria, bakery, pet_store, jewelry_store, barber_shop : 45323
Saved path: gelateria, pharmacy, salon, bakery, hardware_store, gym, burger_joint, tech_shop, toy_store, grocery_store, cafe, bookstore, pizzeria, craft_shop, bank : 30993
Saved path: music_store, gelateria, party_store, salon, bakery, barber_shop, toy_store, clothing_store, tech_shop, noodle_house, burger_joint, cafe, dentist, bank, florist : 38104
Saved path: barber_shop, toy_store, tech_shop, cafe, burger_joint, hardware_store, gym, craft_shop, bank, music_store, gelateria, pharmacy, party_store, bike_shop, bakery : 38317
Saved path: cafe, bookstore, noodle_house, toy_store, gym, hardware_store, jewelry_store, barber_shop, bakery, party_store, pharmacy, gelateria, music_store, craft_shop, dentist : 41212
Saved path: tech_shop, noodle_house, toy_store, clothing_store, grocery_store, cafe, bank, florist, music_store, pharmacy, salon, bakery, pet_store, hardware_store, burger_joint : 40660
Saved path: gym, toy_store, clothing_store, tech_shop, burger_joint, cafe, bookstore, craft_shop, florist, music_store, pharmacy, bakery, bike_shop, jewelry_store, hardware_store : 38405
Saved path: burger_joint, noodle_house, tech_shop, clothing_store, toy_store, bakery, bike_shop, party_store, pharmacy, music_store, gelateria, bank, craft_shop, pizzeria, bookstore : 32934
Saved path: bakery, salon, pharmacy, gelateria, music_store, florist, bank, pizzeria, dentist, burger_joint, noodle_house, clothing_store, toy_store, barber_shop, pet_store : 49472
Saved path: grocery_store, clothing_store, tech_shop, noodle_house, toy_store, gym, jewelry_store, pet_store, bike_shop, party_store, florist, pizzeria, craft_shop, dentist, cafe : 47895
Saved path: bike_shop, salon, party_store, pharmacy, florist, craft_shop, gym, burger_joint, cafe, grocery_store, noodle_house, toy_store, barber_shop, bakery, pet_store : 44247
Saved path: jewelry_store, barber_shop, toy_store, noodle_house, tech_shop, clothing_store, cafe, burger_joint, gym, bank, music_store, pharmacy, bike_shop, pet_store, bakery : 46709
Saved path: noodle_house, toy_store, gym, hardware_store, pet_store, bakery, salon, jewelry_store, barber_shop, pharmacy, gelateria, music_store, florist, dentist, clothing_store : 51946
Saved path: music_store, gelateria, bike_shop, pet_store, bakery, hardware_store, gym, toy_store, noodle_house, tech_shop, clothing_store, cafe, bookstore, craft_shop, florist : 45190
Saved path: salon, bike_shop, bakery, gym, bookstore, tech_shop, noodle_house, toy_store, clothing_store, grocery_store, dentist, craft_shop, florist, music_store, pharmacy : 39588
Saved path: toy_store, noodle_house, tech_shop, grocery_store, dentist, cafe, burger_joint, hardware_store, gym, florist, pharmacy, bakery, bike_shop, jewelry_store, barber_shop : 41569
Saved path: toy_store, noodle_house, tech_shop, bookstore, cafe, grocery_store, dentist, craft_shop, florist, music_store, gelateria, pharmacy, salon, bakery, hardware_store : 35343
Saved path: music_store, gelateria, party_store, salon, bike_shop, pet_store, bakery, hardware_store, gym, toy_store, tech_shop, burger_joint, cafe, bookstore, craft_shop : 43932
Saved path: bakery, salon, party_store, pharmacy, gelateria, music_store, florist, pizzeria, bookstore, cafe, noodle_house, toy_store, gym, hardware_store, barber_shop : 36422
Saved path: bike_shop, bakery, pharmacy, toy_store, clothing_store, grocery_store, dentist, burger_joint, bookstore, pizzeria, craft_shop, gym, hardware_store, jewelry_store, salon : 40567
Saved path: jewelry_store, barber_shop, bakery, salon, party_store, gelateria, florist, dentist, cafe, grocery_store, clothing_store, noodle_house, toy_store, gym, hardware_store : 39089
Saved path: bike_shop, salon, hardware_store, bookstore, bank, craft_shop, dentist, grocery_store, clothing_store, tech_shop, noodle_house, toy_store, barber_shop, bakery, pet_store : 43377
Saved path: pharmacy, party_store, pet_store, bakery, salon, jewelry_store, barber_shop, toy_store, tech_shop, gym, pizzeria, craft_shop, bank, florist, music_store : 43218
Saved path: florist, dentist, grocery_store, cafe, bookstore, burger_joint, noodle_house, toy_store, hardware_store, barber_shop, bakery, pet_store, bike_shop, party_store, gelateria : 51005
Saved path: salon, bakery, jewelry_store, hardware_store, toy_store, noodle_house, clothing_store, grocery_store, cafe, dentist, craft_shop, pizzeria, florist, gelateria, party_store : 34374
Saved path: party_store, gelateria, pizzeria, bookstore, cafe, dentist, clothing_store, tech_shop, noodle_house, toy_store, barber_shop, jewelry_store, bakery, pet_store, bike_shop : 48159
Saved path: gym, florist, gelateria, pharmacy, party_store, salon, bakery, jewelry_store, barber_shop, toy_store, tech_shop, clothing_store, dentist, cafe, bookstore : 39362
Saved path: gelateria, music_store, pizzeria, dentist, grocery_store, clothing_store, toy_store, noodle_house, tech_shop, burger_joint, gym, hardware_store, jewelry_store, pet_store, party_store : 50468
Saved path: noodle_house, tech_shop, grocery_store, dentist, cafe, bookstore, pizzeria, craft_shop, music_store, pharmacy, party_store, pet_store, hardware_store, gym, toy_store : 47699
Saved path: bookstore, burger_joint, hardware_store, gym, pizzeria, music_store, party_store, salon, bakery, barber_shop, toy_store, tech_shop, grocery_store, dentist, cafe : 43578
Saved path: florist, bank, craft_shop, pizzeria, burger_joint, tech_shop, toy_store, hardware_store, jewelry_store, barber_shop, bakery, pet_store, bike_shop, salon, pharmacy : 42982
Saved path: party_store, bakery, pet_store, hardware_store, gym, burger_joint, tech_shop, noodle_house, toy_store, grocery_store, cafe, bookstore, pizzeria, bank, florist : 40123
Saved path: toy_store, noodle_house, grocery_store, dentist, bookstore, pizzeria, craft_shop, bank, pharmacy, salon, bike_shop, bakery, jewelry_store, hardware_store, gym : 40436
Saved path: grocery_store, dentist, burger_joint, bookstore, pizzeria, craft_shop, music_store, gelateria, bakery, pet_store, jewelry_store, barber_shop, toy_store, noodle_house, tech_shop : 50250
Saved path: clothing_store, toy_store, noodle_house, burger_joint, gym, bakery, bike_shop, party_store, pharmacy, gelateria, bank, pizzeria, bookstore, cafe, dentist : 37839
Saved path: music_store, party_store, pet_store, bakery, jewelry_store, barber_shop, toy_store, tech_shop, grocery_store, cafe, hardware_store, gym, craft_shop, bank, florist : 46362
Saved path: hardware_store, jewelry_store, bakery, bike_shop, salon, pharmacy, gelateria, music_store, florist, bank, pizzeria, dentist, grocery_store, toy_store, gym : 41056
Saved path: jewelry_store, barber_shop, toy_store, clothing_store, noodle_house, burger_joint, hardware_store, gym, pizzeria, bank, florist, music_store, pharmacy, bike_shop, bakery : 38965
Saved path: jewelry_store, hardware_store, gym, toy_store, grocery_store, bookstore, pizzeria, bank, florist, music_store, gelateria, party_store, bakery, pet_store, bike_shop : 46164
Saved path: gelateria, pharmacy, pet_store, bakery, jewelry_store, barber_shop, toy_store, noodle_house, clothing_store, grocery_store, dentist, burger_joint, gym, florist, music_store : 50769
Saved path: pizzeria, bookstore, cafe, clothing_store, toy_store, barber_shop, bakery, bike_shop, salon, music_store, gelateria, florist, bank, craft_shop, gym : 39151
Saved path: party_store, bakery, barber_shop, jewelry_store, hardware_store, burger_joint, tech_shop, noodle_house, toy_store, clothing_store, grocery_store, cafe, dentist, bank, florist : 36293
Saved path: dentist, cafe, burger_joint, noodle_house, toy_store, gym, hardware_store, pet_store, salon, party_store, pharmacy, gelateria, florist, pizzeria, craft_shop : 43921
Saved path: bakery, bike_shop, gelateria, florist, bank, dentist, cafe, grocery_store, clothing_store, tech_shop, noodle_house, toy_store, gym, hardware_store, jewelry_store : 39272
Saved path: gelateria, bank, pizzeria, dentist, grocery_store, tech_shop, noodle_house, toy_store, barber_shop, jewelry_store, salon, bakery, pet_store, party_store, pharmacy : 45035
Saved path: pet_store, party_store, pharmacy, music_store, florist, bank, gym, dentist, cafe, grocery_store, tech_shop, toy_store, barber_shop, jewelry_store, bakery : 49698
Saved path: gelateria, music_store, party_store, bakery, pet_store, bike_shop, salon, jewelry_store, barber_shop, toy_store, noodle_house, dentist, craft_shop, pizzeria, gym : 52055
Saved path: gelateria, pharmacy, bike_shop, pet_store, bakery, barber_shop, toy_store, noodle_house, grocery_store, dentist, bookstore, burger_joint, gym, pizzeria, bank : 52432
Saved path: craft_shop, florist, gelateria, pet_store, bakery, salon, jewelry_store, barber_shop, toy_store, clothing_store, tech_shop, noodle_house, burger_joint, cafe, dentist : 46229
Saved path: bank, florist, pizzeria, gym, hardware_store, party_store, bike_shop, bakery, barber_shop, toy_store, noodle_house, clothing_store, grocery_store, cafe, dentist : 40556
Saved path: hardware_store, gym, burger_joint, tech_shop, noodle_house, toy_store, grocery_store, dentist, bank, florist, music_store, pharmacy, bakery, pet_store, bike_shop : 47957
Saved path: tech_shop, noodle_house, toy_store, hardware_store, jewelry_store, barber_shop, bakery, pet_store, bike_shop, salon, party_store, gelateria, dentist, cafe, burger_joint : 47876
Saved path: grocery_store, clothing_store, tech_shop, toy_store, barber_shop, jewelry_store, bike_shop, bakery, pharmacy, gelateria, music_store, bank, craft_shop, bookstore, cafe : 36300
Saved path: grocery_store, tech_shop, toy_store, gym, hardware_store, jewelry_store, pet_store, salon, party_store, florist, craft_shop, pizzeria, bookstore, cafe, dentist : 48141
Saved path: gym, craft_shop, gelateria, pharmacy, salon, bike_shop, bakery, barber_shop, toy_store, noodle_house, clothing_store, grocery_store, cafe, burger_joint, hardware_store : 37367
Saved path: florist, music_store, gelateria, pharmacy, salon, bike_shop, pet_store, bakery, toy_store, noodle_house, grocery_store, cafe, dentist, pizzeria, bank : 45526
Saved path: jewelry_store, barber_shop, toy_store, noodle_house, tech_shop, cafe, bookstore, pizzeria, florist, music_store, gelateria, pharmacy, party_store, bakery, pet_store : 41509
Saved path: craft_shop, florist, music_store, pharmacy, party_store, bakery, bike_shop, jewelry_store, gym, toy_store, noodle_house, tech_shop, clothing_store, bookstore, dentist : 42302
Saved path: bookstore, cafe, dentist, clothing_store, toy_store, noodle_house, burger_joint, hardware_store, jewelry_store, barber_shop, bakery, salon, party_store, florist, bank : 38189
Saved path: grocery_store, dentist, bookstore, pizzeria, florist, gelateria, bike_shop, bakery, barber_shop, hardware_store, gym, burger_joint, noodle_house, toy_store, clothing_store : 44443
Saved path: pizzeria, gym, cafe, grocery_store, tech_shop, noodle_house, toy_store, barber_shop, bakery, pet_store, bike_shop, party_store, pharmacy, gelateria, music_store : 47993
Saved path: barber_shop, toy_store, noodle_house, tech_shop, clothing_store, cafe, dentist, craft_shop, bank, pizzeria, burger_joint, hardware_store, party_store, salon, bakery : 36143
Saved path: bakery, toy_store, noodle_house, tech_shop, burger_joint, cafe, dentist, florist, music_store, pharmacy, party_store, jewelry_store, salon, bike_shop, pet_store : 45919
Saved path: toy_store, noodle_house, tech_shop, clothing_store, bookstore, burger_joint, hardware_store, gym, bank, florist, music_store, gelateria, bakery, jewelry_store, barber_shop : 37705
Saved path: cafe, dentist, pizzeria, florist, music_store, gelateria, bakery, pet_store, bike_shop, salon, gym, burger_joint, noodle_house, toy_store, clothing_store : 48968
Saved path: dentist, grocery_store, tech_shop, toy_store, barber_shop, bakery, salon, pharmacy, florist, craft_shop, pizzeria, gym, hardware_store, burger_joint, cafe : 39982
